[12/04/26 03:23:40][__main__][INFO] - Training script
[12/04/26 03:23:40][__main__][INFO] - The config can be found here: 
RUN_DIR/stage4_1_realdata_e50_b128_d2a/config.json
[12/04/26 03:23:43][lightning_fabric.utilities.seed][INFO] - Seed set to 1234
[12/04/26 03:23:43][__main__][INFO] - Loading the dataloaders
[12/04/26 03:23:47][__main__][INFO] - Loading the model
[12/04/26 03:23:48][__main__][INFO] - Training
[12/04/26 03:23:48][pytorch_lightning.utilities.rank_zero][INFO] - GPU available: True (cuda), used: True
[12/04/26 03:23:48][pytorch_lightning.utilities.rank_zero][INFO] - TPU available: False, using: 0 TPU cores
[12/04/26 03:23:48][pytorch_lightning.utilities.rank_zero][INFO] - HPU available: False, using: 0 HPUs
[12/04/26 03:23:49][pytorch_lightning.accelerators.cuda][INFO] - LOCAL_RANK: 0 - CUDA_VISIBLE_DEVICES: [2]
[12/04/26 03:23:49][pytorch_lightning.callbacks.model_summary][INFO] - 
  | Name                   | Type              | Params | Mode 
---------------------------------------------------------------------
0 | motion_encoder         | ACTORStyleEncoder | 4.8 M  | train
1 | text_encoder           | ACTORStyleEncoder | 4.9 M  | eval 
2 | motion_decoder         | ACTORStyleDecoder | 6.4 M  | eval 
3 | reconstruction_loss_fn | SmoothL1Loss      | 0      | train
4 | latent_loss_fn         | SmoothL1Loss      | 0      | train
5 | event_proj_e           | Linear            | 65.8 K | train
6 | event_proj_t           | Linear            | 65.8 K | train
---------------------------------------------------------------------
1.7 M     Trainable params
14.6 M    Non-trainable params
16.3 M    Total params
65.050    Total estimated model params size (MB)
27        Modules in train mode
199       Modules in eval mode
[12/04/26 03:23:49][src.callback.progress][INFO] - Training started
[12/04/26 03:25:38][src.callback.progress][INFO] - Epoch 0 step 20/192: loss 2.207e+00  global 3.830e+00  evt_align 1.824e+00
[12/04/26 03:27:18][src.callback.progress][INFO] - Epoch 0 step 40/192: loss 2.235e+00  global 3.751e+00  evt_align 1.860e+00
[12/04/26 03:28:51][src.callback.progress][INFO] - Epoch 0 step 60/192: loss 2.221e+00  global 3.746e+00  evt_align 1.846e+00
[12/04/26 03:30:25][src.callback.progress][INFO] - Epoch 0 step 80/192: loss 2.174e+00  global 3.658e+00  evt_align 1.808e+00
[12/04/26 03:31:49][src.callback.progress][INFO] - Epoch 0 step 100/192: loss 2.478e+00  global 3.607e+00  evt_align 2.117e+00
[12/04/26 03:33:14][src.callback.progress][INFO] - Epoch 0 step 120/192: loss 2.305e+00  global 3.399e+00  evt_align 1.965e+00
[12/04/26 03:34:37][src.callback.progress][INFO] - Epoch 0 step 140/192: loss 2.313e+00  global 3.642e+00  evt_align 1.949e+00
[12/04/26 03:35:57][src.callback.progress][INFO] - Epoch 0 step 160/192: loss 2.146e+00  global 3.502e+00  evt_align 1.796e+00
[12/04/26 03:37:13][src.callback.progress][INFO] - Epoch 0 step 180/192: loss 2.113e+00  global 3.408e+00  evt_align 1.772e+00
[12/04/26 03:38:44][src.callback.progress][INFO] - Epoch 0: v_loss 2.644e+00  loss 2.234e+00  v_global 4.142e+00  global 3.625e+00  v_t2m/len 1530  v_t2m/R01 5.03%  v_t2m/R02 6.73%  v_t2m/R03 10.26%  v_t2m/R05 14.57%  v_t2m/R10 20.06%  v_t2m/MedR 93.0%  v_m2t/len 1530  v_m2t/R01 2.22%  v_m2t/R02 2.88%  v_m2t/R03 3.66%  v_m2t/R05 5.15%  v_m2t/R10 7.57%  v_m2t/MedR 229.25%
[12/04/26 03:39:04][src.callback.progress][INFO] - Epoch 1 step 200/192: loss 2.120e+00  global 3.109e+00  evt_align 1.809e+00
[12/04/26 03:39:50][src.callback.progress][INFO] - Epoch 1 step 220/192: loss 2.017e+00  global 3.483e+00  evt_align 1.669e+00
[12/04/26 03:40:34][src.callback.progress][INFO] - Epoch 1 step 240/192: loss 2.224e+00  global 3.419e+00  evt_align 1.882e+00
[12/04/26 03:41:16][src.callback.progress][INFO] - Epoch 1 step 260/192: loss 2.234e+00  global 3.073e+00  evt_align 1.926e+00
[12/04/26 03:41:59][src.callback.progress][INFO] - Epoch 1 step 280/192: loss 2.162e+00  global 3.090e+00  evt_align 1.853e+00
[12/04/26 03:42:41][src.callback.progress][INFO] - Epoch 1 step 300/192: loss 2.125e+00  global 2.866e+00  evt_align 1.839e+00
[12/04/26 03:43:21][src.callback.progress][INFO] - Epoch 1 step 320/192: loss 2.106e+00  global 2.957e+00  evt_align 1.810e+00
[12/04/26 03:44:01][src.callback.progress][INFO] - Epoch 1 step 340/192: loss 2.293e+00  global 2.859e+00  evt_align 2.007e+00
[12/04/26 03:44:38][src.callback.progress][INFO] - Epoch 1 step 360/192: loss 1.961e+00  global 3.066e+00  evt_align 1.654e+00
[12/04/26 03:45:16][src.callback.progress][INFO] - Epoch 1 step 380/192: loss 2.134e+00  global 2.897e+00  evt_align 1.844e+00
[12/04/26 03:45:23][src.callback.progress][INFO] - Epoch 1: v_loss 2.570e+00  loss 2.125e+00  v_global 3.844e+00  global 3.105e+00  v_t2m/len 1530  v_t2m/R01 6.34%  v_t2m/R02 9.07%  v_t2m/R03 12.6%  v_t2m/R05 16.72%  v_t2m/R10 24.25%  v_t2m/MedR 73.0%  v_m2t/len 1530  v_m2t/R01 3.26%  v_m2t/R02 3.78%  v_m2t/R03 5.23%  v_m2t/R05 7.38%  v_m2t/R10 11.36%  v_m2t/MedR 143.5%
[12/04/26 03:45:45][src.callback.progress][INFO] - Epoch 2 step 400/192: loss 2.058e+00  global 2.714e+00  evt_align 1.787e+00
[12/04/26 03:46:16][src.callback.progress][INFO] - Epoch 2 step 420/192: loss 2.023e+00  global 2.880e+00  evt_align 1.735e+00
[12/04/26 03:46:41][src.callback.progress][INFO] - Epoch 2 step 440/192: loss 2.199e+00  global 3.015e+00  evt_align 1.898e+00
[12/04/26 03:47:05][src.callback.progress][INFO] - Epoch 2 step 460/192: loss 2.070e+00  global 2.646e+00  evt_align 1.806e+00
[12/04/26 03:47:30][src.callback.progress][INFO] - Epoch 2 step 480/192: loss 1.993e+00  global 2.603e+00  evt_align 1.732e+00
[12/04/26 03:47:55][src.callback.progress][INFO] - Epoch 2 step 500/192: loss 1.938e+00  global 2.561e+00  evt_align 1.682e+00
[12/04/26 03:48:21][src.callback.progress][INFO] - Epoch 2 step 520/192: loss 2.039e+00  global 2.540e+00  evt_align 1.785e+00
[12/04/26 03:48:44][src.callback.progress][INFO] - Epoch 2 step 540/192: loss 1.967e+00  global 2.697e+00  evt_align 1.698e+00
[12/04/26 03:49:05][src.callback.progress][INFO] - Epoch 2 step 560/192: loss 2.118e+00  global 2.757e+00  evt_align 1.843e+00
[12/04/26 03:49:24][src.callback.progress][INFO] - Epoch 2: v_loss 2.527e+00  loss 2.058e+00  v_global 3.640e+00  global 2.715e+00  v_t2m/len 1530  v_t2m/R01 6.86%  v_t2m/R02 9.8%  v_t2m/R03 13.92%  v_t2m/R05 19.02%  v_t2m/R10 27.05%  v_t2m/MedR 55.0%  v_m2t/len 1530  v_m2t/R01 4.11%  v_m2t/R02 5.28%  v_m2t/R03 8.43%  v_m2t/R05 11.1%  v_m2t/R10 16.34%  v_m2t/MedR 103.25%
[12/04/26 03:49:30][src.callback.progress][INFO] - Epoch 3 step 580/192: loss 2.082e+00  global 2.454e+00  evt_align 1.837e+00
[12/04/26 03:49:48][src.callback.progress][INFO] - Epoch 3 step 600/192: loss 1.909e+00  global 2.534e+00  evt_align 1.655e+00
[12/04/26 03:50:03][src.callback.progress][INFO] - Epoch 3 step 620/192: loss 1.983e+00  global 2.701e+00  evt_align 1.713e+00
[12/04/26 03:50:22][src.callback.progress][INFO] - Epoch 3 step 640/192: loss 2.012e+00  global 2.658e+00  evt_align 1.746e+00
[12/04/26 03:50:37][src.callback.progress][INFO] - Epoch 3 step 660/192: loss 2.032e+00  global 2.436e+00  evt_align 1.789e+00
[12/04/26 03:50:52][src.callback.progress][INFO] - Epoch 3 step 680/192: loss 1.927e+00  global 2.315e+00  evt_align 1.696e+00
[12/04/26 03:51:08][src.callback.progress][INFO] - Epoch 3 step 700/192: loss 1.994e+00  global 2.302e+00  evt_align 1.764e+00
[12/04/26 03:51:22][src.callback.progress][INFO] - Epoch 3 step 720/192: loss 1.944e+00  global 2.238e+00  evt_align 1.720e+00
[12/04/26 03:51:36][src.callback.progress][INFO] - Epoch 3 step 740/192: loss 2.089e+00  global 2.501e+00  evt_align 1.839e+00
[12/04/26 03:51:51][src.callback.progress][INFO] - Epoch 3 step 760/192: loss 1.961e+00  global 2.311e+00  evt_align 1.730e+00
[12/04/26 03:51:57][src.callback.progress][INFO] - Epoch 3: v_loss 2.521e+00  loss 2.008e+00  v_global 3.486e+00  global 2.462e+00  v_t2m/len 1530  v_t2m/R01 7.78%  v_t2m/R02 11.31%  v_t2m/R03 15.56%  v_t2m/R05 21.18%  v_t2m/R10 29.47%  v_t2m/MedR 45.0%  v_m2t/len 1530  v_m2t/R01 5.09%  v_m2t/R02 6.53%  v_m2t/R03 9.86%  v_m2t/R05 13.59%  v_m2t/R10 20.26%  v_m2t/MedR 79.75%
[12/04/26 03:52:05][src.callback.progress][INFO] - Epoch 4 step 780/192: loss 2.018e+00  global 2.248e+00  evt_align 1.793e+00
[12/04/26 03:52:16][src.callback.progress][INFO] - Epoch 4 step 800/192: loss 1.932e+00  global 2.290e+00  evt_align 1.703e+00
[12/04/26 03:52:28][src.callback.progress][INFO] - Epoch 4 step 820/192: loss 2.059e+00  global 2.363e+00  evt_align 1.822e+00
[12/04/26 03:52:38][src.callback.progress][INFO] - Epoch 4 step 840/192: loss 1.952e+00  global 2.404e+00  evt_align 1.712e+00
[12/04/26 03:52:47][src.callback.progress][INFO] - Epoch 4 step 860/192: loss 2.001e+00  global 2.125e+00  evt_align 1.789e+00
[12/04/26 03:52:56][src.callback.progress][INFO] - Epoch 4 step 880/192: loss 2.045e+00  global 2.324e+00  evt_align 1.812e+00
[12/04/26 03:53:05][src.callback.progress][INFO] - Epoch 4 step 900/192: loss 1.977e+00  global 2.287e+00  evt_align 1.748e+00
[12/04/26 03:53:16][src.callback.progress][INFO] - Epoch 4 step 920/192: loss 1.939e+00  global 2.200e+00  evt_align 1.719e+00
[12/04/26 03:53:26][src.callback.progress][INFO] - Epoch 4 step 940/192: loss 1.904e+00  global 2.076e+00  evt_align 1.697e+00
[12/04/26 03:53:34][src.callback.progress][INFO] - Epoch 4 step 960/192: loss 1.835e+00  global 1.937e+00  evt_align 1.642e+00
[12/04/26 03:53:35][src.callback.progress][INFO] - Epoch 4: v_loss 2.467e+00  loss 1.976e+00  v_global 3.357e+00  global 2.267e+00  v_t2m/len 1530  v_t2m/R01 8.68%  v_t2m/R02 12.75%  v_t2m/R03 16.93%  v_t2m/R05 22.15%  v_t2m/R10 30.78%  v_t2m/MedR 40.0%  v_m2t/len 1530  v_m2t/R01 5.75%  v_m2t/R02 7.65%  v_m2t/R03 11.76%  v_m2t/R05 15.94%  v_m2t/R10 22.21%  v_m2t/MedR 66.5%
[12/04/26 03:53:43][src.callback.progress][INFO] - Epoch 5 step 980/192: loss 2.037e+00  global 2.265e+00  evt_align 1.810e+00
[12/04/26 03:53:50][src.callback.progress][INFO] - Epoch 5 step 1000/192: loss 1.892e+00  global 2.181e+00  evt_align 1.674e+00
[12/04/26 03:53:56][src.callback.progress][INFO] - Epoch 5 step 1020/192: loss 2.085e+00  global 2.295e+00  evt_align 1.855e+00
[12/04/26 03:54:03][src.callback.progress][INFO] - Epoch 5 step 1040/192: loss 1.939e+00  global 1.992e+00  evt_align 1.740e+00
[12/04/26 03:54:09][src.callback.progress][INFO] - Epoch 5 step 1060/192: loss 2.013e+00  global 2.117e+00  evt_align 1.801e+00
[12/04/26 03:54:16][src.callback.progress][INFO] - Epoch 5 step 1080/192: loss 1.945e+00  global 2.062e+00  evt_align 1.738e+00
[12/04/26 03:54:23][src.callback.progress][INFO] - Epoch 5 step 1100/192: loss 1.864e+00  global 2.104e+00  evt_align 1.654e+00
[12/04/26 03:54:30][src.callback.progress][INFO] - Epoch 5 step 1120/192: loss 2.129e+00  global 2.077e+00  evt_align 1.921e+00
[12/04/26 03:54:37][src.callback.progress][INFO] - Epoch 5 step 1140/192: loss 2.057e+00  global 2.017e+00  evt_align 1.855e+00
[12/04/26 03:54:41][src.callback.progress][INFO] - Epoch 5: v_loss 2.469e+00  loss 1.942e+00  v_global 3.260e+00  global 2.129e+00  v_t2m/len 1530  v_t2m/R01 9.73%  v_t2m/R02 13.39%  v_t2m/R03 17.64%  v_t2m/R05 23.92%  v_t2m/R10 32.54%  v_t2m/MedR 35.0%  v_m2t/len 1530  v_m2t/R01 6.34%  v_m2t/R02 7.57%  v_m2t/R03 12.15%  v_m2t/R05 16.13%  v_m2t/R10 24.25%  v_m2t/MedR 57.75%
[12/04/26 03:54:44][src.callback.progress][INFO] - Epoch 6 step 1160/192: loss 1.950e+00  global 1.899e+00  evt_align 1.760e+00
[12/04/26 03:54:48][src.callback.progress][INFO] - Epoch 6 step 1180/192: loss 1.857e+00  global 2.056e+00  evt_align 1.652e+00
[12/04/26 03:54:52][src.callback.progress][INFO] - Epoch 6 step 1200/192: loss 1.831e+00  global 2.120e+00  evt_align 1.619e+00
[12/04/26 03:54:57][src.callback.progress][INFO] - Epoch 6 step 1220/192: loss 1.853e+00  global 2.088e+00  evt_align 1.644e+00
[12/04/26 03:55:01][src.callback.progress][INFO] - Epoch 6 step 1240/192: loss 1.887e+00  global 1.900e+00  evt_align 1.697e+00
[12/04/26 03:55:05][src.callback.progress][INFO] - Epoch 6 step 1260/192: loss 1.980e+00  global 2.186e+00  evt_align 1.761e+00
[12/04/26 03:55:10][src.callback.progress][INFO] - Epoch 6 step 1280/192: loss 1.981e+00  global 1.960e+00  evt_align 1.785e+00
[12/04/26 03:55:14][src.callback.progress][INFO] - Epoch 6 step 1300/192: loss 2.069e+00  global 1.884e+00  evt_align 1.881e+00
[12/04/26 03:55:18][src.callback.progress][INFO] - Epoch 6 step 1320/192: loss 2.110e+00  global 1.950e+00  evt_align 1.915e+00
[12/04/26 03:55:23][src.callback.progress][INFO] - Epoch 6 step 1340/192: loss 1.894e+00  global 1.791e+00  evt_align 1.715e+00
[12/04/26 03:55:25][src.callback.progress][INFO] - Epoch 6: v_loss 2.424e+00  loss 1.901e+00  v_global 3.159e+00  global 1.978e+00  v_t2m/len 1530  v_t2m/R01 11.23%  v_t2m/R02 14.84%  v_t2m/R03 19.79%  v_t2m/R05 25.03%  v_t2m/R10 33.99%  v_t2m/MedR 32.0%  v_m2t/len 1530  v_m2t/R01 7.05%  v_m2t/R02 8.68%  v_m2t/R03 13.32%  v_m2t/R05 17.78%  v_m2t/R10 25.1%  v_m2t/MedR 51.25%
[12/04/26 03:55:30][src.callback.progress][INFO] - Epoch 7 step 1360/192: loss 1.903e+00  global 1.834e+00  evt_align 1.719e+00
[12/04/26 03:55:32][src.callback.progress][INFO] - Epoch 7 step 1380/192: loss 2.041e+00  global 1.948e+00  evt_align 1.846e+00
[12/04/26 03:55:36][src.callback.progress][INFO] - Epoch 7 step 1400/192: loss 1.795e+00  global 1.896e+00  evt_align 1.606e+00
[12/04/26 03:55:40][src.callback.progress][INFO] - Epoch 7 step 1420/192: loss 1.678e+00  global 1.952e+00  evt_align 1.483e+00
[12/04/26 03:55:44][src.callback.progress][INFO] - Epoch 7 step 1440/192: loss 1.994e+00  global 1.834e+00  evt_align 1.810e+00
[12/04/26 03:55:48][src.callback.progress][INFO] - Epoch 7 step 1460/192: loss 1.789e+00  global 1.888e+00  evt_align 1.600e+00
[12/04/26 03:55:52][src.callback.progress][INFO] - Epoch 7 step 1480/192: loss 1.882e+00  global 1.949e+00  evt_align 1.687e+00
[12/04/26 03:55:55][src.callback.progress][INFO] - Epoch 7 step 1500/192: loss 1.878e+00  global 1.879e+00  evt_align 1.690e+00
[12/04/26 03:55:59][src.callback.progress][INFO] - Epoch 7 step 1520/192: loss 1.836e+00  global 1.786e+00  evt_align 1.657e+00
[12/04/26 03:56:03][src.callback.progress][INFO] - Epoch 7: v_loss 2.416e+00  loss 1.873e+00  v_global 3.096e+00  global 1.866e+00  v_t2m/len 1530  v_t2m/R01 11.36%  v_t2m/R02 14.84%  v_t2m/R03 20.64%  v_t2m/R05 25.36%  v_t2m/R10 35.36%  v_t2m/MedR 29.0%  v_m2t/len 1530  v_m2t/R01 7.65%  v_m2t/R02 9.8%  v_m2t/R03 14.89%  v_m2t/R05 19.54%  v_m2t/R10 26.6%  v_m2t/MedR 47.5%
[12/04/26 03:56:05][src.callback.progress][INFO] - Epoch 8 step 1540/192: loss 1.890e+00  global 1.953e+00  evt_align 1.694e+00
[12/04/26 03:56:08][src.callback.progress][INFO] - Epoch 8 step 1560/192: loss 1.892e+00  global 1.821e+00  evt_align 1.710e+00
[12/04/26 03:56:11][src.callback.progress][INFO] - Epoch 8 step 1580/192: loss 1.849e+00  global 1.893e+00  evt_align 1.660e+00
[12/04/26 03:56:14][src.callback.progress][INFO] - Epoch 8 step 1600/192: loss 1.863e+00  global 1.822e+00  evt_align 1.680e+00
[12/04/26 03:56:17][src.callback.progress][INFO] - Epoch 8 step 1620/192: loss 1.953e+00  global 1.955e+00  evt_align 1.757e+00
[12/04/26 03:56:20][src.callback.progress][INFO] - Epoch 8 step 1640/192: loss 1.893e+00  global 1.926e+00  evt_align 1.701e+00
[12/04/26 03:56:23][src.callback.progress][INFO] - Epoch 8 step 1660/192: loss 1.908e+00  global 1.586e+00  evt_align 1.749e+00
[12/04/26 03:56:25][src.callback.progress][INFO] - Epoch 8 step 1680/192: loss 1.760e+00  global 1.642e+00  evt_align 1.596e+00
[12/04/26 03:56:28][src.callback.progress][INFO] - Epoch 8 step 1700/192: loss 1.903e+00  global 1.835e+00  evt_align 1.720e+00
[12/04/26 03:56:31][src.callback.progress][INFO] - Epoch 8 step 1720/192: loss 1.806e+00  global 1.889e+00  evt_align 1.618e+00
[12/04/26 03:56:33][src.callback.progress][INFO] - Epoch 8: v_loss 2.374e+00  loss 1.865e+00  v_global 3.024e+00  global 1.778e+00  v_t2m/len 1530  v_t2m/R01 11.5%  v_t2m/R02 15.48%  v_t2m/R03 20.52%  v_t2m/R05 27.05%  v_t2m/R10 36.59%  v_t2m/MedR 27.0%  v_m2t/len 1530  v_m2t/R01 7.25%  v_m2t/R02 10.06%  v_m2t/R03 15.15%  v_m2t/R05 20.97%  v_m2t/R10 27.84%  v_m2t/MedR 41.5%
[12/04/26 03:56:37][src.callback.progress][INFO] - Epoch 9 step 1740/192: loss 1.576e+00  global 1.743e+00  evt_align 1.402e+00
[12/04/26 03:56:40][src.callback.progress][INFO] - Epoch 9 step 1760/192: loss 1.671e+00  global 1.721e+00  evt_align 1.499e+00
[12/04/26 03:56:42][src.callback.progress][INFO] - Epoch 9 step 1780/192: loss 1.787e+00  global 1.572e+00  evt_align 1.630e+00
[12/04/26 03:56:44][src.callback.progress][INFO] - Epoch 9 step 1800/192: loss 1.835e+00  global 1.690e+00  evt_align 1.666e+00
[12/04/26 03:56:46][src.callback.progress][INFO] - Epoch 9 step 1820/192: loss 1.662e+00  global 1.774e+00  evt_align 1.484e+00
[12/04/26 03:56:49][src.callback.progress][INFO] - Epoch 9 step 1840/192: loss 1.914e+00  global 1.688e+00  evt_align 1.745e+00
[12/04/26 03:56:50][src.callback.progress][INFO] - Epoch 9 step 1860/192: loss 1.766e+00  global 1.546e+00  evt_align 1.611e+00
[12/04/26 03:56:53][src.callback.progress][INFO] - Epoch 9 step 1880/192: loss 1.830e+00  global 1.690e+00  evt_align 1.661e+00
[12/04/26 03:56:55][src.callback.progress][INFO] - Epoch 9 step 1900/192: loss 1.831e+00  global 1.683e+00  evt_align 1.663e+00
[12/04/26 03:56:57][src.callback.progress][INFO] - Epoch 9 step 1920/192: loss 1.672e+00  global 1.570e+00  evt_align 1.515e+00
[12/04/26 03:56:58][src.callback.progress][INFO] - Epoch 9: v_loss 2.386e+00  loss 1.846e+00  v_global 2.963e+00  global 1.698e+00  v_t2m/len 1530  v_t2m/R01 12.09%  v_t2m/R02 16.86%  v_t2m/R03 22.35%  v_t2m/R05 27.38%  v_t2m/R10 37.52%  v_t2m/MedR 25.0%  v_m2t/len 1530  v_m2t/R01 8.5%  v_m2t/R02 11.5%  v_m2t/R03 16.27%  v_m2t/R05 21.7%  v_m2t/R10 29.07%  v_m2t/MedR 37.25%
[12/04/26 03:57:02][src.callback.progress][INFO] - Epoch 10 step 1940/192: loss 1.896e+00  global 1.545e+00  evt_align 1.741e+00
[12/04/26 03:57:04][src.callback.progress][INFO] - Epoch 10 step 1960/192: loss 1.918e+00  global 1.691e+00  evt_align 1.749e+00
[12/04/26 03:57:06][src.callback.progress][INFO] - Epoch 10 step 1980/192: loss 1.726e+00  global 1.733e+00  evt_align 1.553e+00
[12/04/26 03:57:08][src.callback.progress][INFO] - Epoch 10 step 2000/192: loss 1.932e+00  global 1.632e+00  evt_align 1.769e+00
[12/04/26 03:57:10][src.callback.progress][INFO] - Epoch 10 step 2020/192: loss 1.773e+00  global 1.819e+00  evt_align 1.591e+00
[12/04/26 03:57:12][src.callback.progress][INFO] - Epoch 10 step 2040/192: loss 1.643e+00  global 1.593e+00  evt_align 1.484e+00
[12/04/26 03:57:14][src.callback.progress][INFO] - Epoch 10 step 2060/192: loss 1.897e+00  global 1.690e+00  evt_align 1.728e+00
[12/04/26 03:57:16][src.callback.progress][INFO] - Epoch 10 step 2080/192: loss 1.826e+00  global 1.602e+00  evt_align 1.666e+00
[12/04/26 03:57:18][src.callback.progress][INFO] - Epoch 10 step 2100/192: loss 1.792e+00  global 1.655e+00  evt_align 1.626e+00
[12/04/26 03:57:20][src.callback.progress][INFO] - Epoch 10: v_loss 2.366e+00  loss 1.809e+00  v_global 2.906e+00  global 1.624e+00  v_t2m/len 1530  v_t2m/R01 12.93%  v_t2m/R02 17.57%  v_t2m/R03 23.59%  v_t2m/R05 28.23%  v_t2m/R10 37.97%  v_t2m/MedR 24.0%  v_m2t/len 1530  v_m2t/R01 9.73%  v_m2t/R02 11.63%  v_m2t/R03 16.54%  v_m2t/R05 21.89%  v_m2t/R10 30.2%  v_m2t/MedR 35.0%
[12/04/26 03:57:23][src.callback.progress][INFO] - Epoch 11 step 2120/192: loss 1.684e+00  global 1.539e+00  evt_align 1.530e+00
[12/04/26 03:57:25][src.callback.progress][INFO] - Epoch 11 step 2140/192: loss 1.774e+00  global 1.702e+00  evt_align 1.604e+00
[12/04/26 03:57:27][src.callback.progress][INFO] - Epoch 11 step 2160/192: loss 1.846e+00  global 1.569e+00  evt_align 1.689e+00
[12/04/26 03:57:29][src.callback.progress][INFO] - Epoch 11 step 2180/192: loss 1.758e+00  global 1.615e+00  evt_align 1.597e+00
[12/04/26 03:57:30][src.callback.progress][INFO] - Epoch 11 step 2200/192: loss 1.688e+00  global 1.518e+00  evt_align 1.536e+00
[12/04/26 03:57:32][src.callback.progress][INFO] - Epoch 11 step 2220/192: loss 1.772e+00  global 1.616e+00  evt_align 1.610e+00
[12/04/26 03:57:34][src.callback.progress][INFO] - Epoch 11 step 2240/192: loss 1.956e+00  global 1.412e+00  evt_align 1.815e+00
[12/04/26 03:57:36][src.callback.progress][INFO] - Epoch 11 step 2260/192: loss 1.845e+00  global 1.761e+00  evt_align 1.669e+00
[12/04/26 03:57:38][src.callback.progress][INFO] - Epoch 11 step 2280/192: loss 2.020e+00  global 1.616e+00  evt_align 1.858e+00
[12/04/26 03:57:39][src.callback.progress][INFO] - Epoch 11 step 2300/192: loss 1.790e+00  global 1.337e+00  evt_align 1.656e+00
[12/04/26 03:57:41][src.callback.progress][INFO] - Epoch 11: v_loss 2.349e+00  loss 1.790e+00  v_global 2.868e+00  global 1.571e+00  v_t2m/len 1530  v_t2m/R01 13.52%  v_t2m/R02 17.84%  v_t2m/R03 23.2%  v_t2m/R05 29.14%  v_t2m/R10 38.63%  v_t2m/MedR 23.0%  v_m2t/len 1530  v_m2t/R01 9.27%  v_m2t/R02 12.02%  v_m2t/R03 17.7%  v_m2t/R05 22.29%  v_m2t/R10 30.38%  v_m2t/MedR 33.5%
[12/04/26 03:57:44][src.callback.progress][INFO] - Epoch 12 step 2320/192: loss 1.771e+00  global 1.505e+00  evt_align 1.620e+00
[12/04/26 03:57:46][src.callback.progress][INFO] - Epoch 12 step 2340/192: loss 1.816e+00  global 1.608e+00  evt_align 1.655e+00
[12/04/26 03:57:47][src.callback.progress][INFO] - Epoch 12 step 2360/192: loss 1.615e+00  global 1.503e+00  evt_align 1.464e+00
[12/04/26 03:57:49][src.callback.progress][INFO] - Epoch 12 step 2380/192: loss 1.838e+00  global 1.412e+00  evt_align 1.697e+00
[12/04/26 03:57:51][src.callback.progress][INFO] - Epoch 12 step 2400/192: loss 1.690e+00  global 1.617e+00  evt_align 1.529e+00
[12/04/26 03:57:52][src.callback.progress][INFO] - Epoch 12 step 2420/192: loss 1.633e+00  global 1.547e+00  evt_align 1.478e+00
[12/04/26 03:57:54][src.callback.progress][INFO] - Epoch 12 step 2440/192: loss 1.806e+00  global 1.563e+00  evt_align 1.650e+00
[12/04/26 03:57:55][src.callback.progress][INFO] - Epoch 12 step 2460/192: loss 1.923e+00  global 1.450e+00  evt_align 1.778e+00
[12/04/26 03:57:57][src.callback.progress][INFO] - Epoch 12 step 2480/192: loss 1.663e+00  global 1.529e+00  evt_align 1.510e+00
[12/04/26 03:57:59][src.callback.progress][INFO] - Epoch 12: v_loss 2.321e+00  loss 1.778e+00  v_global 2.833e+00  global 1.526e+00  v_t2m/len 1530  v_t2m/R01 14.31%  v_t2m/R02 18.43%  v_t2m/R03 23.45%  v_t2m/R05 29.21%  v_t2m/R10 38.88%  v_t2m/MedR 22.5%  v_m2t/len 1530  v_m2t/R01 9.27%  v_m2t/R02 11.82%  v_m2t/R03 16.79%  v_m2t/R05 22.54%  v_m2t/R10 30.78%  v_m2t/MedR 32.5%
[12/04/26 03:58:02][src.callback.progress][INFO] - Epoch 13 step 2500/192: loss 1.630e+00  global 1.400e+00  evt_align 1.490e+00
[12/04/26 03:58:03][src.callback.progress][INFO] - Epoch 13 step 2520/192: loss 1.845e+00  global 1.682e+00  evt_align 1.677e+00
[12/04/26 03:58:05][src.callback.progress][INFO] - Epoch 13 step 2540/192: loss 1.741e+00  global 1.497e+00  evt_align 1.591e+00
[12/04/26 03:58:07][src.callback.progress][INFO] - Epoch 13 step 2560/192: loss 1.594e+00  global 1.447e+00  evt_align 1.449e+00
[12/04/26 03:58:09][src.callback.progress][INFO] - Epoch 13 step 2580/192: loss 1.585e+00  global 1.357e+00  evt_align 1.450e+00
[12/04/26 03:58:11][src.callback.progress][INFO] - Epoch 13 step 2600/192: loss 1.801e+00  global 1.451e+00  evt_align 1.656e+00
[12/04/26 03:58:14][src.callback.progress][INFO] - Epoch 13 step 2620/192: loss 1.795e+00  global 1.498e+00  evt_align 1.645e+00
[12/04/26 03:58:15][src.callback.progress][INFO] - Epoch 13 step 2640/192: loss 1.729e+00  global 1.322e+00  evt_align 1.597e+00
[12/04/26 03:58:17][src.callback.progress][INFO] - Epoch 13 step 2660/192: loss 1.597e+00  global 1.372e+00  evt_align 1.459e+00
[12/04/26 03:58:19][src.callback.progress][INFO] - Epoch 13 step 2680/192: loss 1.860e+00  global 1.401e+00  evt_align 1.720e+00
[12/04/26 03:58:20][src.callback.progress][INFO] - Epoch 13: v_loss 2.315e+00  loss 1.768e+00  v_global 2.791e+00  global 1.479e+00  v_t2m/len 1530  v_t2m/R01 14.11%  v_t2m/R02 18.69%  v_t2m/R03 23.92%  v_t2m/R05 29.4%  v_t2m/R10 39.86%  v_t2m/MedR 21.0%  v_m2t/len 1530  v_m2t/R01 10.59%  v_m2t/R02 12.88%  v_m2t/R03 18.17%  v_m2t/R05 23.59%  v_m2t/R10 31.76%  v_m2t/MedR 30.75%
[12/04/26 03:58:24][src.callback.progress][INFO] - Epoch 14 step 2700/192: loss 1.642e+00  global 1.246e+00  evt_align 1.517e+00
[12/04/26 03:58:25][src.callback.progress][INFO] - Epoch 14 step 2720/192: loss 1.626e+00  global 1.385e+00  evt_align 1.488e+00
[12/04/26 03:58:26][src.callback.progress][INFO] - Epoch 14 step 2740/192: loss 1.792e+00  global 1.513e+00  evt_align 1.641e+00
[12/04/26 03:58:28][src.callback.progress][INFO] - Epoch 14 step 2760/192: loss 1.847e+00  global 1.369e+00  evt_align 1.710e+00
[12/04/26 03:58:29][src.callback.progress][INFO] - Epoch 14 step 2780/192: loss 1.781e+00  global 1.419e+00  evt_align 1.639e+00
[12/04/26 03:58:31][src.callback.progress][INFO] - Epoch 14 step 2800/192: loss 1.801e+00  global 1.453e+00  evt_align 1.656e+00
[12/04/26 03:58:32][src.callback.progress][INFO] - Epoch 14 step 2820/192: loss 1.728e+00  global 1.485e+00  evt_align 1.579e+00
[12/04/26 03:58:34][src.callback.progress][INFO] - Epoch 14 step 2840/192: loss 1.805e+00  global 1.417e+00  evt_align 1.663e+00
[12/04/26 03:58:35][src.callback.progress][INFO] - Epoch 14 step 2860/192: loss 1.615e+00  global 1.421e+00  evt_align 1.473e+00
[12/04/26 03:58:36][src.callback.progress][INFO] - Epoch 14 step 2880/192: loss 1.411e+00  global 1.085e+00  evt_align 1.302e+00
[12/04/26 03:58:37][src.callback.progress][INFO] - Epoch 14: v_loss 2.311e+00  loss 1.756e+00  v_global 2.781e+00  global 1.444e+00  v_t2m/len 1530  v_t2m/R01 13.85%  v_t2m/R02 18.69%  v_t2m/R03 24.84%  v_t2m/R05 29.35%  v_t2m/R10 40.33%  v_t2m/MedR 20.0%  v_m2t/len 1530  v_m2t/R01 10.52%  v_m2t/R02 13.39%  v_m2t/R03 18.69%  v_m2t/R05 23.98%  v_m2t/R10 32.15%  v_m2t/MedR 29.25%
[12/04/26 03:58:40][src.callback.progress][INFO] - Epoch 15 step 2900/192: loss 1.623e+00  global 1.503e+00  evt_align 1.472e+00
[12/04/26 03:58:42][src.callback.progress][INFO] - Epoch 15 step 2920/192: loss 1.640e+00  global 1.256e+00  evt_align 1.514e+00
[12/04/26 03:58:43][src.callback.progress][INFO] - Epoch 15 step 2940/192: loss 1.811e+00  global 1.669e+00  evt_align 1.644e+00
[12/04/26 03:58:45][src.callback.progress][INFO] - Epoch 15 step 2960/192: loss 1.876e+00  global 1.485e+00  evt_align 1.727e+00
[12/04/26 03:58:46][src.callback.progress][INFO] - Epoch 15 step 2980/192: loss 1.735e+00  global 1.431e+00  evt_align 1.592e+00
[12/04/26 03:58:47][src.callback.progress][INFO] - Epoch 15 step 3000/192: loss 1.762e+00  global 1.351e+00  evt_align 1.627e+00
[12/04/26 03:58:49][src.callback.progress][INFO] - Epoch 15 step 3020/192: loss 1.715e+00  global 1.458e+00  evt_align 1.570e+00
[12/04/26 03:58:50][src.callback.progress][INFO] - Epoch 15 step 3040/192: loss 1.574e+00  global 1.396e+00  evt_align 1.435e+00
[12/04/26 03:58:52][src.callback.progress][INFO] - Epoch 15 step 3060/192: loss 1.792e+00  global 1.363e+00  evt_align 1.655e+00
[12/04/26 03:58:53][src.callback.progress][INFO] - Epoch 15: v_loss 2.302e+00  loss 1.749e+00  v_global 2.739e+00  global 1.403e+00  v_t2m/len 1530  v_t2m/R01 14.11%  v_t2m/R02 18.1%  v_t2m/R03 24.18%  v_t2m/R05 29.14%  v_t2m/R10 40.2%  v_t2m/MedR 19.0%  v_m2t/len 1530  v_m2t/R01 10.0%  v_m2t/R02 12.6%  v_m2t/R03 18.29%  v_m2t/R05 23.06%  v_m2t/R10 32.29%  v_m2t/MedR 27.0%
[12/04/26 03:58:56][src.callback.progress][INFO] - Epoch 16 step 3080/192: loss 1.497e+00  global 1.389e+00  evt_align 1.359e+00
[12/04/26 03:58:58][src.callback.progress][INFO] - Epoch 16 step 3100/192: loss 1.724e+00  global 1.272e+00  evt_align 1.597e+00
[12/04/26 03:58:59][src.callback.progress][INFO] - Epoch 16 step 3120/192: loss 1.712e+00  global 1.322e+00  evt_align 1.580e+00
[12/04/26 03:59:00][src.callback.progress][INFO] - Epoch 16 step 3140/192: loss 1.608e+00  global 1.362e+00  evt_align 1.472e+00
[12/04/26 03:59:02][src.callback.progress][INFO] - Epoch 16 step 3160/192: loss 1.830e+00  global 1.379e+00  evt_align 1.692e+00
[12/04/26 03:59:03][src.callback.progress][INFO] - Epoch 16 step 3180/192: loss 1.637e+00  global 1.281e+00  evt_align 1.509e+00
[12/04/26 03:59:05][src.callback.progress][INFO] - Epoch 16 step 3200/192: loss 1.456e+00  global 1.349e+00  evt_align 1.321e+00
[12/04/26 03:59:06][src.callback.progress][INFO] - Epoch 16 step 3220/192: loss 1.822e+00  global 1.372e+00  evt_align 1.685e+00
[12/04/26 03:59:08][src.callback.progress][INFO] - Epoch 16 step 3240/192: loss 1.583e+00  global 1.320e+00  evt_align 1.451e+00
[12/04/26 03:59:09][src.callback.progress][INFO] - Epoch 16 step 3260/192: loss 1.625e+00  global 1.412e+00  evt_align 1.483e+00
[12/04/26 03:59:10][src.callback.progress][INFO] - Epoch 16: v_loss 2.286e+00  loss 1.718e+00  v_global 2.727e+00  global 1.367e+00  v_t2m/len 1530  v_t2m/R01 14.51%  v_t2m/R02 18.62%  v_t2m/R03 25.22%  v_t2m/R05 29.79%  v_t2m/R10 41.31%  v_t2m/MedR 19.0%  v_m2t/len 1530  v_m2t/R01 10.85%  v_m2t/R02 13.32%  v_m2t/R03 19.54%  v_m2t/R05 24.12%  v_m2t/R10 33.27%  v_m2t/MedR 26.5%
[12/04/26 03:59:13][src.callback.progress][INFO] - Epoch 17 step 3280/192: loss 1.612e+00  global 1.364e+00  evt_align 1.476e+00
[12/04/26 03:59:15][src.callback.progress][INFO] - Epoch 17 step 3300/192: loss 1.726e+00  global 1.557e+00  evt_align 1.570e+00
[12/04/26 03:59:16][src.callback.progress][INFO] - Epoch 17 step 3320/192: loss 1.579e+00  global 1.230e+00  evt_align 1.456e+00
[12/04/26 03:59:17][src.callback.progress][INFO] - Epoch 17 step 3340/192: loss 1.737e+00  global 1.343e+00  evt_align 1.603e+00
[12/04/26 03:59:19][src.callback.progress][INFO] - Epoch 17 step 3360/192: loss 1.671e+00  global 1.225e+00  evt_align 1.548e+00
[12/04/26 03:59:20][src.callback.progress][INFO] - Epoch 17 step 3380/192: loss 1.839e+00  global 1.346e+00  evt_align 1.704e+00
[12/04/26 03:59:21][src.callback.progress][INFO] - Epoch 17 step 3400/192: loss 1.771e+00  global 1.325e+00  evt_align 1.638e+00
[12/04/26 03:59:23][src.callback.progress][INFO] - Epoch 17 step 3420/192: loss 1.565e+00  global 1.222e+00  evt_align 1.443e+00
[12/04/26 03:59:24][src.callback.progress][INFO] - Epoch 17 step 3440/192: loss 1.719e+00  global 1.266e+00  evt_align 1.593e+00
[12/04/26 03:59:26][src.callback.progress][INFO] - Epoch 17: v_loss 2.277e+00  loss 1.701e+00  v_global 2.701e+00  global 1.349e+00  v_t2m/len 1530  v_t2m/R01 14.25%  v_t2m/R02 19.21%  v_t2m/R03 25.75%  v_t2m/R05 30.97%  v_t2m/R10 42.15%  v_t2m/MedR 17.0%  v_m2t/len 1530  v_m2t/R01 10.77%  v_m2t/R02 13.46%  v_m2t/R03 19.67%  v_m2t/R05 25.42%  v_m2t/R10 34.11%  v_m2t/MedR 25.5%
[12/04/26 03:59:29][src.callback.progress][INFO] - Epoch 18 step 3460/192: loss 1.728e+00  global 1.399e+00  evt_align 1.588e+00
[12/04/26 03:59:30][src.callback.progress][INFO] - Epoch 18 step 3480/192: loss 1.687e+00  global 1.234e+00  evt_align 1.563e+00
[12/04/26 03:59:31][src.callback.progress][INFO] - Epoch 18 step 3500/192: loss 1.591e+00  global 1.375e+00  evt_align 1.453e+00
[12/04/26 03:59:33][src.callback.progress][INFO] - Epoch 18 step 3520/192: loss 1.914e+00  global 1.279e+00  evt_align 1.787e+00
[12/04/26 03:59:34][src.callback.progress][INFO] - Epoch 18 step 3540/192: loss 1.775e+00  global 1.260e+00  evt_align 1.649e+00
[12/04/26 03:59:35][src.callback.progress][INFO] - Epoch 18 step 3560/192: loss 1.728e+00  global 1.313e+00  evt_align 1.597e+00
[12/04/26 03:59:37][src.callback.progress][INFO] - Epoch 18 step 3580/192: loss 1.593e+00  global 1.481e+00  evt_align 1.445e+00
[12/04/26 03:59:38][src.callback.progress][INFO] - Epoch 18 step 3600/192: loss 1.600e+00  global 1.400e+00  evt_align 1.460e+00
[12/04/26 03:59:40][src.callback.progress][INFO] - Epoch 18 step 3620/192: loss 1.664e+00  global 1.423e+00  evt_align 1.522e+00
[12/04/26 03:59:41][src.callback.progress][INFO] - Epoch 18 step 3640/192: loss 1.706e+00  global 1.171e+00  evt_align 1.589e+00
[12/04/26 03:59:43][src.callback.progress][INFO] - Epoch 18: v_loss 2.284e+00  loss 1.696e+00  v_global 2.673e+00  global 1.325e+00  v_t2m/len 1530  v_t2m/R01 14.84%  v_t2m/R02 18.5%  v_t2m/R03 24.96%  v_t2m/R05 31.76%  v_t2m/R10 42.41%  v_t2m/MedR 17.0%  v_m2t/len 1530  v_m2t/R01 10.26%  v_m2t/R02 12.15%  v_m2t/R03 18.55%  v_m2t/R05 24.37%  v_m2t/R10 34.04%  v_m2t/MedR 25.5%
[12/04/26 03:59:46][src.callback.progress][INFO] - Epoch 19 step 3660/192: loss 1.551e+00  global 1.210e+00  evt_align 1.430e+00
[12/04/26 03:59:47][src.callback.progress][INFO] - Epoch 19 step 3680/192: loss 1.634e+00  global 1.349e+00  evt_align 1.499e+00
[12/04/26 03:59:48][src.callback.progress][INFO] - Epoch 19 step 3700/192: loss 1.723e+00  global 1.237e+00  evt_align 1.599e+00
[12/04/26 03:59:50][src.callback.progress][INFO] - Epoch 19 step 3720/192: loss 1.551e+00  global 1.338e+00  evt_align 1.417e+00
[12/04/26 03:59:51][src.callback.progress][INFO] - Epoch 19 step 3740/192: loss 1.578e+00  global 1.231e+00  evt_align 1.455e+00
[12/04/26 03:59:52][src.callback.progress][INFO] - Epoch 19 step 3760/192: loss 1.730e+00  global 1.277e+00  evt_align 1.603e+00
[12/04/26 03:59:54][src.callback.progress][INFO] - Epoch 19 step 3780/192: loss 1.586e+00  global 1.064e+00  evt_align 1.479e+00
[12/04/26 03:59:55][src.callback.progress][INFO] - Epoch 19 step 3800/192: loss 1.600e+00  global 1.357e+00  evt_align 1.465e+00
[12/04/26 03:59:56][src.callback.progress][INFO] - Epoch 19 step 3820/192: loss 1.778e+00  global 1.331e+00  evt_align 1.644e+00
[12/04/26 03:59:58][src.callback.progress][INFO] - Epoch 19 step 3840/192: loss 1.440e+00  global 1.066e+00  evt_align 1.333e+00
[12/04/26 03:59:59][src.callback.progress][INFO] - Epoch 19: v_loss 2.266e+00  loss 1.685e+00  v_global 2.658e+00  global 1.280e+00  v_t2m/len 1530  v_t2m/R01 15.42%  v_t2m/R02 19.02%  v_t2m/R03 25.42%  v_t2m/R05 31.11%  v_t2m/R10 41.7%  v_t2m/MedR 17.0%  v_m2t/len 1530  v_m2t/R01 11.23%  v_m2t/R02 13.06%  v_m2t/R03 20.12%  v_m2t/R05 25.87%  v_m2t/R10 34.58%  v_m2t/MedR 24.75%
[12/04/26 04:00:02][src.callback.progress][INFO] - Epoch 20 step 3860/192: loss 1.796e+00  global 1.369e+00  evt_align 1.659e+00
[12/04/26 04:00:03][src.callback.progress][INFO] - Epoch 20 step 3880/192: loss 1.765e+00  global 1.237e+00  evt_align 1.641e+00
[12/04/26 04:00:05][src.callback.progress][INFO] - Epoch 20 step 3900/192: loss 1.855e+00  global 1.406e+00  evt_align 1.715e+00
[12/04/26 04:00:06][src.callback.progress][INFO] - Epoch 20 step 3920/192: loss 1.579e+00  global 1.269e+00  evt_align 1.452e+00
[12/04/26 04:00:07][src.callback.progress][INFO] - Epoch 20 step 3940/192: loss 1.696e+00  global 1.336e+00  evt_align 1.562e+00
[12/04/26 04:00:08][src.callback.progress][INFO] - Epoch 20 step 3960/192: loss 1.650e+00  global 1.262e+00  evt_align 1.524e+00
[12/04/26 04:00:10][src.callback.progress][INFO] - Epoch 20 step 3980/192: loss 1.645e+00  global 1.310e+00  evt_align 1.514e+00
[12/04/26 04:00:11][src.callback.progress][INFO] - Epoch 20 step 4000/192: loss 1.667e+00  global 1.217e+00  evt_align 1.545e+00
[12/04/26 04:00:12][src.callback.progress][INFO] - Epoch 20 step 4020/192: loss 1.806e+00  global 1.166e+00  evt_align 1.689e+00
[12/04/26 04:00:14][src.callback.progress][INFO] - Epoch 20: v_loss 2.256e+00  loss 1.678e+00  v_global 2.638e+00  global 1.262e+00  v_t2m/len 1530  v_t2m/R01 15.88%  v_t2m/R02 19.54%  v_t2m/R03 25.48%  v_t2m/R05 30.71%  v_t2m/R10 42.68%  v_t2m/MedR 16.0%  v_m2t/len 1530  v_m2t/R01 11.18%  v_m2t/R02 13.39%  v_m2t/R03 20.92%  v_m2t/R05 25.62%  v_m2t/R10 35.36%  v_m2t/MedR 23.5%
[12/04/26 04:00:17][src.callback.progress][INFO] - Epoch 21 step 4040/192: loss 1.639e+00  global 1.326e+00  evt_align 1.506e+00
[12/04/26 04:00:18][src.callback.progress][INFO] - Epoch 21 step 4060/192: loss 1.642e+00  global 1.239e+00  evt_align 1.518e+00
[12/04/26 04:00:20][src.callback.progress][INFO] - Epoch 21 step 4080/192: loss 1.678e+00  global 1.318e+00  evt_align 1.546e+00
[12/04/26 04:00:21][src.callback.progress][INFO] - Epoch 21 step 4100/192: loss 1.473e+00  global 1.086e+00  evt_align 1.364e+00
[12/04/26 04:00:22][src.callback.progress][INFO] - Epoch 21 step 4120/192: loss 1.642e+00  global 1.116e+00  evt_align 1.531e+00
[12/04/26 04:00:23][src.callback.progress][INFO] - Epoch 21 step 4140/192: loss 1.661e+00  global 1.302e+00  evt_align 1.531e+00
[12/04/26 04:00:25][src.callback.progress][INFO] - Epoch 21 step 4160/192: loss 1.707e+00  global 1.139e+00  evt_align 1.593e+00
[12/04/26 04:00:26][src.callback.progress][INFO] - Epoch 21 step 4180/192: loss 1.638e+00  global 1.278e+00  evt_align 1.511e+00
[12/04/26 04:00:27][src.callback.progress][INFO] - Epoch 21 step 4200/192: loss 1.590e+00  global 1.092e+00  evt_align 1.481e+00
[12/04/26 04:00:28][src.callback.progress][INFO] - Epoch 21 step 4220/192: loss 1.639e+00  global 1.402e+00  evt_align 1.499e+00
[12/04/26 04:00:29][src.callback.progress][INFO] - Epoch 21: v_loss 2.235e+00  loss 1.666e+00  v_global 2.637e+00  global 1.248e+00  v_t2m/len 1530  v_t2m/R01 16.01%  v_t2m/R02 19.4%  v_t2m/R03 24.89%  v_t2m/R05 30.71%  v_t2m/R10 42.88%  v_t2m/MedR 16.0%  v_m2t/len 1530  v_m2t/R01 10.46%  v_m2t/R02 12.47%  v_m2t/R03 19.67%  v_m2t/R05 24.96%  v_m2t/R10 34.63%  v_m2t/MedR 25.5%
[12/04/26 04:00:33][src.callback.progress][INFO] - Epoch 22 step 4240/192: loss 1.910e+00  global 1.086e+00  evt_align 1.802e+00
[12/04/26 04:00:34][src.callback.progress][INFO] - Epoch 22 step 4260/192: loss 1.472e+00  global 1.138e+00  evt_align 1.359e+00
[12/04/26 04:00:35][src.callback.progress][INFO] - Epoch 22 step 4280/192: loss 1.738e+00  global 1.373e+00  evt_align 1.600e+00
[12/04/26 04:00:36][src.callback.progress][INFO] - Epoch 22 step 4300/192: loss 1.676e+00  global 1.120e+00  evt_align 1.564e+00
[12/04/26 04:00:37][src.callback.progress][INFO] - Epoch 22 step 4320/192: loss 1.698e+00  global 1.295e+00  evt_align 1.569e+00
[12/04/26 04:00:39][src.callback.progress][INFO] - Epoch 22 step 4340/192: loss 1.808e+00  global 1.079e+00  evt_align 1.700e+00
[12/04/26 04:00:40][src.callback.progress][INFO] - Epoch 22 step 4360/192: loss 1.626e+00  global 1.341e+00  evt_align 1.491e+00
[12/04/26 04:00:41][src.callback.progress][INFO] - Epoch 22 step 4380/192: loss 1.802e+00  global 1.238e+00  evt_align 1.679e+00
[12/04/26 04:00:43][src.callback.progress][INFO] - Epoch 22 step 4400/192: loss 1.697e+00  global 1.306e+00  evt_align 1.567e+00
[12/04/26 04:00:44][src.callback.progress][INFO] - Epoch 22: v_loss 2.232e+00  loss 1.669e+00  v_global 2.598e+00  global 1.225e+00  v_t2m/len 1530  v_t2m/R01 15.22%  v_t2m/R02 19.21%  v_t2m/R03 25.29%  v_t2m/R05 31.95%  v_t2m/R10 44.04%  v_t2m/MedR 15.0%  v_m2t/len 1530  v_m2t/R01 11.31%  v_m2t/R02 13.27%  v_m2t/R03 19.93%  v_m2t/R05 25.81%  v_m2t/R10 35.61%  v_m2t/MedR 21.5%
[12/04/26 04:00:47][src.callback.progress][INFO] - Epoch 23 step 4420/192: loss 1.631e+00  global 1.129e+00  evt_align 1.518e+00
[12/04/26 04:00:48][src.callback.progress][INFO] - Epoch 23 step 4440/192: loss 1.808e+00  global 1.319e+00  evt_align 1.676e+00
[12/04/26 04:00:50][src.callback.progress][INFO] - Epoch 23 step 4460/192: loss 1.714e+00  global 1.343e+00  evt_align 1.580e+00
[12/04/26 04:00:51][src.callback.progress][INFO] - Epoch 23 step 4480/192: loss 1.522e+00  global 1.213e+00  evt_align 1.400e+00
[12/04/26 04:00:52][src.callback.progress][INFO] - Epoch 23 step 4500/192: loss 1.611e+00  global 1.201e+00  evt_align 1.491e+00
[12/04/26 04:00:53][src.callback.progress][INFO] - Epoch 23 step 4520/192: loss 1.594e+00  global 1.284e+00  evt_align 1.465e+00
[12/04/26 04:00:55][src.callback.progress][INFO] - Epoch 23 step 4540/192: loss 1.492e+00  global 1.217e+00  evt_align 1.370e+00
[12/04/26 04:00:56][src.callback.progress][INFO] - Epoch 23 step 4560/192: loss 1.547e+00  global 1.163e+00  evt_align 1.430e+00
[12/04/26 04:00:57][src.callback.progress][INFO] - Epoch 23 step 4580/192: loss 1.669e+00  global 1.244e+00  evt_align 1.545e+00
[12/04/26 04:00:59][src.callback.progress][INFO] - Epoch 23 step 4600/192: loss 1.736e+00  global 1.240e+00  evt_align 1.612e+00
[12/04/26 04:01:00][src.callback.progress][INFO] - Epoch 23: v_loss 2.220e+00  loss 1.649e+00  v_global 2.599e+00  global 1.215e+00  v_t2m/len 1530  v_t2m/R01 14.77%  v_t2m/R02 18.88%  v_t2m/R03 25.22%  v_t2m/R05 31.7%  v_t2m/R10 42.88%  v_t2m/MedR 16.0%  v_m2t/len 1530  v_m2t/R01 11.18%  v_m2t/R02 13.46%  v_m2t/R03 20.2%  v_m2t/R05 25.87%  v_m2t/R10 34.5%  v_m2t/MedR 24.25%
[12/04/26 04:01:03][src.callback.progress][INFO] - Epoch 24 step 4620/192: loss 1.660e+00  global 1.207e+00  evt_align 1.540e+00
[12/04/26 04:01:04][src.callback.progress][INFO] - Epoch 24 step 4640/192: loss 1.593e+00  global 1.100e+00  evt_align 1.483e+00
[12/04/26 04:01:05][src.callback.progress][INFO] - Epoch 24 step 4660/192: loss 1.705e+00  global 1.281e+00  evt_align 1.577e+00
[12/04/26 04:01:06][src.callback.progress][INFO] - Epoch 24 step 4680/192: loss 1.753e+00  global 1.309e+00  evt_align 1.622e+00
[12/04/26 04:01:08][src.callback.progress][INFO] - Epoch 24 step 4700/192: loss 1.541e+00  global 1.167e+00  evt_align 1.424e+00
[12/04/26 04:01:09][src.callback.progress][INFO] - Epoch 24 step 4720/192: loss 1.688e+00  global 1.202e+00  evt_align 1.567e+00
[12/04/26 04:01:10][src.callback.progress][INFO] - Epoch 24 step 4740/192: loss 1.576e+00  global 1.175e+00  evt_align 1.458e+00
[12/04/26 04:01:12][src.callback.progress][INFO] - Epoch 24 step 4760/192: loss 1.707e+00  global 1.256e+00  evt_align 1.581e+00
[12/04/26 04:01:13][src.callback.progress][INFO] - Epoch 24 step 4780/192: loss 1.461e+00  global 1.048e+00  evt_align 1.356e+00
[12/04/26 04:01:14][src.callback.progress][INFO] - Epoch 24 step 4800/192: loss 1.581e+00  global 1.179e+00  evt_align 1.463e+00
[12/04/26 04:01:15][src.callback.progress][INFO] - Epoch 24: v_loss 2.210e+00  loss 1.643e+00  v_global 2.575e+00  global 1.199e+00  v_t2m/len 1530  v_t2m/R01 15.42%  v_t2m/R02 19.28%  v_t2m/R03 25.62%  v_t2m/R05 32.61%  v_t2m/R10 43.91%  v_t2m/MedR 16.0%  v_m2t/len 1530  v_m2t/R01 11.43%  v_m2t/R02 13.32%  v_m2t/R03 20.52%  v_m2t/R05 26.72%  v_m2t/R10 35.61%  v_m2t/MedR 23.5%
[12/04/26 04:01:19][src.callback.progress][INFO] - Epoch 25 step 4820/192: loss 1.546e+00  global 1.306e+00  evt_align 1.415e+00
[12/04/26 04:01:20][src.callback.progress][INFO] - Epoch 25 step 4840/192: loss 1.618e+00  global 1.093e+00  evt_align 1.508e+00
[12/04/26 04:01:21][src.callback.progress][INFO] - Epoch 25 step 4860/192: loss 1.691e+00  global 1.156e+00  evt_align 1.576e+00
[12/04/26 04:01:23][src.callback.progress][INFO] - Epoch 25 step 4880/192: loss 1.734e+00  global 1.225e+00  evt_align 1.612e+00
[12/04/26 04:01:24][src.callback.progress][INFO] - Epoch 25 step 4900/192: loss 1.696e+00  global 1.196e+00  evt_align 1.576e+00
[12/04/26 04:01:26][src.callback.progress][INFO] - Epoch 25 step 4920/192: loss 1.638e+00  global 1.122e+00  evt_align 1.526e+00
[12/04/26 04:01:27][src.callback.progress][INFO] - Epoch 25 step 4940/192: loss 1.761e+00  global 1.260e+00  evt_align 1.635e+00
[12/04/26 04:01:28][src.callback.progress][INFO] - Epoch 25 step 4960/192: loss 1.621e+00  global 1.082e+00  evt_align 1.513e+00
[12/04/26 04:01:30][src.callback.progress][INFO] - Epoch 25 step 4980/192: loss 1.581e+00  global 1.209e+00  evt_align 1.460e+00
[12/04/26 04:01:31][src.callback.progress][INFO] - Epoch 25: v_loss 2.199e+00  loss 1.642e+00  v_global 2.561e+00  global 1.185e+00  v_t2m/len 1530  v_t2m/R01 14.38%  v_t2m/R02 18.95%  v_t2m/R03 25.42%  v_t2m/R05 33.0%  v_t2m/R10 44.5%  v_t2m/MedR 16.0%  v_m2t/len 1530  v_m2t/R01 11.63%  v_m2t/R02 13.85%  v_m2t/R03 20.64%  v_m2t/R05 27.9%  v_m2t/R10 36.79%  v_m2t/MedR 21.75%
[12/04/26 04:01:34][src.callback.progress][INFO] - Epoch 26 step 5000/192: loss 1.603e+00  global 1.369e+00  evt_align 1.466e+00
[12/04/26 04:01:36][src.callback.progress][INFO] - Epoch 26 step 5020/192: loss 1.657e+00  global 1.218e+00  evt_align 1.535e+00
[12/04/26 04:01:37][src.callback.progress][INFO] - Epoch 26 step 5040/192: loss 1.580e+00  global 1.220e+00  evt_align 1.458e+00
[12/04/26 04:01:38][src.callback.progress][INFO] - Epoch 26 step 5060/192: loss 1.751e+00  global 1.233e+00  evt_align 1.628e+00
[12/04/26 04:01:40][src.callback.progress][INFO] - Epoch 26 step 5080/192: loss 1.467e+00  global 1.239e+00  evt_align 1.343e+00
[12/04/26 04:01:41][src.callback.progress][INFO] - Epoch 26 step 5100/192: loss 1.579e+00  global 1.077e+00  evt_align 1.471e+00
[12/04/26 04:01:42][src.callback.progress][INFO] - Epoch 26 step 5120/192: loss 1.715e+00  global 1.138e+00  evt_align 1.602e+00
[12/04/26 04:01:44][src.callback.progress][INFO] - Epoch 26 step 5140/192: loss 1.596e+00  global 1.176e+00  evt_align 1.479e+00
[12/04/26 04:01:45][src.callback.progress][INFO] - Epoch 26 step 5160/192: loss 1.605e+00  global 1.094e+00  evt_align 1.496e+00
[12/04/26 04:01:46][src.callback.progress][INFO] - Epoch 26 step 5180/192: loss 1.621e+00  global 1.247e+00  evt_align 1.496e+00
[12/04/26 04:01:48][src.callback.progress][INFO] - Epoch 26: v_loss 2.193e+00  loss 1.627e+00  v_global 2.542e+00  global 1.168e+00  v_t2m/len 1530  v_t2m/R01 14.38%  v_t2m/R02 19.07%  v_t2m/R03 25.75%  v_t2m/R05 33.13%  v_t2m/R10 44.11%  v_t2m/MedR 15.0%  v_m2t/len 1530  v_m2t/R01 11.96%  v_m2t/R02 13.65%  v_m2t/R03 20.38%  v_m2t/R05 27.31%  v_m2t/R10 36.27%  v_m2t/MedR 21.5%
[12/04/26 04:01:51][src.callback.progress][INFO] - Epoch 27 step 5200/192: loss 1.656e+00  global 1.382e+00  evt_align 1.518e+00
[12/04/26 04:01:52][src.callback.progress][INFO] - Epoch 27 step 5220/192: loss 1.554e+00  global 1.038e+00  evt_align 1.450e+00
[12/04/26 04:01:54][src.callback.progress][INFO] - Epoch 27 step 5240/192: loss 1.423e+00  global 1.130e+00  evt_align 1.310e+00
[12/04/26 04:01:55][src.callback.progress][INFO] - Epoch 27 step 5260/192: loss 1.431e+00  global 1.249e+00  evt_align 1.306e+00
[12/04/26 04:01:56][src.callback.progress][INFO] - Epoch 27 step 5280/192: loss 1.592e+00  global 1.171e+00  evt_align 1.475e+00
[12/04/26 04:01:58][src.callback.progress][INFO] - Epoch 27 step 5300/192: loss 1.694e+00  global 1.034e+00  evt_align 1.590e+00
[12/04/26 04:01:59][src.callback.progress][INFO] - Epoch 27 step 5320/192: loss 1.632e+00  global 1.164e+00  evt_align 1.516e+00
[12/04/26 04:02:00][src.callback.progress][INFO] - Epoch 27 step 5340/192: loss 1.560e+00  global 1.230e+00  evt_align 1.437e+00
[12/04/26 04:02:01][src.callback.progress][INFO] - Epoch 27 step 5360/192: loss 1.691e+00  global 1.132e+00  evt_align 1.577e+00
[12/04/26 04:02:03][src.callback.progress][INFO] - Epoch 27: v_loss 2.187e+00  loss 1.615e+00  v_global 2.538e+00  global 1.161e+00  v_t2m/len 1530  v_t2m/R01 14.89%  v_t2m/R02 19.07%  v_t2m/R03 25.15%  v_t2m/R05 32.29%  v_t2m/R10 44.84%  v_t2m/MedR 15.0%  v_m2t/len 1530  v_m2t/R01 11.82%  v_m2t/R02 13.72%  v_m2t/R03 19.93%  v_m2t/R05 26.54%  v_m2t/R10 37.38%  v_m2t/MedR 22.0%
[12/04/26 04:02:06][src.callback.progress][INFO] - Epoch 28 step 5380/192: loss 1.375e+00  global 1.209e+00  evt_align 1.254e+00
[12/04/26 04:02:07][src.callback.progress][INFO] - Epoch 28 step 5400/192: loss 1.562e+00  global 1.062e+00  evt_align 1.455e+00
[12/04/26 04:02:08][src.callback.progress][INFO] - Epoch 28 step 5420/192: loss 1.500e+00  global 1.151e+00  evt_align 1.385e+00
[12/04/26 04:02:10][src.callback.progress][INFO] - Epoch 28 step 5440/192: loss 1.505e+00  global 1.094e+00  evt_align 1.395e+00
[12/04/26 04:02:11][src.callback.progress][INFO] - Epoch 28 step 5460/192: loss 1.763e+00  global 1.210e+00  evt_align 1.642e+00
[12/04/26 04:02:12][src.callback.progress][INFO] - Epoch 28 step 5480/192: loss 1.714e+00  global 1.145e+00  evt_align 1.599e+00
[12/04/26 04:02:14][src.callback.progress][INFO] - Epoch 28 step 5500/192: loss 1.725e+00  global 1.220e+00  evt_align 1.603e+00
[12/04/26 04:02:15][src.callback.progress][INFO] - Epoch 28 step 5520/192: loss 1.547e+00  global 9.987e-01  evt_align 1.447e+00
[12/04/26 04:02:16][src.callback.progress][INFO] - Epoch 28 step 5540/192: loss 1.647e+00  global 1.127e+00  evt_align 1.535e+00
[12/04/26 04:02:18][src.callback.progress][INFO] - Epoch 28 step 5560/192: loss 1.459e+00  global 1.108e+00  evt_align 1.349e+00
[12/04/26 04:02:19][src.callback.progress][INFO] - Epoch 28: v_loss 2.183e+00  loss 1.615e+00  v_global 2.520e+00  global 1.135e+00  v_t2m/len 1530  v_t2m/R01 15.1%  v_t2m/R02 19.07%  v_t2m/R03 25.87%  v_t2m/R05 32.15%  v_t2m/R10 44.25%  v_t2m/MedR 16.0%  v_m2t/len 1530  v_m2t/R01 11.96%  v_m2t/R02 13.78%  v_m2t/R03 20.59%  v_m2t/R05 27.12%  v_m2t/R10 36.99%  v_m2t/MedR 21.0%
[12/04/26 04:02:22][src.callback.progress][INFO] - Epoch 29 step 5580/192: loss 1.567e+00  global 9.925e-01  evt_align 1.468e+00
[12/04/26 04:02:23][src.callback.progress][INFO] - Epoch 29 step 5600/192: loss 1.662e+00  global 1.197e+00  evt_align 1.543e+00
[12/04/26 04:02:24][src.callback.progress][INFO] - Epoch 29 step 5620/192: loss 1.586e+00  global 1.139e+00  evt_align 1.472e+00
[12/04/26 04:02:26][src.callback.progress][INFO] - Epoch 29 step 5640/192: loss 1.679e+00  global 1.129e+00  evt_align 1.566e+00
[12/04/26 04:02:27][src.callback.progress][INFO] - Epoch 29 step 5660/192: loss 1.529e+00  global 1.034e+00  evt_align 1.425e+00
[12/04/26 04:02:28][src.callback.progress][INFO] - Epoch 29 step 5680/192: loss 1.688e+00  global 9.662e-01  evt_align 1.592e+00
[12/04/26 04:02:29][src.callback.progress][INFO] - Epoch 29 step 5700/192: loss 1.594e+00  global 1.126e+00  evt_align 1.481e+00
[12/04/26 04:02:31][src.callback.progress][INFO] - Epoch 29 step 5720/192: loss 1.626e+00  global 1.014e+00  evt_align 1.525e+00
[12/04/26 04:02:32][src.callback.progress][INFO] - Epoch 29 step 5740/192: loss 1.512e+00  global 1.144e+00  evt_align 1.398e+00
[12/04/26 04:02:33][src.callback.progress][INFO] - Epoch 29 step 5760/192: loss 1.358e+00  global 8.942e-01  evt_align 1.268e+00
[12/04/26 04:02:34][src.callback.progress][INFO] - Epoch 29: v_loss 2.180e+00  loss 1.601e+00  v_global 2.524e+00  global 1.126e+00  v_t2m/len 1530  v_t2m/R01 14.57%  v_t2m/R02 19.07%  v_t2m/R03 25.42%  v_t2m/R05 31.44%  v_t2m/R10 44.43%  v_t2m/MedR 14.0%  v_m2t/len 1530  v_m2t/R01 11.89%  v_m2t/R02 13.59%  v_m2t/R03 20.64%  v_m2t/R05 26.67%  v_m2t/R10 37.77%  v_m2t/MedR 20.25%
[12/04/26 04:02:38][src.callback.progress][INFO] - Epoch 30 step 5780/192: loss 1.613e+00  global 1.109e+00  evt_align 1.502e+00
[12/04/26 04:02:39][src.callback.progress][INFO] - Epoch 30 step 5800/192: loss 1.658e+00  global 1.086e+00  evt_align 1.549e+00
[12/04/26 04:02:41][src.callback.progress][INFO] - Epoch 30 step 5820/192: loss 1.802e+00  global 1.236e+00  evt_align 1.678e+00
[12/04/26 04:02:42][src.callback.progress][INFO] - Epoch 30 step 5840/192: loss 1.590e+00  global 1.190e+00  evt_align 1.472e+00
[12/04/26 04:02:43][src.callback.progress][INFO] - Epoch 30 step 5860/192: loss 1.509e+00  global 1.261e+00  evt_align 1.382e+00
[12/04/26 04:02:44][src.callback.progress][INFO] - Epoch 30 step 5880/192: loss 1.767e+00  global 1.117e+00  evt_align 1.655e+00
[12/04/26 04:02:46][src.callback.progress][INFO] - Epoch 30 step 5900/192: loss 1.482e+00  global 1.066e+00  evt_align 1.375e+00
[12/04/26 04:02:47][src.callback.progress][INFO] - Epoch 30 step 5920/192: loss 1.654e+00  global 1.025e+00  evt_align 1.551e+00
[12/04/26 04:02:48][src.callback.progress][INFO] - Epoch 30 step 5940/192: loss 1.612e+00  global 1.083e+00  evt_align 1.504e+00
[12/04/26 04:02:50][src.callback.progress][INFO] - Epoch 30: v_loss 2.174e+00  loss 1.594e+00  v_global 2.517e+00  global 1.116e+00  v_t2m/len 1530  v_t2m/R01 15.1%  v_t2m/R02 18.17%  v_t2m/R03 25.1%  v_t2m/R05 32.93%  v_t2m/R10 44.63%  v_t2m/MedR 15.0%  v_m2t/len 1530  v_m2t/R01 11.1%  v_m2t/R02 13.19%  v_m2t/R03 19.87%  v_m2t/R05 26.72%  v_m2t/R10 36.99%  v_m2t/MedR 21.0%
[12/04/26 04:02:52][src.callback.progress][INFO] - Epoch 31 step 5960/192: loss 1.446e+00  global 1.032e+00  evt_align 1.343e+00
[12/04/26 04:02:53][src.callback.progress][INFO] - Epoch 31 step 5980/192: loss 1.761e+00  global 1.023e+00  evt_align 1.658e+00
[12/04/26 04:02:55][src.callback.progress][INFO] - Epoch 31 step 6000/192: loss 1.594e+00  global 1.037e+00  evt_align 1.490e+00
[12/04/26 04:02:56][src.callback.progress][INFO] - Epoch 31 step 6020/192: loss 1.459e+00  global 1.147e+00  evt_align 1.344e+00
[12/04/26 04:02:57][src.callback.progress][INFO] - Epoch 31 step 6040/192: loss 1.569e+00  global 1.074e+00  evt_align 1.462e+00
[12/04/26 04:02:59][src.callback.progress][INFO] - Epoch 31 step 6060/192: loss 1.389e+00  global 1.020e+00  evt_align 1.287e+00
[12/04/26 04:03:00][src.callback.progress][INFO] - Epoch 31 step 6080/192: loss 1.587e+00  global 1.018e+00  evt_align 1.485e+00
[12/04/26 04:03:01][src.callback.progress][INFO] - Epoch 31 step 6100/192: loss 1.472e+00  global 1.077e+00  evt_align 1.364e+00
[12/04/26 04:03:03][src.callback.progress][INFO] - Epoch 31 step 6120/192: loss 1.474e+00  global 9.467e-01  evt_align 1.379e+00
[12/04/26 04:03:04][src.callback.progress][INFO] - Epoch 31 step 6140/192: loss 1.584e+00  global 9.430e-01  evt_align 1.490e+00
[12/04/26 04:03:05][src.callback.progress][INFO] - Epoch 31: v_loss 2.166e+00  loss 1.591e+00  v_global 2.495e+00  global 1.102e+00  v_t2m/len 1530  v_t2m/R01 15.81%  v_t2m/R02 18.95%  v_t2m/R03 24.89%  v_t2m/R05 33.52%  v_t2m/R10 44.58%  v_t2m/MedR 14.0%  v_m2t/len 1530  v_m2t/R01 11.69%  v_m2t/R02 14.25%  v_m2t/R03 21.3%  v_m2t/R05 27.57%  v_m2t/R10 38.24%  v_m2t/MedR 18.75%
[12/04/26 04:03:08][src.callback.progress][INFO] - Epoch 32 step 6160/192: loss 1.512e+00  global 9.739e-01  evt_align 1.415e+00
[12/04/26 04:03:09][src.callback.progress][INFO] - Epoch 32 step 6180/192: loss 1.679e+00  global 1.134e+00  evt_align 1.566e+00
[12/04/26 04:03:11][src.callback.progress][INFO] - Epoch 32 step 6200/192: loss 1.629e+00  global 1.019e+00  evt_align 1.527e+00
[12/04/26 04:03:12][src.callback.progress][INFO] - Epoch 32 step 6220/192: loss 1.548e+00  global 1.009e+00  evt_align 1.447e+00
[12/04/26 04:03:14][src.callback.progress][INFO] - Epoch 32 step 6240/192: loss 1.620e+00  global 1.003e+00  evt_align 1.520e+00
[12/04/26 04:03:15][src.callback.progress][INFO] - Epoch 32 step 6260/192: loss 1.508e+00  global 9.886e-01  evt_align 1.409e+00
[12/04/26 04:03:16][src.callback.progress][INFO] - Epoch 32 step 6280/192: loss 1.337e+00  global 1.120e+00  evt_align 1.225e+00
[12/04/26 04:03:18][src.callback.progress][INFO] - Epoch 32 step 6300/192: loss 1.559e+00  global 1.060e+00  evt_align 1.453e+00
[12/04/26 04:03:19][src.callback.progress][INFO] - Epoch 32 step 6320/192: loss 1.640e+00  global 9.724e-01  evt_align 1.543e+00
[12/04/26 04:03:21][src.callback.progress][INFO] - Epoch 32: v_loss 2.146e+00  loss 1.574e+00  v_global 2.484e+00  global 1.091e+00  v_t2m/len 1530  v_t2m/R01 14.89%  v_t2m/R02 19.61%  v_t2m/R03 25.22%  v_t2m/R05 32.88%  v_t2m/R10 44.25%  v_t2m/MedR 14.0%  v_m2t/len 1530  v_m2t/R01 12.28%  v_m2t/R02 14.31%  v_m2t/R03 21.11%  v_m2t/R05 27.31%  v_m2t/R10 37.31%  v_m2t/MedR 20.0%
[12/04/26 04:03:24][src.callback.progress][INFO] - Epoch 33 step 6340/192: loss 1.580e+00  global 1.098e+00  evt_align 1.470e+00
[12/04/26 04:03:25][src.callback.progress][INFO] - Epoch 33 step 6360/192: loss 1.748e+00  global 1.086e+00  evt_align 1.639e+00
[12/04/26 04:03:26][src.callback.progress][INFO] - Epoch 33 step 6380/192: loss 1.543e+00  global 1.153e+00  evt_align 1.428e+00
[12/04/26 04:03:28][src.callback.progress][INFO] - Epoch 33 step 6400/192: loss 1.528e+00  global 1.007e+00  evt_align 1.427e+00
[12/04/26 04:03:29][src.callback.progress][INFO] - Epoch 33 step 6420/192: loss 1.535e+00  global 1.096e+00  evt_align 1.426e+00
[12/04/26 04:03:30][src.callback.progress][INFO] - Epoch 33 step 6440/192: loss 1.615e+00  global 1.012e+00  evt_align 1.514e+00
[12/04/26 04:03:32][src.callback.progress][INFO] - Epoch 33 step 6460/192: loss 1.550e+00  global 1.156e+00  evt_align 1.435e+00
[12/04/26 04:03:33][src.callback.progress][INFO] - Epoch 33 step 6480/192: loss 1.586e+00  global 9.390e-01  evt_align 1.492e+00
[12/04/26 04:03:34][src.callback.progress][INFO] - Epoch 33 step 6500/192: loss 1.763e+00  global 1.130e+00  evt_align 1.650e+00
[12/04/26 04:03:36][src.callback.progress][INFO] - Epoch 33 step 6520/192: loss 1.574e+00  global 1.103e+00  evt_align 1.463e+00
[12/04/26 04:03:37][src.callback.progress][INFO] - Epoch 33: v_loss 2.147e+00  loss 1.567e+00  v_global 2.487e+00  global 1.080e+00  v_t2m/len 1530  v_t2m/R01 15.15%  v_t2m/R02 19.47%  v_t2m/R03 25.75%  v_t2m/R05 32.54%  v_t2m/R10 44.43%  v_t2m/MedR 14.0%  v_m2t/len 1530  v_m2t/R01 12.22%  v_m2t/R02 14.64%  v_m2t/R03 21.11%  v_m2t/R05 26.79%  v_m2t/R10 37.9%  v_m2t/MedR 19.5%
[12/04/26 04:03:40][src.callback.progress][INFO] - Epoch 34 step 6540/192: loss 1.477e+00  global 1.110e+00  evt_align 1.366e+00
[12/04/26 04:03:41][src.callback.progress][INFO] - Epoch 34 step 6560/192: loss 1.439e+00  global 1.077e+00  evt_align 1.332e+00
[12/04/26 04:03:43][src.callback.progress][INFO] - Epoch 34 step 6580/192: loss 1.651e+00  global 1.127e+00  evt_align 1.538e+00
[12/04/26 04:03:44][src.callback.progress][INFO] - Epoch 34 step 6600/192: loss 1.490e+00  global 1.075e+00  evt_align 1.383e+00
[12/04/26 04:03:45][src.callback.progress][INFO] - Epoch 34 step 6620/192: loss 1.663e+00  global 1.065e+00  evt_align 1.557e+00
[12/04/26 04:03:47][src.callback.progress][INFO] - Epoch 34 step 6640/192: loss 1.590e+00  global 9.844e-01  evt_align 1.492e+00
[12/04/26 04:03:48][src.callback.progress][INFO] - Epoch 34 step 6660/192: loss 1.598e+00  global 1.066e+00  evt_align 1.492e+00
[12/04/26 04:03:49][src.callback.progress][INFO] - Epoch 34 step 6680/192: loss 1.508e+00  global 8.572e-01  evt_align 1.422e+00
[12/04/26 04:03:50][src.callback.progress][INFO] - Epoch 34 step 6700/192: loss 1.502e+00  global 1.119e+00  evt_align 1.390e+00
[12/04/26 04:03:52][src.callback.progress][INFO] - Epoch 34 step 6720/192: loss 1.383e+00  global 9.607e-01  evt_align 1.287e+00
[12/04/26 04:03:53][src.callback.progress][INFO] - Epoch 34: v_loss 2.135e+00  loss 1.551e+00  v_global 2.465e+00  global 1.065e+00  v_t2m/len 1530  v_t2m/R01 15.1%  v_t2m/R02 19.14%  v_t2m/R03 25.95%  v_t2m/R05 32.75%  v_t2m/R10 44.97%  v_t2m/MedR 14.0%  v_m2t/len 1530  v_m2t/R01 11.36%  v_m2t/R02 13.72%  v_m2t/R03 20.78%  v_m2t/R05 27.78%  v_m2t/R10 38.88%  v_m2t/MedR 18.5%
[12/04/26 04:03:56][src.callback.progress][INFO] - Epoch 35 step 6740/192: loss 1.598e+00  global 1.194e+00  evt_align 1.479e+00
[12/04/26 04:03:58][src.callback.progress][INFO] - Epoch 35 step 6760/192: loss 1.517e+00  global 1.250e+00  evt_align 1.392e+00
[12/04/26 04:03:59][src.callback.progress][INFO] - Epoch 35 step 6780/192: loss 1.464e+00  global 1.129e+00  evt_align 1.351e+00
[12/04/26 04:04:00][src.callback.progress][INFO] - Epoch 35 step 6800/192: loss 1.615e+00  global 1.142e+00  evt_align 1.501e+00
[12/04/26 04:04:01][src.callback.progress][INFO] - Epoch 35 step 6820/192: loss 1.560e+00  global 1.094e+00  evt_align 1.451e+00
[12/04/26 04:04:03][src.callback.progress][INFO] - Epoch 35 step 6840/192: loss 1.488e+00  global 9.370e-01  evt_align 1.394e+00
[12/04/26 04:04:04][src.callback.progress][INFO] - Epoch 35 step 6860/192: loss 1.578e+00  global 1.136e+00  evt_align 1.464e+00
[12/04/26 04:04:05][src.callback.progress][INFO] - Epoch 35 step 6880/192: loss 1.619e+00  global 1.044e+00  evt_align 1.515e+00
[12/04/26 04:04:07][src.callback.progress][INFO] - Epoch 35 step 6900/192: loss 1.441e+00  global 1.135e+00  evt_align 1.328e+00
[12/04/26 04:04:08][src.callback.progress][INFO] - Epoch 35: v_loss 2.146e+00  loss 1.562e+00  v_global 2.470e+00  global 1.062e+00  v_t2m/len 1530  v_t2m/R01 15.48%  v_t2m/R02 18.69%  v_t2m/R03 25.36%  v_t2m/R05 33.79%  v_t2m/R10 44.5%  v_t2m/MedR 14.0%  v_m2t/len 1530  v_m2t/R01 12.02%  v_m2t/R02 14.38%  v_m2t/R03 21.7%  v_m2t/R05 28.88%  v_m2t/R10 38.36%  v_m2t/MedR 19.5%
[12/04/26 04:04:11][src.callback.progress][INFO] - Epoch 36 step 6920/192: loss 1.601e+00  global 9.712e-01  evt_align 1.504e+00
[12/04/26 04:04:12][src.callback.progress][INFO] - Epoch 36 step 6940/192: loss 1.489e+00  global 9.729e-01  evt_align 1.392e+00
[12/04/26 04:04:14][src.callback.progress][INFO] - Epoch 36 step 6960/192: loss 1.527e+00  global 1.210e+00  evt_align 1.406e+00
[12/04/26 04:04:15][src.callback.progress][INFO] - Epoch 36 step 6980/192: loss 1.594e+00  global 1.106e+00  evt_align 1.483e+00
[12/04/26 04:04:16][src.callback.progress][INFO] - Epoch 36 step 7000/192: loss 1.515e+00  global 1.054e+00  evt_align 1.410e+00
[12/04/26 04:04:17][src.callback.progress][INFO] - Epoch 36 step 7020/192: loss 1.711e+00  global 1.036e+00  evt_align 1.607e+00
[12/04/26 04:04:19][src.callback.progress][INFO] - Epoch 36 step 7040/192: loss 1.665e+00  global 9.712e-01  evt_align 1.567e+00
[12/04/26 04:04:20][src.callback.progress][INFO] - Epoch 36 step 7060/192: loss 1.576e+00  global 1.012e+00  evt_align 1.475e+00
[12/04/26 04:04:21][src.callback.progress][INFO] - Epoch 36 step 7080/192: loss 1.663e+00  global 9.156e-01  evt_align 1.571e+00
[12/04/26 04:04:23][src.callback.progress][INFO] - Epoch 36 step 7100/192: loss 1.529e+00  global 1.033e+00  evt_align 1.426e+00
[12/04/26 04:04:24][src.callback.progress][INFO] - Epoch 36: v_loss 2.156e+00  loss 1.556e+00  v_global 2.457e+00  global 1.047e+00  v_t2m/len 1530  v_t2m/R01 14.11%  v_t2m/R02 18.5%  v_t2m/R03 25.62%  v_t2m/R05 32.81%  v_t2m/R10 43.91%  v_t2m/MedR 15.0%  v_m2t/len 1530  v_m2t/R01 11.89%  v_m2t/R02 14.25%  v_m2t/R03 21.11%  v_m2t/R05 27.64%  v_m2t/R10 38.5%  v_m2t/MedR 20.0%
[12/04/26 04:04:27][src.callback.progress][INFO] - Epoch 37 step 7120/192: loss 1.617e+00  global 9.687e-01  evt_align 1.520e+00
[12/04/26 04:04:28][src.callback.progress][INFO] - Epoch 37 step 7140/192: loss 1.480e+00  global 9.910e-01  evt_align 1.381e+00
[12/04/26 04:04:29][src.callback.progress][INFO] - Epoch 37 step 7160/192: loss 1.566e+00  global 9.372e-01  evt_align 1.472e+00
[12/04/26 04:04:30][src.callback.progress][INFO] - Epoch 37 step 7180/192: loss 1.708e+00  global 1.031e+00  evt_align 1.605e+00
[12/04/26 04:04:32][src.callback.progress][INFO] - Epoch 37 step 7200/192: loss 1.565e+00  global 9.252e-01  evt_align 1.472e+00
[12/04/26 04:04:33][src.callback.progress][INFO] - Epoch 37 step 7220/192: loss 1.552e+00  global 1.086e+00  evt_align 1.443e+00
[12/04/26 04:04:34][src.callback.progress][INFO] - Epoch 37 step 7240/192: loss 1.551e+00  global 9.083e-01  evt_align 1.460e+00
[12/04/26 04:04:36][src.callback.progress][INFO] - Epoch 37 step 7260/192: loss 1.621e+00  global 1.035e+00  evt_align 1.517e+00
[12/04/26 04:04:37][src.callback.progress][INFO] - Epoch 37 step 7280/192: loss 1.612e+00  global 1.087e+00  evt_align 1.503e+00
[12/04/26 04:04:39][src.callback.progress][INFO] - Epoch 37: v_loss 2.113e+00  loss 1.549e+00  v_global 2.438e+00  global 1.031e+00  v_t2m/len 1530  v_t2m/R01 15.15%  v_t2m/R02 19.35%  v_t2m/R03 26.4%  v_t2m/R05 33.2%  v_t2m/R10 44.58%  v_t2m/MedR 14.0%  v_m2t/len 1530  v_m2t/R01 11.63%  v_m2t/R02 13.72%  v_m2t/R03 22.03%  v_m2t/R05 28.62%  v_m2t/R10 39.22%  v_m2t/MedR 19.5%
[12/04/26 04:04:41][src.callback.progress][INFO] - Epoch 38 step 7300/192: loss 1.548e+00  global 9.897e-01  evt_align 1.450e+00
[12/04/26 04:04:43][src.callback.progress][INFO] - Epoch 38 step 7320/192: loss 1.564e+00  global 1.078e+00  evt_align 1.457e+00
[12/04/26 04:04:44][src.callback.progress][INFO] - Epoch 38 step 7340/192: loss 1.485e+00  global 1.048e+00  evt_align 1.381e+00
[12/04/26 04:04:45][src.callback.progress][INFO] - Epoch 38 step 7360/192: loss 1.645e+00  global 1.031e+00  evt_align 1.542e+00
[12/04/26 04:04:47][src.callback.progress][INFO] - Epoch 38 step 7380/192: loss 1.532e+00  global 9.686e-01  evt_align 1.436e+00
[12/04/26 04:04:48][src.callback.progress][INFO] - Epoch 38 step 7400/192: loss 1.580e+00  global 1.153e+00  evt_align 1.464e+00
[12/04/26 04:04:49][src.callback.progress][INFO] - Epoch 38 step 7420/192: loss 1.548e+00  global 9.957e-01  evt_align 1.449e+00
[12/04/26 04:04:51][src.callback.progress][INFO] - Epoch 38 step 7440/192: loss 1.481e+00  global 9.272e-01  evt_align 1.388e+00
[12/04/26 04:04:52][src.callback.progress][INFO] - Epoch 38 step 7460/192: loss 1.507e+00  global 9.139e-01  evt_align 1.416e+00
[12/04/26 04:04:53][src.callback.progress][INFO] - Epoch 38 step 7480/192: loss 1.498e+00  global 1.126e+00  evt_align 1.385e+00
[12/04/26 04:04:54][src.callback.progress][INFO] - Epoch 38: v_loss 2.088e+00  loss 1.530e+00  v_global 2.438e+00  global 1.033e+00  v_t2m/len 1530  v_t2m/R01 15.1%  v_t2m/R02 19.4%  v_t2m/R03 25.81%  v_t2m/R05 33.65%  v_t2m/R10 44.84%  v_t2m/MedR 14.0%  v_m2t/len 1530  v_m2t/R01 12.6%  v_m2t/R02 14.97%  v_m2t/R03 22.87%  v_m2t/R05 29.28%  v_m2t/R10 38.88%  v_m2t/MedR 18.0%
[12/04/26 04:04:58][src.callback.progress][INFO] - Epoch 39 step 7500/192: loss 1.518e+00  global 9.780e-01  evt_align 1.420e+00
[12/04/26 04:04:59][src.callback.progress][INFO] - Epoch 39 step 7520/192: loss 1.642e+00  global 1.152e+00  evt_align 1.527e+00
[12/04/26 04:05:00][src.callback.progress][INFO] - Epoch 39 step 7540/192: loss 1.639e+00  global 9.708e-01  evt_align 1.542e+00
[12/04/26 04:05:01][src.callback.progress][INFO] - Epoch 39 step 7560/192: loss 1.664e+00  global 1.199e+00  evt_align 1.544e+00
[12/04/26 04:05:02][src.callback.progress][INFO] - Epoch 39 step 7580/192: loss 1.541e+00  global 9.792e-01  evt_align 1.443e+00
[12/04/26 04:05:04][src.callback.progress][INFO] - Epoch 39 step 7600/192: loss 1.612e+00  global 9.985e-01  evt_align 1.513e+00
[12/04/26 04:05:05][src.callback.progress][INFO] - Epoch 39 step 7620/192: loss 1.499e+00  global 8.941e-01  evt_align 1.410e+00
[12/04/26 04:05:06][src.callback.progress][INFO] - Epoch 39 step 7640/192: loss 1.409e+00  global 1.024e+00  evt_align 1.307e+00
[12/04/26 04:05:08][src.callback.progress][INFO] - Epoch 39 step 7660/192: loss 1.465e+00  global 1.125e+00  evt_align 1.352e+00
[12/04/26 04:05:09][src.callback.progress][INFO] - Epoch 39 step 7680/192: loss 1.243e+00  global 6.781e-01  evt_align 1.175e+00
[12/04/26 04:05:10][src.callback.progress][INFO] - Epoch 39: v_loss 2.085e+00  loss 1.528e+00  v_global 2.430e+00  global 1.019e+00  v_t2m/len 1530  v_t2m/R01 14.71%  v_t2m/R02 18.69%  v_t2m/R03 26.4%  v_t2m/R05 33.86%  v_t2m/R10 45.41%  v_t2m/MedR 14.0%  v_m2t/len 1530  v_m2t/R01 11.56%  v_m2t/R02 13.98%  v_m2t/R03 20.92%  v_m2t/R05 28.1%  v_m2t/R10 38.81%  v_m2t/MedR 17.5%
[12/04/26 04:05:13][src.callback.progress][INFO] - Epoch 40 step 7700/192: loss 1.552e+00  global 9.373e-01  evt_align 1.458e+00
[12/04/26 04:05:14][src.callback.progress][INFO] - Epoch 40 step 7720/192: loss 1.619e+00  global 1.045e+00  evt_align 1.514e+00
[12/04/26 04:05:15][src.callback.progress][INFO] - Epoch 40 step 7740/192: loss 1.589e+00  global 1.029e+00  evt_align 1.486e+00
[12/04/26 04:05:16][src.callback.progress][INFO] - Epoch 40 step 7760/192: loss 1.587e+00  global 1.129e+00  evt_align 1.474e+00
[12/04/26 04:05:18][src.callback.progress][INFO] - Epoch 40 step 7780/192: loss 1.539e+00  global 9.675e-01  evt_align 1.442e+00
[12/04/26 04:05:19][src.callback.progress][INFO] - Epoch 40 step 7800/192: loss 1.468e+00  global 9.746e-01  evt_align 1.371e+00
[12/04/26 04:05:20][src.callback.progress][INFO] - Epoch 40 step 7820/192: loss 1.493e+00  global 1.100e+00  evt_align 1.383e+00
[12/04/26 04:05:21][src.callback.progress][INFO] - Epoch 40 step 7840/192: loss 1.553e+00  global 1.092e+00  evt_align 1.444e+00
[12/04/26 04:05:23][src.callback.progress][INFO] - Epoch 40 step 7860/192: loss 1.379e+00  global 1.093e+00  evt_align 1.270e+00
[12/04/26 04:05:24][src.callback.progress][INFO] - Epoch 40: v_loss 2.081e+00  loss 1.518e+00  v_global 2.427e+00  global 1.014e+00  v_t2m/len 1530  v_t2m/R01 15.68%  v_t2m/R02 19.14%  v_t2m/R03 26.4%  v_t2m/R05 33.65%  v_t2m/R10 45.09%  v_t2m/MedR 14.0%  v_m2t/len 1530  v_m2t/R01 12.47%  v_m2t/R02 14.43%  v_m2t/R03 22.15%  v_m2t/R05 28.81%  v_m2t/R10 38.24%  v_m2t/MedR 18.5%
[12/04/26 04:05:27][src.callback.progress][INFO] - Epoch 41 step 7880/192: loss 1.551e+00  global 9.693e-01  evt_align 1.454e+00
[12/04/26 04:05:28][src.callback.progress][INFO] - Epoch 41 step 7900/192: loss 1.596e+00  global 9.395e-01  evt_align 1.502e+00
[12/04/26 04:05:29][src.callback.progress][INFO] - Epoch 41 step 7920/192: loss 1.525e+00  global 8.889e-01  evt_align 1.436e+00
[12/04/26 04:05:30][src.callback.progress][INFO] - Epoch 41 step 7940/192: loss 1.483e+00  global 1.038e+00  evt_align 1.379e+00
[12/04/26 04:05:31][src.callback.progress][INFO] - Epoch 41 step 7960/192: loss 1.411e+00  global 1.027e+00  evt_align 1.309e+00
[12/04/26 04:05:33][src.callback.progress][INFO] - Epoch 41 step 7980/192: loss 1.463e+00  global 1.064e+00  evt_align 1.357e+00
[12/04/26 04:05:34][src.callback.progress][INFO] - Epoch 41 step 8000/192: loss 1.395e+00  global 1.101e+00  evt_align 1.285e+00
[12/04/26 04:05:35][src.callback.progress][INFO] - Epoch 41 step 8020/192: loss 1.555e+00  global 1.051e+00  evt_align 1.450e+00
[12/04/26 04:05:36][src.callback.progress][INFO] - Epoch 41 step 8040/192: loss 1.451e+00  global 9.878e-01  evt_align 1.353e+00
[12/04/26 04:05:38][src.callback.progress][INFO] - Epoch 41 step 8060/192: loss 1.406e+00  global 1.021e+00  evt_align 1.304e+00
[12/04/26 04:05:39][src.callback.progress][INFO] - Epoch 41: v_loss 2.079e+00  loss 1.513e+00  v_global 2.423e+00  global 1.007e+00  v_t2m/len 1530  v_t2m/R01 16.2%  v_t2m/R02 20.06%  v_t2m/R03 25.42%  v_t2m/R05 32.61%  v_t2m/R10 44.7%  v_t2m/MedR 14.0%  v_m2t/len 1530  v_m2t/R01 12.75%  v_m2t/R02 15.28%  v_m2t/R03 22.75%  v_m2t/R05 29.61%  v_m2t/R10 40.2%  v_m2t/MedR 18.25%
[12/04/26 04:05:42][src.callback.progress][INFO] - Epoch 42 step 8080/192: loss 1.446e+00  global 9.032e-01  evt_align 1.355e+00
[12/04/26 04:05:43][src.callback.progress][INFO] - Epoch 42 step 8100/192: loss 1.356e+00  global 8.967e-01  evt_align 1.267e+00
[12/04/26 04:05:44][src.callback.progress][INFO] - Epoch 42 step 8120/192: loss 1.523e+00  global 1.035e+00  evt_align 1.420e+00
[12/04/26 04:05:45][src.callback.progress][INFO] - Epoch 42 step 8140/192: loss 1.351e+00  global 9.446e-01  evt_align 1.257e+00
[12/04/26 04:05:47][src.callback.progress][INFO] - Epoch 42 step 8160/192: loss 1.529e+00  global 9.497e-01  evt_align 1.434e+00
[12/04/26 04:05:48][src.callback.progress][INFO] - Epoch 42 step 8180/192: loss 1.618e+00  global 1.000e+00  evt_align 1.518e+00
[12/04/26 04:05:49][src.callback.progress][INFO] - Epoch 42 step 8200/192: loss 1.588e+00  global 1.063e+00  evt_align 1.482e+00
[12/04/26 04:05:50][src.callback.progress][INFO] - Epoch 42 step 8220/192: loss 1.531e+00  global 9.254e-01  evt_align 1.438e+00
[12/04/26 04:05:52][src.callback.progress][INFO] - Epoch 42 step 8240/192: loss 1.456e+00  global 9.549e-01  evt_align 1.360e+00
[12/04/26 04:05:53][src.callback.progress][INFO] - Epoch 42: v_loss 2.093e+00  loss 1.517e+00  v_global 2.429e+00  global 9.978e-01  v_t2m/len 1530  v_t2m/R01 15.88%  v_t2m/R02 19.87%  v_t2m/R03 26.27%  v_t2m/R05 33.06%  v_t2m/R10 46.4%  v_t2m/MedR 13.75%  v_m2t/len 1530  v_m2t/R01 12.55%  v_m2t/R02 14.31%  v_m2t/R03 22.15%  v_m2t/R05 30.38%  v_m2t/R10 40.84%  v_m2t/MedR 17.5%
[12/04/26 04:05:55][src.callback.progress][INFO] - Epoch 43 step 8260/192: loss 1.544e+00  global 1.087e+00  evt_align 1.435e+00
[12/04/26 04:05:57][src.callback.progress][INFO] - Epoch 43 step 8280/192: loss 1.457e+00  global 9.312e-01  evt_align 1.364e+00
[12/04/26 04:05:58][src.callback.progress][INFO] - Epoch 43 step 8300/192: loss 1.417e+00  global 9.114e-01  evt_align 1.326e+00
[12/04/26 04:05:59][src.callback.progress][INFO] - Epoch 43 step 8320/192: loss 1.551e+00  global 1.049e+00  evt_align 1.446e+00
[12/04/26 04:06:01][src.callback.progress][INFO] - Epoch 43 step 8340/192: loss 1.433e+00  global 9.429e-01  evt_align 1.338e+00
[12/04/26 04:06:02][src.callback.progress][INFO] - Epoch 43 step 8360/192: loss 1.547e+00  global 1.094e+00  evt_align 1.438e+00
[12/04/26 04:06:03][src.callback.progress][INFO] - Epoch 43 step 8380/192: loss 1.572e+00  global 1.027e+00  evt_align 1.470e+00
[12/04/26 04:06:04][src.callback.progress][INFO] - Epoch 43 step 8400/192: loss 1.404e+00  global 1.099e+00  evt_align 1.294e+00
[12/04/26 04:06:06][src.callback.progress][INFO] - Epoch 43 step 8420/192: loss 1.485e+00  global 1.114e+00  evt_align 1.373e+00
[12/04/26 04:06:07][src.callback.progress][INFO] - Epoch 43 step 8440/192: loss 1.403e+00  global 9.639e-01  evt_align 1.307e+00
[12/04/26 04:06:09][src.callback.progress][INFO] - Epoch 43: v_loss 2.098e+00  loss 1.500e+00  v_global 2.404e+00  global 9.968e-01  v_t2m/len 1530  v_t2m/R01 16.34%  v_t2m/R02 20.38%  v_t2m/R03 26.27%  v_t2m/R05 33.59%  v_t2m/R10 45.02%  v_t2m/MedR 13.0%  v_m2t/len 1530  v_m2t/R01 12.55%  v_m2t/R02 14.77%  v_m2t/R03 22.21%  v_m2t/R05 29.93%  v_m2t/R10 39.93%  v_m2t/MedR 17.5%
[12/04/26 04:06:11][src.callback.progress][INFO] - Epoch 44 step 8460/192: loss 1.502e+00  global 9.878e-01  evt_align 1.403e+00
[12/04/26 04:06:13][src.callback.progress][INFO] - Epoch 44 step 8480/192: loss 1.444e+00  global 1.016e+00  evt_align 1.343e+00
[12/04/26 04:06:14][src.callback.progress][INFO] - Epoch 44 step 8500/192: loss 1.323e+00  global 9.155e-01  evt_align 1.232e+00
[12/04/26 04:06:16][src.callback.progress][INFO] - Epoch 44 step 8520/192: loss 1.461e+00  global 8.658e-01  evt_align 1.375e+00
[12/04/26 04:06:17][src.callback.progress][INFO] - Epoch 44 step 8540/192: loss 1.521e+00  global 1.107e+00  evt_align 1.410e+00
[12/04/26 04:06:18][src.callback.progress][INFO] - Epoch 44 step 8560/192: loss 1.502e+00  global 1.002e+00  evt_align 1.401e+00
[12/04/26 04:06:20][src.callback.progress][INFO] - Epoch 44 step 8580/192: loss 1.516e+00  global 9.391e-01  evt_align 1.422e+00
[12/04/26 04:06:21][src.callback.progress][INFO] - Epoch 44 step 8600/192: loss 1.390e+00  global 1.115e+00  evt_align 1.278e+00
[12/04/26 04:06:22][src.callback.progress][INFO] - Epoch 44 step 8620/192: loss 1.573e+00  global 9.094e-01  evt_align 1.482e+00
[12/04/26 04:06:24][src.callback.progress][INFO] - Epoch 44 step 8640/192: loss 1.326e+00  global 8.911e-01  evt_align 1.237e+00
[12/04/26 04:06:25][src.callback.progress][INFO] - Epoch 44: v_loss 2.086e+00  loss 1.495e+00  v_global 2.401e+00  global 9.866e-01  v_t2m/len 1530  v_t2m/R01 15.81%  v_t2m/R02 20.06%  v_t2m/R03 26.67%  v_t2m/R05 33.13%  v_t2m/R10 45.95%  v_t2m/MedR 13.0%  v_m2t/len 1530  v_m2t/R01 13.06%  v_m2t/R02 14.64%  v_m2t/R03 22.61%  v_m2t/R05 29.21%  v_m2t/R10 39.86%  v_m2t/MedR 19.5%
[12/04/26 04:06:28][src.callback.progress][INFO] - Epoch 45 step 8660/192: loss 1.482e+00  global 1.021e+00  evt_align 1.379e+00
[12/04/26 04:06:29][src.callback.progress][INFO] - Epoch 45 step 8680/192: loss 1.423e+00  global 1.008e+00  evt_align 1.322e+00
[12/04/26 04:06:30][src.callback.progress][INFO] - Epoch 45 step 8700/192: loss 1.503e+00  global 9.742e-01  evt_align 1.405e+00
[12/04/26 04:06:32][src.callback.progress][INFO] - Epoch 45 step 8720/192: loss 1.562e+00  global 1.186e+00  evt_align 1.444e+00
[12/04/26 04:06:33][src.callback.progress][INFO] - Epoch 45 step 8740/192: loss 1.657e+00  global 1.006e+00  evt_align 1.556e+00
[12/04/26 04:06:35][src.callback.progress][INFO] - Epoch 45 step 8760/192: loss 1.439e+00  global 9.359e-01  evt_align 1.346e+00
[12/04/26 04:06:36][src.callback.progress][INFO] - Epoch 45 step 8780/192: loss 1.462e+00  global 8.925e-01  evt_align 1.373e+00
[12/04/26 04:06:37][src.callback.progress][INFO] - Epoch 45 step 8800/192: loss 1.425e+00  global 8.503e-01  evt_align 1.339e+00
[12/04/26 04:06:39][src.callback.progress][INFO] - Epoch 45 step 8820/192: loss 1.457e+00  global 9.910e-01  evt_align 1.358e+00
[12/04/26 04:06:40][src.callback.progress][INFO] - Epoch 45: v_loss 2.069e+00  loss 1.491e+00  v_global 2.396e+00  global 9.813e-01  v_t2m/len 1530  v_t2m/R01 16.34%  v_t2m/R02 20.2%  v_t2m/R03 26.13%  v_t2m/R05 33.45%  v_t2m/R10 45.41%  v_t2m/MedR 13.0%  v_m2t/len 1530  v_m2t/R01 13.85%  v_m2t/R02 15.56%  v_m2t/R03 22.8%  v_m2t/R05 28.62%  v_m2t/R10 39.47%  v_m2t/MedR 17.5%
[12/04/26 04:06:43][src.callback.progress][INFO] - Epoch 46 step 8840/192: loss 1.443e+00  global 1.060e+00  evt_align 1.337e+00
[12/04/26 04:06:44][src.callback.progress][INFO] - Epoch 46 step 8860/192: loss 1.433e+00  global 1.014e+00  evt_align 1.332e+00
[12/04/26 04:06:46][src.callback.progress][INFO] - Epoch 46 step 8880/192: loss 1.536e+00  global 1.042e+00  evt_align 1.432e+00
[12/04/26 04:06:47][src.callback.progress][INFO] - Epoch 46 step 8900/192: loss 1.494e+00  global 9.344e-01  evt_align 1.400e+00
[12/04/26 04:06:48][src.callback.progress][INFO] - Epoch 46 step 8920/192: loss 1.602e+00  global 9.689e-01  evt_align 1.505e+00
[12/04/26 04:06:50][src.callback.progress][INFO] - Epoch 46 step 8940/192: loss 1.497e+00  global 9.073e-01  evt_align 1.406e+00
[12/04/26 04:06:51][src.callback.progress][INFO] - Epoch 46 step 8960/192: loss 1.470e+00  global 9.136e-01  evt_align 1.379e+00
[12/04/26 04:06:52][src.callback.progress][INFO] - Epoch 46 step 8980/192: loss 1.517e+00  global 9.813e-01  evt_align 1.419e+00
[12/04/26 04:06:53][src.callback.progress][INFO] - Epoch 46 step 9000/192: loss 1.589e+00  global 1.188e+00  evt_align 1.470e+00
[12/04/26 04:06:55][src.callback.progress][INFO] - Epoch 46 step 9020/192: loss 1.464e+00  global 9.885e-01  evt_align 1.365e+00
[12/04/26 04:06:56][src.callback.progress][INFO] - Epoch 46: v_loss 2.073e+00  loss 1.482e+00  v_global 2.385e+00  global 9.762e-01  v_t2m/len 1530  v_t2m/R01 15.28%  v_t2m/R02 19.93%  v_t2m/R03 26.6%  v_t2m/R05 34.25%  v_t2m/R10 46.13%  v_t2m/MedR 13.0%  v_m2t/len 1530  v_m2t/R01 13.59%  v_m2t/R02 16.07%  v_m2t/R03 22.87%  v_m2t/R05 28.37%  v_m2t/R10 38.43%  v_m2t/MedR 17.75%
[12/04/26 04:06:59][src.callback.progress][INFO] - Epoch 47 step 9040/192: loss 1.383e+00  global 8.807e-01  evt_align 1.294e+00
[12/04/26 04:07:00][src.callback.progress][INFO] - Epoch 47 step 9060/192: loss 1.405e+00  global 1.023e+00  evt_align 1.302e+00
[12/04/26 04:07:01][src.callback.progress][INFO] - Epoch 47 step 9080/192: loss 1.430e+00  global 9.174e-01  evt_align 1.338e+00
[12/04/26 04:07:03][src.callback.progress][INFO] - Epoch 47 step 9100/192: loss 1.648e+00  global 7.979e-01  evt_align 1.568e+00
[12/04/26 04:07:04][src.callback.progress][INFO] - Epoch 47 step 9120/192: loss 1.495e+00  global 9.855e-01  evt_align 1.397e+00
[12/04/26 04:07:05][src.callback.progress][INFO] - Epoch 47 step 9140/192: loss 1.281e+00  global 1.064e+00  evt_align 1.175e+00
[12/04/26 04:07:07][src.callback.progress][INFO] - Epoch 47 step 9160/192: loss 1.415e+00  global 9.573e-01  evt_align 1.319e+00
[12/04/26 04:07:08][src.callback.progress][INFO] - Epoch 47 step 9180/192: loss 1.506e+00  global 9.318e-01  evt_align 1.413e+00
[12/04/26 04:07:09][src.callback.progress][INFO] - Epoch 47 step 9200/192: loss 1.713e+00  global 9.659e-01  evt_align 1.616e+00
[12/04/26 04:07:12][src.callback.progress][INFO] - Epoch 47: v_loss 2.036e+00  loss 1.472e+00  v_global 2.382e+00  global 9.718e-01  v_t2m/len 1530  v_t2m/R01 15.94%  v_t2m/R02 19.79%  v_t2m/R03 26.86%  v_t2m/R05 33.52%  v_t2m/R10 47.38%  v_t2m/MedR 13.0%  v_m2t/len 1530  v_m2t/R01 13.46%  v_m2t/R02 16.07%  v_m2t/R03 23.32%  v_m2t/R05 30.06%  v_m2t/R10 39.74%  v_m2t/MedR 18.0%
[12/04/26 04:07:15][src.callback.progress][INFO] - Epoch 48 step 9220/192: loss 1.492e+00  global 9.102e-01  evt_align 1.401e+00
[12/04/26 04:07:16][src.callback.progress][INFO] - Epoch 48 step 9240/192: loss 1.554e+00  global 1.016e+00  evt_align 1.452e+00
[12/04/26 04:07:17][src.callback.progress][INFO] - Epoch 48 step 9260/192: loss 1.448e+00  global 1.019e+00  evt_align 1.346e+00
[12/04/26 04:07:19][src.callback.progress][INFO] - Epoch 48 step 9280/192: loss 1.430e+00  global 1.001e+00  evt_align 1.330e+00
[12/04/26 04:07:20][src.callback.progress][INFO] - Epoch 48 step 9300/192: loss 1.423e+00  global 9.029e-01  evt_align 1.333e+00
[12/04/26 04:07:22][src.callback.progress][INFO] - Epoch 48 step 9320/192: loss 1.564e+00  global 1.120e+00  evt_align 1.452e+00
[12/04/26 04:07:23][src.callback.progress][INFO] - Epoch 48 step 9340/192: loss 1.529e+00  global 1.025e+00  evt_align 1.426e+00
[12/04/26 04:07:24][src.callback.progress][INFO] - Epoch 48 step 9360/192: loss 1.444e+00  global 7.731e-01  evt_align 1.367e+00
[12/04/26 04:07:26][src.callback.progress][INFO] - Epoch 48 step 9380/192: loss 1.508e+00  global 8.814e-01  evt_align 1.420e+00
[12/04/26 04:07:27][src.callback.progress][INFO] - Epoch 48 step 9400/192: loss 1.481e+00  global 9.646e-01  evt_align 1.384e+00
[12/04/26 04:07:29][src.callback.progress][INFO] - Epoch 48: v_loss 2.037e+00  loss 1.473e+00  v_global 2.371e+00  global 9.685e-01  v_t2m/len 1530  v_t2m/R01 16.01%  v_t2m/R02 19.73%  v_t2m/R03 26.79%  v_t2m/R05 34.43%  v_t2m/R10 46.66%  v_t2m/MedR 12.0%  v_m2t/len 1530  v_m2t/R01 13.46%  v_m2t/R02 15.68%  v_m2t/R03 23.32%  v_m2t/R05 30.32%  v_m2t/R10 40.25%  v_m2t/MedR 17.5%
[12/04/26 04:07:32][src.callback.progress][INFO] - Epoch 49 step 9420/192: loss 1.562e+00  global 1.006e+00  evt_align 1.462e+00
[12/04/26 04:07:33][src.callback.progress][INFO] - Epoch 49 step 9440/192: loss 1.538e+00  global 9.579e-01  evt_align 1.442e+00
[12/04/26 04:07:35][src.callback.progress][INFO] - Epoch 49 step 9460/192: loss 1.500e+00  global 9.168e-01  evt_align 1.409e+00
[12/04/26 04:07:36][src.callback.progress][INFO] - Epoch 49 step 9480/192: loss 1.451e+00  global 1.082e+00  evt_align 1.343e+00
[12/04/26 04:07:38][src.callback.progress][INFO] - Epoch 49 step 9500/192: loss 1.499e+00  global 8.867e-01  evt_align 1.411e+00
[12/04/26 04:07:39][src.callback.progress][INFO] - Epoch 49 step 9520/192: loss 1.542e+00  global 9.238e-01  evt_align 1.450e+00
[12/04/26 04:07:41][src.callback.progress][INFO] - Epoch 49 step 9540/192: loss 1.597e+00  global 1.005e+00  evt_align 1.497e+00
[12/04/26 04:07:42][src.callback.progress][INFO] - Epoch 49 step 9560/192: loss 1.391e+00  global 1.060e+00  evt_align 1.285e+00
[12/04/26 04:07:43][src.callback.progress][INFO] - Epoch 49 step 9580/192: loss 1.387e+00  global 9.084e-01  evt_align 1.296e+00
[12/04/26 04:07:45][src.callback.progress][INFO] - Epoch 49 step 9600/192: loss 1.409e+00  global 8.680e-01  evt_align 1.322e+00
[12/04/26 04:07:45][src.callback.progress][INFO] - Epoch 49: v_loss 2.038e+00  loss 1.473e+00  v_global 2.373e+00  global 9.642e-01  v_t2m/len 1530  v_t2m/R01 15.35%  v_t2m/R02 20.12%  v_t2m/R03 26.54%  v_t2m/R05 34.25%  v_t2m/R10 46.4%  v_t2m/MedR 13.0%  v_m2t/len 1530  v_m2t/R01 13.78%  v_m2t/R02 16.13%  v_m2t/R03 24.12%  v_m2t/R05 30.2%  v_m2t/R10 41.36%  v_m2t/MedR 17.5%
[12/04/26 04:07:49][pytorch_lightning.utilities.rank_zero][INFO] - `Trainer.fit` stopped: `max_epochs=50` reached.
[12/04/26 04:07:49][src.callback.progress][INFO] - Training done
