[12/04/26 22:12:14][__main__][INFO] - Training script
[12/04/26 22:12:14][__main__][INFO] - The config can be found here: 
RUN_DIR/phase2_realdata_e50_b128_p2a/config.json
[12/04/26 22:12:17][lightning_fabric.utilities.seed][INFO] - Seed set to 1234
[12/04/26 22:12:17][__main__][INFO] - Loading the dataloaders
[12/04/26 22:12:21][__main__][INFO] - Loading the model
[12/04/26 22:12:21][__main__][INFO] - Training
[12/04/26 22:12:21][pytorch_lightning.utilities.rank_zero][INFO] - GPU available: True (cuda), used: True
[12/04/26 22:12:21][pytorch_lightning.utilities.rank_zero][INFO] - TPU available: False, using: 0 TPU cores
[12/04/26 22:12:21][pytorch_lightning.utilities.rank_zero][INFO] - HPU available: False, using: 0 HPUs
[12/04/26 22:12:22][pytorch_lightning.accelerators.cuda][INFO] - LOCAL_RANK: 0 - CUDA_VISIBLE_DEVICES: [0]
[12/04/26 22:12:22][pytorch_lightning.callbacks.model_summary][INFO] - 
  | Name                   | Type              | Params | Mode 
---------------------------------------------------------------------
0 | motion_encoder         | ACTORStyleEncoder | 4.8 M  | train
1 | text_encoder           | ACTORStyleEncoder | 4.9 M  | train
2 | motion_decoder         | ACTORStyleDecoder | 6.4 M  | eval 
3 | reconstruction_loss_fn | SmoothL1Loss      | 0      | train
4 | latent_loss_fn         | SmoothL1Loss      | 0      | train
5 | event_proj_e           | Linear            | 65.8 K | train
6 | event_proj_t           | Linear            | 65.8 K | train
---------------------------------------------------------------------
9.9 M     Trainable params
6.4 M     Non-trainable params
16.3 M    Total params
65.050    Total estimated model params size (MB)
136       Modules in train mode
90        Modules in eval mode
[12/04/26 22:12:22][src.callback.progress][INFO] - Training started
[12/04/26 22:13:45][src.callback.progress][INFO] - Epoch 0 step 20/192: loss 1.328e+00  global 5.928e-01  evt_align 1.268e+00
[12/04/26 22:14:53][src.callback.progress][INFO] - Epoch 0 step 40/192: loss 1.396e+00  global 5.619e-01  evt_align 1.340e+00
[12/04/26 22:16:00][src.callback.progress][INFO] - Epoch 0 step 60/192: loss 1.388e+00  global 6.410e-01  evt_align 1.324e+00
[12/04/26 22:17:04][src.callback.progress][INFO] - Epoch 0 step 80/192: loss 1.344e+00  global 6.297e-01  evt_align 1.281e+00
[12/04/26 22:18:04][src.callback.progress][INFO] - Epoch 0 step 100/192: loss 1.523e+00  global 5.955e-01  evt_align 1.464e+00
[12/04/26 22:19:02][src.callback.progress][INFO] - Epoch 0 step 120/192: loss 1.463e+00  global 5.491e-01  evt_align 1.408e+00
[12/04/26 22:20:00][src.callback.progress][INFO] - Epoch 0 step 140/192: loss 1.398e+00  global 6.594e-01  evt_align 1.332e+00
[12/04/26 22:20:56][src.callback.progress][INFO] - Epoch 0 step 160/192: loss 1.445e+00  global 5.968e-01  evt_align 1.386e+00
[12/04/26 22:21:50][src.callback.progress][INFO] - Epoch 0 step 180/192: loss 1.234e+00  global 5.437e-01  evt_align 1.180e+00
[12/04/26 22:22:53][src.callback.progress][INFO] - Epoch 0: v_loss 1.804e+00  loss 1.388e+00  v_global 1.966e+00  global 5.978e-01  v_t2m/len 1530  v_t2m/R01 15.28%  v_t2m/R02 20.52%  v_t2m/R03 26.79%  v_t2m/R05 37.45%  v_t2m/R10 48.63%  v_t2m/MedR 11.0%  v_m2t/len 1530  v_m2t/R01 17.31%  v_m2t/R02 19.02%  v_m2t/R03 28.88%  v_m2t/R05 36.93%  v_m2t/R10 46.93%  v_m2t/MedR 12.5%
[12/04/26 22:23:08][src.callback.progress][INFO] - Epoch 1 step 200/192: loss 1.399e+00  global 6.231e-01  evt_align 1.337e+00
[12/04/26 22:23:38][src.callback.progress][INFO] - Epoch 1 step 220/192: loss 1.328e+00  global 7.129e-01  evt_align 1.257e+00
[12/04/26 22:24:07][src.callback.progress][INFO] - Epoch 1 step 240/192: loss 1.471e+00  global 7.664e-01  evt_align 1.394e+00
[12/04/26 22:24:36][src.callback.progress][INFO] - Epoch 1 step 260/192: loss 1.538e+00  global 7.853e-01  evt_align 1.460e+00
[12/04/26 22:25:06][src.callback.progress][INFO] - Epoch 1 step 280/192: loss 1.440e+00  global 8.113e-01  evt_align 1.359e+00
[12/04/26 22:25:33][src.callback.progress][INFO] - Epoch 1 step 300/192: loss 1.589e+00  global 7.154e-01  evt_align 1.518e+00
[12/04/26 22:26:01][src.callback.progress][INFO] - Epoch 1 step 320/192: loss 1.434e+00  global 7.158e-01  evt_align 1.363e+00
[12/04/26 22:26:27][src.callback.progress][INFO] - Epoch 1 step 340/192: loss 1.579e+00  global 7.088e-01  evt_align 1.508e+00
[12/04/26 22:26:52][src.callback.progress][INFO] - Epoch 1 step 360/192: loss 1.275e+00  global 7.214e-01  evt_align 1.203e+00
[12/04/26 22:27:18][src.callback.progress][INFO] - Epoch 1 step 380/192: loss 1.424e+00  global 5.711e-01  evt_align 1.367e+00
[12/04/26 22:27:23][src.callback.progress][INFO] - Epoch 1: v_loss 1.801e+00  loss 1.430e+00  v_global 1.973e+00  global 6.908e-01  v_t2m/len 1530  v_t2m/R01 15.15%  v_t2m/R02 20.78%  v_t2m/R03 29.07%  v_t2m/R05 37.84%  v_t2m/R10 49.61%  v_t2m/MedR 11.0%  v_m2t/len 1530  v_m2t/R01 17.52%  v_m2t/R02 20.0%  v_m2t/R03 28.88%  v_m2t/R05 36.66%  v_m2t/R10 47.38%  v_m2t/MedR 12.5%
[12/04/26 22:27:40][src.callback.progress][INFO] - Epoch 2 step 400/192: loss 1.529e+00  global 7.181e-01  evt_align 1.457e+00
[12/04/26 22:27:58][src.callback.progress][INFO] - Epoch 2 step 420/192: loss 1.345e+00  global 6.678e-01  evt_align 1.278e+00
[12/04/26 22:28:15][src.callback.progress][INFO] - Epoch 2 step 440/192: loss 1.629e+00  global 7.658e-01  evt_align 1.552e+00
[12/04/26 22:28:32][src.callback.progress][INFO] - Epoch 2 step 460/192: loss 1.406e+00  global 7.148e-01  evt_align 1.335e+00
[12/04/26 22:28:49][src.callback.progress][INFO] - Epoch 2 step 480/192: loss 1.448e+00  global 6.139e-01  evt_align 1.387e+00
[12/04/26 22:29:05][src.callback.progress][INFO] - Epoch 2 step 500/192: loss 1.473e+00  global 6.399e-01  evt_align 1.409e+00
[12/04/26 22:29:22][src.callback.progress][INFO] - Epoch 2 step 520/192: loss 1.450e+00  global 7.537e-01  evt_align 1.375e+00
[12/04/26 22:29:38][src.callback.progress][INFO] - Epoch 2 step 540/192: loss 1.255e+00  global 7.205e-01  evt_align 1.183e+00
[12/04/26 22:29:53][src.callback.progress][INFO] - Epoch 2 step 560/192: loss 1.572e+00  global 1.024e+00  evt_align 1.469e+00
[12/04/26 22:30:06][src.callback.progress][INFO] - Epoch 2: v_loss 1.836e+00  loss 1.438e+00  v_global 1.988e+00  global 7.276e-01  v_t2m/len 1530  v_t2m/R01 15.48%  v_t2m/R02 20.06%  v_t2m/R03 26.79%  v_t2m/R05 37.38%  v_t2m/R10 50.0%  v_t2m/MedR 10.5%  v_m2t/len 1530  v_m2t/R01 16.46%  v_m2t/R02 19.07%  v_m2t/R03 27.45%  v_m2t/R05 35.81%  v_m2t/R10 46.86%  v_m2t/MedR 12.5%
[12/04/26 22:30:12][src.callback.progress][INFO] - Epoch 3 step 580/192: loss 1.502e+00  global 6.304e-01  evt_align 1.439e+00
[12/04/26 22:30:23][src.callback.progress][INFO] - Epoch 3 step 600/192: loss 1.320e+00  global 7.102e-01  evt_align 1.249e+00
[12/04/26 22:30:33][src.callback.progress][INFO] - Epoch 3 step 620/192: loss 1.404e+00  global 8.187e-01  evt_align 1.322e+00
[12/04/26 22:30:44][src.callback.progress][INFO] - Epoch 3 step 640/192: loss 1.398e+00  global 7.144e-01  evt_align 1.326e+00
[12/04/26 22:30:54][src.callback.progress][INFO] - Epoch 3 step 660/192: loss 1.421e+00  global 6.480e-01  evt_align 1.356e+00
[12/04/26 22:31:05][src.callback.progress][INFO] - Epoch 3 step 680/192: loss 1.377e+00  global 6.394e-01  evt_align 1.313e+00
[12/04/26 22:31:16][src.callback.progress][INFO] - Epoch 3 step 700/192: loss 1.335e+00  global 6.799e-01  evt_align 1.267e+00
[12/04/26 22:31:26][src.callback.progress][INFO] - Epoch 3 step 720/192: loss 1.493e+00  global 7.484e-01  evt_align 1.418e+00
[12/04/26 22:31:35][src.callback.progress][INFO] - Epoch 3 step 740/192: loss 1.577e+00  global 8.065e-01  evt_align 1.497e+00
[12/04/26 22:31:46][src.callback.progress][INFO] - Epoch 3 step 760/192: loss 1.362e+00  global 7.035e-01  evt_align 1.292e+00
[12/04/26 22:31:50][src.callback.progress][INFO] - Epoch 3: v_loss 1.796e+00  loss 1.415e+00  v_global 1.950e+00  global 7.277e-01  v_t2m/len 1530  v_t2m/R01 15.94%  v_t2m/R02 20.38%  v_t2m/R03 28.04%  v_t2m/R05 38.04%  v_t2m/R10 50.06%  v_t2m/MedR 10.0%  v_m2t/len 1530  v_m2t/R01 16.54%  v_m2t/R02 18.43%  v_m2t/R03 26.98%  v_m2t/R05 35.02%  v_m2t/R10 47.52%  v_m2t/MedR 11.5%
[12/04/26 22:31:58][src.callback.progress][INFO] - Epoch 4 step 780/192: loss 1.409e+00  global 6.698e-01  evt_align 1.342e+00
[12/04/26 22:32:05][src.callback.progress][INFO] - Epoch 4 step 800/192: loss 1.403e+00  global 6.541e-01  evt_align 1.337e+00
[12/04/26 22:32:12][src.callback.progress][INFO] - Epoch 4 step 820/192: loss 1.380e+00  global 6.279e-01  evt_align 1.317e+00
[12/04/26 22:32:20][src.callback.progress][INFO] - Epoch 4 step 840/192: loss 1.387e+00  global 7.444e-01  evt_align 1.313e+00
[12/04/26 22:32:26][src.callback.progress][INFO] - Epoch 4 step 860/192: loss 1.402e+00  global 6.634e-01  evt_align 1.336e+00
[12/04/26 22:32:33][src.callback.progress][INFO] - Epoch 4 step 880/192: loss 1.491e+00  global 6.542e-01  evt_align 1.426e+00
[12/04/26 22:32:40][src.callback.progress][INFO] - Epoch 4 step 900/192: loss 1.492e+00  global 9.081e-01  evt_align 1.401e+00
[12/04/26 22:32:47][src.callback.progress][INFO] - Epoch 4 step 920/192: loss 1.436e+00  global 7.783e-01  evt_align 1.358e+00
[12/04/26 22:32:54][src.callback.progress][INFO] - Epoch 4 step 940/192: loss 1.437e+00  global 9.167e-01  evt_align 1.345e+00
[12/04/26 22:33:01][src.callback.progress][INFO] - Epoch 4 step 960/192: loss 1.437e+00  global 6.891e-01  evt_align 1.368e+00
[12/04/26 22:33:01][src.callback.progress][INFO] - Epoch 4: v_loss 1.862e+00  loss 1.459e+00  v_global 2.037e+00  global 7.721e-01  v_t2m/len 1530  v_t2m/R01 14.11%  v_t2m/R02 18.43%  v_t2m/R03 27.05%  v_t2m/R05 35.09%  v_t2m/R10 46.0%  v_t2m/MedR 12.0%  v_m2t/len 1530  v_m2t/R01 16.34%  v_m2t/R02 18.04%  v_m2t/R03 25.62%  v_m2t/R05 33.45%  v_m2t/R10 45.29%  v_m2t/MedR 13.5%
[12/04/26 22:33:09][src.callback.progress][INFO] - Epoch 5 step 980/192: loss 1.685e+00  global 1.096e+00  evt_align 1.576e+00
[12/04/26 22:33:13][src.callback.progress][INFO] - Epoch 5 step 1000/192: loss 1.363e+00  global 9.062e-01  evt_align 1.272e+00
[12/04/26 22:33:18][src.callback.progress][INFO] - Epoch 5 step 1020/192: loss 1.511e+00  global 8.588e-01  evt_align 1.425e+00
[12/04/26 22:33:23][src.callback.progress][INFO] - Epoch 5 step 1040/192: loss 1.441e+00  global 7.740e-01  evt_align 1.363e+00
[12/04/26 22:33:28][src.callback.progress][INFO] - Epoch 5 step 1060/192: loss 1.618e+00  global 9.166e-01  evt_align 1.527e+00
[12/04/26 22:33:32][src.callback.progress][INFO] - Epoch 5 step 1080/192: loss 1.432e+00  global 8.715e-01  evt_align 1.345e+00
[12/04/26 22:33:37][src.callback.progress][INFO] - Epoch 5 step 1100/192: loss 1.457e+00  global 8.193e-01  evt_align 1.375e+00
[12/04/26 22:33:42][src.callback.progress][INFO] - Epoch 5 step 1120/192: loss 1.607e+00  global 7.965e-01  evt_align 1.528e+00
[12/04/26 22:33:47][src.callback.progress][INFO] - Epoch 5 step 1140/192: loss 1.659e+00  global 9.350e-01  evt_align 1.566e+00
[12/04/26 22:33:49][src.callback.progress][INFO] - Epoch 5: v_loss 1.876e+00  loss 1.511e+00  v_global 2.031e+00  global 8.669e-01  v_t2m/len 1530  v_t2m/R01 14.84%  v_t2m/R02 18.69%  v_t2m/R03 26.98%  v_t2m/R05 35.29%  v_t2m/R10 47.38%  v_t2m/MedR 12.0%  v_m2t/len 1530  v_m2t/R01 16.34%  v_m2t/R02 18.23%  v_m2t/R03 27.78%  v_m2t/R05 35.22%  v_m2t/R10 46.08%  v_m2t/MedR 13.0%
[12/04/26 22:33:54][src.callback.progress][INFO] - Epoch 6 step 1160/192: loss 1.548e+00  global 9.101e-01  evt_align 1.457e+00
[12/04/26 22:33:57][src.callback.progress][INFO] - Epoch 6 step 1180/192: loss 1.438e+00  global 8.471e-01  evt_align 1.353e+00
[12/04/26 22:34:01][src.callback.progress][INFO] - Epoch 6 step 1200/192: loss 1.421e+00  global 8.087e-01  evt_align 1.340e+00
[12/04/26 22:34:04][src.callback.progress][INFO] - Epoch 6 step 1220/192: loss 1.442e+00  global 9.243e-01  evt_align 1.350e+00
[12/04/26 22:34:08][src.callback.progress][INFO] - Epoch 6 step 1240/192: loss 1.452e+00  global 8.096e-01  evt_align 1.371e+00
[12/04/26 22:34:11][src.callback.progress][INFO] - Epoch 6 step 1260/192: loss 1.449e+00  global 8.039e-01  evt_align 1.369e+00
[12/04/26 22:34:15][src.callback.progress][INFO] - Epoch 6 step 1280/192: loss 1.465e+00  global 9.438e-01  evt_align 1.370e+00
[12/04/26 22:34:18][src.callback.progress][INFO] - Epoch 6 step 1300/192: loss 1.716e+00  global 8.949e-01  evt_align 1.626e+00
[12/04/26 22:34:22][src.callback.progress][INFO] - Epoch 6 step 1320/192: loss 1.674e+00  global 1.007e+00  evt_align 1.574e+00
[12/04/26 22:34:25][src.callback.progress][INFO] - Epoch 6 step 1340/192: loss 1.499e+00  global 8.170e-01  evt_align 1.417e+00
[12/04/26 22:34:27][src.callback.progress][INFO] - Epoch 6: v_loss 1.796e+00  loss 1.473e+00  v_global 1.975e+00  global 8.425e-01  v_t2m/len 1530  v_t2m/R01 15.75%  v_t2m/R02 18.88%  v_t2m/R03 25.87%  v_t2m/R05 35.22%  v_t2m/R10 48.75%  v_t2m/MedR 11.0%  v_m2t/len 1530  v_m2t/R01 16.6%  v_m2t/R02 19.02%  v_m2t/R03 29.35%  v_m2t/R05 37.25%  v_m2t/R10 46.59%  v_m2t/MedR 13.0%
[12/04/26 22:34:33][src.callback.progress][INFO] - Epoch 7 step 1360/192: loss 1.461e+00  global 7.021e-01  evt_align 1.390e+00
[12/04/26 22:34:35][src.callback.progress][INFO] - Epoch 7 step 1380/192: loss 1.526e+00  global 8.525e-01  evt_align 1.441e+00
[12/04/26 22:34:38][src.callback.progress][INFO] - Epoch 7 step 1400/192: loss 1.406e+00  global 1.005e+00  evt_align 1.305e+00
[12/04/26 22:34:41][src.callback.progress][INFO] - Epoch 7 step 1420/192: loss 1.184e+00  global 8.452e-01  evt_align 1.099e+00
[12/04/26 22:34:44][src.callback.progress][INFO] - Epoch 7 step 1440/192: loss 1.434e+00  global 8.796e-01  evt_align 1.346e+00
[12/04/26 22:34:47][src.callback.progress][INFO] - Epoch 7 step 1460/192: loss 1.425e+00  global 8.896e-01  evt_align 1.336e+00
[12/04/26 22:34:50][src.callback.progress][INFO] - Epoch 7 step 1480/192: loss 1.498e+00  global 8.956e-01  evt_align 1.408e+00
[12/04/26 22:34:53][src.callback.progress][INFO] - Epoch 7 step 1500/192: loss 1.382e+00  global 7.372e-01  evt_align 1.308e+00
[12/04/26 22:34:56][src.callback.progress][INFO] - Epoch 7 step 1520/192: loss 1.573e+00  global 7.843e-01  evt_align 1.494e+00
[12/04/26 22:34:58][src.callback.progress][INFO] - Epoch 7: v_loss 1.769e+00  loss 1.433e+00  v_global 1.953e+00  global 8.364e-01  v_t2m/len 1530  v_t2m/R01 15.1%  v_t2m/R02 18.95%  v_t2m/R03 26.79%  v_t2m/R05 35.36%  v_t2m/R10 48.43%  v_t2m/MedR 11.0%  v_m2t/len 1530  v_m2t/R01 16.67%  v_m2t/R02 18.55%  v_m2t/R03 29.4%  v_m2t/R05 36.99%  v_m2t/R10 47.06%  v_m2t/MedR 12.5%
[12/04/26 22:35:03][src.callback.progress][INFO] - Epoch 8 step 1540/192: loss 1.472e+00  global 8.464e-01  evt_align 1.387e+00
[12/04/26 22:35:06][src.callback.progress][INFO] - Epoch 8 step 1560/192: loss 1.453e+00  global 9.184e-01  evt_align 1.361e+00
[12/04/26 22:35:08][src.callback.progress][INFO] - Epoch 8 step 1580/192: loss 1.505e+00  global 7.649e-01  evt_align 1.428e+00
[12/04/26 22:35:10][src.callback.progress][INFO] - Epoch 8 step 1600/192: loss 1.358e+00  global 8.438e-01  evt_align 1.274e+00
[12/04/26 22:35:13][src.callback.progress][INFO] - Epoch 8 step 1620/192: loss 1.383e+00  global 8.771e-01  evt_align 1.296e+00
[12/04/26 22:35:15][src.callback.progress][INFO] - Epoch 8 step 1640/192: loss 1.491e+00  global 1.037e+00  evt_align 1.387e+00
[12/04/26 22:35:18][src.callback.progress][INFO] - Epoch 8 step 1660/192: loss 1.563e+00  global 8.645e-01  evt_align 1.476e+00
[12/04/26 22:35:20][src.callback.progress][INFO] - Epoch 8 step 1680/192: loss 1.324e+00  global 8.650e-01  evt_align 1.237e+00
[12/04/26 22:35:22][src.callback.progress][INFO] - Epoch 8 step 1700/192: loss 1.521e+00  global 6.937e-01  evt_align 1.452e+00
[12/04/26 22:35:24][src.callback.progress][INFO] - Epoch 8 step 1720/192: loss 1.358e+00  global 1.032e+00  evt_align 1.255e+00
[12/04/26 22:35:26][src.callback.progress][INFO] - Epoch 8: v_loss 1.786e+00  loss 1.463e+00  v_global 2.020e+00  global 8.678e-01  v_t2m/len 1530  v_t2m/R01 13.14%  v_t2m/R02 17.45%  v_t2m/R03 24.37%  v_t2m/R05 33.59%  v_t2m/R10 49.15%  v_t2m/MedR 11.0%  v_m2t/len 1530  v_m2t/R01 16.01%  v_m2t/R02 18.62%  v_m2t/R03 25.95%  v_m2t/R05 34.38%  v_m2t/R10 44.77%  v_m2t/MedR 13.5%
[12/04/26 22:35:31][src.callback.progress][INFO] - Epoch 9 step 1740/192: loss 1.227e+00  global 9.677e-01  evt_align 1.130e+00
[12/04/26 22:35:33][src.callback.progress][INFO] - Epoch 9 step 1760/192: loss 1.249e+00  global 8.577e-01  evt_align 1.163e+00
[12/04/26 22:35:35][src.callback.progress][INFO] - Epoch 9 step 1780/192: loss 1.409e+00  global 7.882e-01  evt_align 1.330e+00
[12/04/26 22:35:37][src.callback.progress][INFO] - Epoch 9 step 1800/192: loss 1.480e+00  global 8.364e-01  evt_align 1.397e+00
[12/04/26 22:35:40][src.callback.progress][INFO] - Epoch 9 step 1820/192: loss 1.272e+00  global 9.715e-01  evt_align 1.175e+00
[12/04/26 22:35:42][src.callback.progress][INFO] - Epoch 9 step 1840/192: loss 1.400e+00  global 6.950e-01  evt_align 1.330e+00
[12/04/26 22:35:44][src.callback.progress][INFO] - Epoch 9 step 1860/192: loss 1.352e+00  global 8.595e-01  evt_align 1.266e+00
[12/04/26 22:35:46][src.callback.progress][INFO] - Epoch 9 step 1880/192: loss 1.338e+00  global 8.713e-01  evt_align 1.251e+00
[12/04/26 22:35:48][src.callback.progress][INFO] - Epoch 9 step 1900/192: loss 1.533e+00  global 9.927e-01  evt_align 1.433e+00
[12/04/26 22:35:50][src.callback.progress][INFO] - Epoch 9 step 1920/192: loss 1.326e+00  global 8.290e-01  evt_align 1.244e+00
[12/04/26 22:35:51][src.callback.progress][INFO] - Epoch 9: v_loss 1.738e+00  loss 1.418e+00  v_global 1.940e+00  global 8.512e-01  v_t2m/len 1530  v_t2m/R01 14.89%  v_t2m/R02 19.21%  v_t2m/R03 26.6%  v_t2m/R05 34.7%  v_t2m/R10 48.95%  v_t2m/MedR 11.0%  v_m2t/len 1530  v_m2t/R01 17.12%  v_m2t/R02 19.21%  v_m2t/R03 28.81%  v_m2t/R05 35.68%  v_m2t/R10 46.79%  v_m2t/MedR 13.0%
[12/04/26 22:35:57][src.callback.progress][INFO] - Epoch 10 step 1940/192: loss 1.590e+00  global 9.174e-01  evt_align 1.498e+00
[12/04/26 22:35:59][src.callback.progress][INFO] - Epoch 10 step 1960/192: loss 1.580e+00  global 9.172e-01  evt_align 1.488e+00
[12/04/26 22:36:01][src.callback.progress][INFO] - Epoch 10 step 1980/192: loss 1.412e+00  global 9.009e-01  evt_align 1.322e+00
[12/04/26 22:36:02][src.callback.progress][INFO] - Epoch 10 step 2000/192: loss 1.658e+00  global 9.112e-01  evt_align 1.567e+00
[12/04/26 22:36:04][src.callback.progress][INFO] - Epoch 10 step 2020/192: loss 1.536e+00  global 9.483e-01  evt_align 1.441e+00
[12/04/26 22:36:06][src.callback.progress][INFO] - Epoch 10 step 2040/192: loss 1.309e+00  global 8.500e-01  evt_align 1.224e+00
[12/04/26 22:36:08][src.callback.progress][INFO] - Epoch 10 step 2060/192: loss 1.627e+00  global 8.763e-01  evt_align 1.539e+00
[12/04/26 22:36:10][src.callback.progress][INFO] - Epoch 10 step 2080/192: loss 1.436e+00  global 8.590e-01  evt_align 1.350e+00
[12/04/26 22:36:12][src.callback.progress][INFO] - Epoch 10 step 2100/192: loss 1.551e+00  global 1.138e+00  evt_align 1.438e+00
[12/04/26 22:36:13][src.callback.progress][INFO] - Epoch 10: v_loss 1.835e+00  loss 1.495e+00  v_global 2.037e+00  global 9.334e-01  v_t2m/len 1530  v_t2m/R01 14.43%  v_t2m/R02 18.76%  v_t2m/R03 25.87%  v_t2m/R05 34.5%  v_t2m/R10 47.11%  v_t2m/MedR 12.0%  v_m2t/len 1530  v_m2t/R01 16.07%  v_m2t/R02 18.29%  v_m2t/R03 27.05%  v_m2t/R05 34.04%  v_m2t/R10 45.29%  v_m2t/MedR 13.5%
[12/04/26 22:36:17][src.callback.progress][INFO] - Epoch 11 step 2120/192: loss 1.377e+00  global 8.874e-01  evt_align 1.288e+00
[12/04/26 22:36:19][src.callback.progress][INFO] - Epoch 11 step 2140/192: loss 1.417e+00  global 8.129e-01  evt_align 1.335e+00
[12/04/26 22:36:21][src.callback.progress][INFO] - Epoch 11 step 2160/192: loss 1.515e+00  global 1.030e+00  evt_align 1.412e+00
[12/04/26 22:36:22][src.callback.progress][INFO] - Epoch 11 step 2180/192: loss 1.418e+00  global 8.785e-01  evt_align 1.330e+00
[12/04/26 22:36:24][src.callback.progress][INFO] - Epoch 11 step 2200/192: loss 1.379e+00  global 8.738e-01  evt_align 1.292e+00
[12/04/26 22:36:26][src.callback.progress][INFO] - Epoch 11 step 2220/192: loss 1.358e+00  global 1.040e+00  evt_align 1.254e+00
[12/04/26 22:36:28][src.callback.progress][INFO] - Epoch 11 step 2240/192: loss 1.564e+00  global 8.474e-01  evt_align 1.480e+00
[12/04/26 22:36:30][src.callback.progress][INFO] - Epoch 11 step 2260/192: loss 1.466e+00  global 9.757e-01  evt_align 1.368e+00
[12/04/26 22:36:32][src.callback.progress][INFO] - Epoch 11 step 2280/192: loss 1.646e+00  global 9.908e-01  evt_align 1.547e+00
[12/04/26 22:36:33][src.callback.progress][INFO] - Epoch 11 step 2300/192: loss 1.406e+00  global 8.576e-01  evt_align 1.320e+00
[12/04/26 22:36:34][src.callback.progress][INFO] - Epoch 11: v_loss 1.752e+00  loss 1.463e+00  v_global 2.008e+00  global 9.300e-01  v_t2m/len 1530  v_t2m/R01 15.88%  v_t2m/R02 20.85%  v_t2m/R03 27.7%  v_t2m/R05 35.88%  v_t2m/R10 47.45%  v_t2m/MedR 11.0%  v_m2t/len 1530  v_m2t/R01 15.48%  v_m2t/R02 17.64%  v_m2t/R03 28.23%  v_m2t/R05 35.02%  v_m2t/R10 45.49%  v_m2t/MedR 13.5%
[12/04/26 22:36:39][src.callback.progress][INFO] - Epoch 12 step 2320/192: loss 1.385e+00  global 8.613e-01  evt_align 1.298e+00
[12/04/26 22:36:41][src.callback.progress][INFO] - Epoch 12 step 2340/192: loss 1.527e+00  global 9.828e-01  evt_align 1.429e+00
[12/04/26 22:36:43][src.callback.progress][INFO] - Epoch 12 step 2360/192: loss 1.352e+00  global 9.000e-01  evt_align 1.262e+00
[12/04/26 22:36:44][src.callback.progress][INFO] - Epoch 12 step 2380/192: loss 1.512e+00  global 8.891e-01  evt_align 1.423e+00
[12/04/26 22:36:46][src.callback.progress][INFO] - Epoch 12 step 2400/192: loss 1.289e+00  global 8.464e-01  evt_align 1.204e+00
[12/04/26 22:36:47][src.callback.progress][INFO] - Epoch 12 step 2420/192: loss 1.329e+00  global 1.075e+00  evt_align 1.222e+00
[12/04/26 22:36:49][src.callback.progress][INFO] - Epoch 12 step 2440/192: loss 1.373e+00  global 8.631e-01  evt_align 1.286e+00
[12/04/26 22:36:51][src.callback.progress][INFO] - Epoch 12 step 2460/192: loss 1.518e+00  global 9.484e-01  evt_align 1.423e+00
[12/04/26 22:36:52][src.callback.progress][INFO] - Epoch 12 step 2480/192: loss 1.549e+00  global 1.068e+00  evt_align 1.442e+00
[12/04/26 22:36:54][src.callback.progress][INFO] - Epoch 12: v_loss 1.729e+00  loss 1.439e+00  v_global 1.980e+00  global 9.283e-01  v_t2m/len 1530  v_t2m/R01 15.48%  v_t2m/R02 20.32%  v_t2m/R03 27.64%  v_t2m/R05 35.49%  v_t2m/R10 48.56%  v_t2m/MedR 11.0%  v_m2t/len 1530  v_m2t/R01 16.2%  v_m2t/R02 18.17%  v_m2t/R03 27.12%  v_m2t/R05 34.31%  v_m2t/R10 45.49%  v_m2t/MedR 13.5%
[12/04/26 22:36:58][src.callback.progress][INFO] - Epoch 13 step 2500/192: loss 1.296e+00  global 9.403e-01  evt_align 1.202e+00
[12/04/26 22:37:00][src.callback.progress][INFO] - Epoch 13 step 2520/192: loss 1.454e+00  global 9.895e-01  evt_align 1.355e+00
[12/04/26 22:37:01][src.callback.progress][INFO] - Epoch 13 step 2540/192: loss 1.413e+00  global 9.515e-01  evt_align 1.318e+00
[12/04/26 22:37:03][src.callback.progress][INFO] - Epoch 13 step 2560/192: loss 1.340e+00  global 9.071e-01  evt_align 1.249e+00
[12/04/26 22:37:04][src.callback.progress][INFO] - Epoch 13 step 2580/192: loss 1.315e+00  global 1.016e+00  evt_align 1.214e+00
[12/04/26 22:37:06][src.callback.progress][INFO] - Epoch 13 step 2600/192: loss 1.538e+00  global 8.149e-01  evt_align 1.456e+00
[12/04/26 22:37:07][src.callback.progress][INFO] - Epoch 13 step 2620/192: loss 1.486e+00  global 9.455e-01  evt_align 1.391e+00
[12/04/26 22:37:09][src.callback.progress][INFO] - Epoch 13 step 2640/192: loss 1.570e+00  global 9.397e-01  evt_align 1.476e+00
[12/04/26 22:37:10][src.callback.progress][INFO] - Epoch 13 step 2660/192: loss 1.308e+00  global 9.062e-01  evt_align 1.217e+00
[12/04/26 22:37:12][src.callback.progress][INFO] - Epoch 13 step 2680/192: loss 1.589e+00  global 1.016e+00  evt_align 1.487e+00
[12/04/26 22:37:13][src.callback.progress][INFO] - Epoch 13: v_loss 1.796e+00  loss 1.481e+00  v_global 2.026e+00  global 9.485e-01  v_t2m/len 1530  v_t2m/R01 14.57%  v_t2m/R02 19.61%  v_t2m/R03 27.38%  v_t2m/R05 36.79%  v_t2m/R10 48.09%  v_t2m/MedR 11.25%  v_m2t/len 1530  v_m2t/R01 16.54%  v_m2t/R02 18.81%  v_m2t/R03 27.84%  v_m2t/R05 35.02%  v_m2t/R10 45.56%  v_m2t/MedR 13.5%
[12/04/26 22:37:17][src.callback.progress][INFO] - Epoch 14 step 2700/192: loss 1.444e+00  global 9.358e-01  evt_align 1.350e+00
[12/04/26 22:37:19][src.callback.progress][INFO] - Epoch 14 step 2720/192: loss 1.526e+00  global 1.038e+00  evt_align 1.422e+00
[12/04/26 22:37:20][src.callback.progress][INFO] - Epoch 14 step 2740/192: loss 1.728e+00  global 1.329e+00  evt_align 1.595e+00
[12/04/26 22:37:21][src.callback.progress][INFO] - Epoch 14 step 2760/192: loss 1.542e+00  global 9.630e-01  evt_align 1.445e+00
[12/04/26 22:37:23][src.callback.progress][INFO] - Epoch 14 step 2780/192: loss 1.415e+00  global 8.495e-01  evt_align 1.330e+00
[12/04/26 22:37:24][src.callback.progress][INFO] - Epoch 14 step 2800/192: loss 1.533e+00  global 8.277e-01  evt_align 1.450e+00
[12/04/26 22:37:26][src.callback.progress][INFO] - Epoch 14 step 2820/192: loss 1.516e+00  global 9.754e-01  evt_align 1.418e+00
[12/04/26 22:37:27][src.callback.progress][INFO] - Epoch 14 step 2840/192: loss 1.544e+00  global 9.759e-01  evt_align 1.446e+00
[12/04/26 22:37:29][src.callback.progress][INFO] - Epoch 14 step 2860/192: loss 1.536e+00  global 9.582e-01  evt_align 1.441e+00
[12/04/26 22:37:30][src.callback.progress][INFO] - Epoch 14 step 2880/192: loss 1.350e+00  global 9.198e-01  evt_align 1.258e+00
[12/04/26 22:37:31][src.callback.progress][INFO] - Epoch 14: v_loss 1.841e+00  loss 1.512e+00  v_global 1.994e+00  global 9.974e-01  v_t2m/len 1530  v_t2m/R01 15.35%  v_t2m/R02 19.54%  v_t2m/R03 26.2%  v_t2m/R05 35.29%  v_t2m/R10 48.95%  v_t2m/MedR 11.0%  v_m2t/len 1530  v_m2t/R01 17.12%  v_m2t/R02 19.14%  v_m2t/R03 28.81%  v_m2t/R05 34.31%  v_m2t/R10 45.15%  v_m2t/MedR 12.75%
[12/04/26 22:37:35][src.callback.progress][INFO] - Epoch 15 step 2900/192: loss 1.448e+00  global 1.095e+00  evt_align 1.339e+00
[12/04/26 22:37:37][src.callback.progress][INFO] - Epoch 15 step 2920/192: loss 1.413e+00  global 9.284e-01  evt_align 1.320e+00
[12/04/26 22:37:38][src.callback.progress][INFO] - Epoch 15 step 2940/192: loss 1.460e+00  global 1.091e+00  evt_align 1.351e+00
[12/04/26 22:37:40][src.callback.progress][INFO] - Epoch 15 step 2960/192: loss 1.534e+00  global 1.076e+00  evt_align 1.427e+00
[12/04/26 22:37:41][src.callback.progress][INFO] - Epoch 15 step 2980/192: loss 1.488e+00  global 1.074e+00  evt_align 1.381e+00
[12/04/26 22:37:43][src.callback.progress][INFO] - Epoch 15 step 3000/192: loss 1.564e+00  global 8.245e-01  evt_align 1.482e+00
[12/04/26 22:37:44][src.callback.progress][INFO] - Epoch 15 step 3020/192: loss 1.489e+00  global 1.084e+00  evt_align 1.380e+00
[12/04/26 22:37:46][src.callback.progress][INFO] - Epoch 15 step 3040/192: loss 1.450e+00  global 1.008e+00  evt_align 1.349e+00
[12/04/26 22:37:47][src.callback.progress][INFO] - Epoch 15 step 3060/192: loss 1.491e+00  global 1.059e+00  evt_align 1.385e+00
[12/04/26 22:37:49][src.callback.progress][INFO] - Epoch 15: v_loss 1.785e+00  loss 1.500e+00  v_global 1.946e+00  global 1.003e+00  v_t2m/len 1530  v_t2m/R01 14.77%  v_t2m/R02 19.54%  v_t2m/R03 27.19%  v_t2m/R05 34.84%  v_t2m/R10 48.56%  v_t2m/MedR 11.0%  v_m2t/len 1530  v_m2t/R01 15.75%  v_m2t/R02 17.45%  v_m2t/R03 26.72%  v_m2t/R05 33.4%  v_m2t/R10 44.7%  v_m2t/MedR 13.5%
[12/04/26 22:37:52][src.callback.progress][INFO] - Epoch 16 step 3080/192: loss 1.334e+00  global 1.061e+00  evt_align 1.228e+00
[12/04/26 22:37:54][src.callback.progress][INFO] - Epoch 16 step 3100/192: loss 1.566e+00  global 1.023e+00  evt_align 1.464e+00
[12/04/26 22:37:55][src.callback.progress][INFO] - Epoch 16 step 3120/192: loss 1.507e+00  global 8.751e-01  evt_align 1.419e+00
[12/04/26 22:37:57][src.callback.progress][INFO] - Epoch 16 step 3140/192: loss 1.450e+00  global 1.122e+00  evt_align 1.338e+00
[12/04/26 22:37:58][src.callback.progress][INFO] - Epoch 16 step 3160/192: loss 1.569e+00  global 1.198e+00  evt_align 1.449e+00
[12/04/26 22:38:00][src.callback.progress][INFO] - Epoch 16 step 3180/192: loss 1.296e+00  global 8.613e-01  evt_align 1.210e+00
[12/04/26 22:38:02][src.callback.progress][INFO] - Epoch 16 step 3200/192: loss 1.362e+00  global 1.057e+00  evt_align 1.257e+00
[12/04/26 22:38:03][src.callback.progress][INFO] - Epoch 16 step 3220/192: loss 1.516e+00  global 1.046e+00  evt_align 1.411e+00
[12/04/26 22:38:05][src.callback.progress][INFO] - Epoch 16 step 3240/192: loss 1.515e+00  global 1.157e+00  evt_align 1.400e+00
[12/04/26 22:38:06][src.callback.progress][INFO] - Epoch 16 step 3260/192: loss 1.508e+00  global 1.034e+00  evt_align 1.405e+00
[12/04/26 22:38:07][src.callback.progress][INFO] - Epoch 16: v_loss 1.786e+00  loss 1.505e+00  v_global 1.981e+00  global 1.043e+00  v_t2m/len 1530  v_t2m/R01 15.02%  v_t2m/R02 18.55%  v_t2m/R03 26.4%  v_t2m/R05 35.02%  v_t2m/R10 48.5%  v_t2m/MedR 11.0%  v_m2t/len 1530  v_m2t/R01 16.13%  v_m2t/R02 18.5%  v_m2t/R03 28.23%  v_m2t/R05 33.99%  v_m2t/R10 44.7%  v_m2t/MedR 14.0%
[12/04/26 22:38:11][src.callback.progress][INFO] - Epoch 17 step 3280/192: loss 1.401e+00  global 9.785e-01  evt_align 1.304e+00
[12/04/26 22:38:13][src.callback.progress][INFO] - Epoch 17 step 3300/192: loss 1.484e+00  global 1.142e+00  evt_align 1.370e+00
[12/04/26 22:38:14][src.callback.progress][INFO] - Epoch 17 step 3320/192: loss 1.467e+00  global 9.805e-01  evt_align 1.369e+00
[12/04/26 22:38:16][src.callback.progress][INFO] - Epoch 17 step 3340/192: loss 1.650e+00  global 1.184e+00  evt_align 1.532e+00
[12/04/26 22:38:17][src.callback.progress][INFO] - Epoch 17 step 3360/192: loss 1.519e+00  global 1.105e+00  evt_align 1.408e+00
[12/04/26 22:38:19][src.callback.progress][INFO] - Epoch 17 step 3380/192: loss 1.589e+00  global 9.820e-01  evt_align 1.491e+00
[12/04/26 22:38:20][src.callback.progress][INFO] - Epoch 17 step 3400/192: loss 1.526e+00  global 9.780e-01  evt_align 1.428e+00
[12/04/26 22:38:22][src.callback.progress][INFO] - Epoch 17 step 3420/192: loss 1.456e+00  global 1.130e+00  evt_align 1.343e+00
[12/04/26 22:38:23][src.callback.progress][INFO] - Epoch 17 step 3440/192: loss 1.520e+00  global 1.026e+00  evt_align 1.418e+00
[12/04/26 22:38:25][src.callback.progress][INFO] - Epoch 17: v_loss 1.744e+00  loss 1.496e+00  v_global 1.973e+00  global 1.057e+00  v_t2m/len 1530  v_t2m/R01 15.22%  v_t2m/R02 18.17%  v_t2m/R03 27.05%  v_t2m/R05 35.75%  v_t2m/R10 48.5%  v_t2m/MedR 11.0%  v_m2t/len 1530  v_m2t/R01 16.4%  v_m2t/R02 19.47%  v_m2t/R03 27.52%  v_m2t/R05 35.15%  v_m2t/R10 46.72%  v_m2t/MedR 12.5%
[12/04/26 22:38:29][src.callback.progress][INFO] - Epoch 18 step 3460/192: loss 1.518e+00  global 1.045e+00  evt_align 1.413e+00
[12/04/26 22:38:30][src.callback.progress][INFO] - Epoch 18 step 3480/192: loss 1.470e+00  global 1.042e+00  evt_align 1.366e+00
[12/04/26 22:38:32][src.callback.progress][INFO] - Epoch 18 step 3500/192: loss 1.415e+00  global 1.212e+00  evt_align 1.294e+00
[12/04/26 22:38:33][src.callback.progress][INFO] - Epoch 18 step 3520/192: loss 1.426e+00  global 1.045e+00  evt_align 1.322e+00
[12/04/26 22:38:35][src.callback.progress][INFO] - Epoch 18 step 3540/192: loss 1.439e+00  global 9.121e-01  evt_align 1.348e+00
[12/04/26 22:38:36][src.callback.progress][INFO] - Epoch 18 step 3560/192: loss 1.508e+00  global 8.867e-01  evt_align 1.419e+00
[12/04/26 22:38:38][src.callback.progress][INFO] - Epoch 18 step 3580/192: loss 1.402e+00  global 1.128e+00  evt_align 1.290e+00
[12/04/26 22:38:39][src.callback.progress][INFO] - Epoch 18 step 3600/192: loss 1.343e+00  global 1.031e+00  evt_align 1.240e+00
[12/04/26 22:38:41][src.callback.progress][INFO] - Epoch 18 step 3620/192: loss 1.396e+00  global 1.025e+00  evt_align 1.294e+00
[12/04/26 22:38:42][src.callback.progress][INFO] - Epoch 18 step 3640/192: loss 1.342e+00  global 8.857e-01  evt_align 1.253e+00
[12/04/26 22:38:43][src.callback.progress][INFO] - Epoch 18: v_loss 1.690e+00  loss 1.434e+00  v_global 1.935e+00  global 1.025e+00  v_t2m/len 1530  v_t2m/R01 14.89%  v_t2m/R02 19.87%  v_t2m/R03 27.9%  v_t2m/R05 35.88%  v_t2m/R10 48.75%  v_t2m/MedR 11.0%  v_m2t/len 1530  v_m2t/R01 15.56%  v_m2t/R02 17.7%  v_m2t/R03 28.5%  v_m2t/R05 35.95%  v_m2t/R10 47.65%  v_m2t/MedR 12.5%
[12/04/26 22:38:48][src.callback.progress][INFO] - Epoch 19 step 3660/192: loss 1.302e+00  global 8.261e-01  evt_align 1.220e+00
[12/04/26 22:38:50][src.callback.progress][INFO] - Epoch 19 step 3680/192: loss 1.313e+00  global 8.358e-01  evt_align 1.230e+00
[12/04/26 22:38:51][src.callback.progress][INFO] - Epoch 19 step 3700/192: loss 1.444e+00  global 8.423e-01  evt_align 1.360e+00
[12/04/26 22:38:53][src.callback.progress][INFO] - Epoch 19 step 3720/192: loss 1.321e+00  global 1.086e+00  evt_align 1.213e+00
[12/04/26 22:38:54][src.callback.progress][INFO] - Epoch 19 step 3740/192: loss 1.372e+00  global 1.122e+00  evt_align 1.260e+00
[12/04/26 22:38:56][src.callback.progress][INFO] - Epoch 19 step 3760/192: loss 1.418e+00  global 1.121e+00  evt_align 1.306e+00
[12/04/26 22:38:57][src.callback.progress][INFO] - Epoch 19 step 3780/192: loss 1.440e+00  global 1.001e+00  evt_align 1.340e+00
[12/04/26 22:38:58][src.callback.progress][INFO] - Epoch 19 step 3800/192: loss 1.271e+00  global 1.132e+00  evt_align 1.158e+00
[12/04/26 22:39:00][src.callback.progress][INFO] - Epoch 19 step 3820/192: loss 1.469e+00  global 1.229e+00  evt_align 1.346e+00
[12/04/26 22:39:01][src.callback.progress][INFO] - Epoch 19 step 3840/192: loss 1.213e+00  global 1.008e+00  evt_align 1.112e+00
[12/04/26 22:39:02][src.callback.progress][INFO] - Epoch 19: v_loss 1.738e+00  loss 1.418e+00  v_global 1.977e+00  global 1.025e+00  v_t2m/len 1530  v_t2m/R01 15.56%  v_t2m/R02 20.64%  v_t2m/R03 26.93%  v_t2m/R05 34.58%  v_t2m/R10 47.7%  v_t2m/MedR 12.0%  v_m2t/len 1530  v_m2t/R01 15.81%  v_m2t/R02 17.7%  v_m2t/R03 26.86%  v_m2t/R05 35.09%  v_m2t/R10 46.47%  v_m2t/MedR 13.0%
[12/04/26 22:39:07][src.callback.progress][INFO] - Epoch 20 step 3860/192: loss 1.444e+00  global 1.066e+00  evt_align 1.337e+00
[12/04/26 22:39:08][src.callback.progress][INFO] - Epoch 20 step 3880/192: loss 1.451e+00  global 9.179e-01  evt_align 1.359e+00
[12/04/26 22:39:10][src.callback.progress][INFO] - Epoch 20 step 3900/192: loss 1.573e+00  global 1.347e+00  evt_align 1.438e+00
[12/04/26 22:39:11][src.callback.progress][INFO] - Epoch 20 step 3920/192: loss 1.225e+00  global 1.071e+00  evt_align 1.118e+00
[12/04/26 22:39:13][src.callback.progress][INFO] - Epoch 20 step 3940/192: loss 1.442e+00  global 1.081e+00  evt_align 1.334e+00
[12/04/26 22:39:14][src.callback.progress][INFO] - Epoch 20 step 3960/192: loss 1.388e+00  global 1.128e+00  evt_align 1.275e+00
[12/04/26 22:39:15][src.callback.progress][INFO] - Epoch 20 step 3980/192: loss 1.320e+00  global 1.120e+00  evt_align 1.208e+00
[12/04/26 22:39:17][src.callback.progress][INFO] - Epoch 20 step 4000/192: loss 1.479e+00  global 1.081e+00  evt_align 1.371e+00
[12/04/26 22:39:18][src.callback.progress][INFO] - Epoch 20 step 4020/192: loss 1.757e+00  global 1.009e+00  evt_align 1.656e+00
[12/04/26 22:39:20][src.callback.progress][INFO] - Epoch 20: v_loss 1.737e+00  loss 1.451e+00  v_global 1.972e+00  global 1.065e+00  v_t2m/len 1530  v_t2m/R01 15.48%  v_t2m/R02 20.64%  v_t2m/R03 27.12%  v_t2m/R05 34.38%  v_t2m/R10 49.02%  v_t2m/MedR 11.0%  v_m2t/len 1530  v_m2t/R01 16.67%  v_m2t/R02 19.14%  v_m2t/R03 27.52%  v_m2t/R05 34.63%  v_m2t/R10 47.06%  v_m2t/MedR 12.0%
[12/04/26 22:39:25][src.callback.progress][INFO] - Epoch 21 step 4040/192: loss 1.505e+00  global 1.001e+00  evt_align 1.405e+00
[12/04/26 22:39:26][src.callback.progress][INFO] - Epoch 21 step 4060/192: loss 1.511e+00  global 1.307e+00  evt_align 1.380e+00
[12/04/26 22:39:27][src.callback.progress][INFO] - Epoch 21 step 4080/192: loss 1.598e+00  global 1.157e+00  evt_align 1.482e+00
[12/04/26 22:39:29][src.callback.progress][INFO] - Epoch 21 step 4100/192: loss 1.366e+00  global 9.568e-01  evt_align 1.270e+00
[12/04/26 22:39:30][src.callback.progress][INFO] - Epoch 21 step 4120/192: loss 1.492e+00  global 1.054e+00  evt_align 1.387e+00
[12/04/26 22:39:32][src.callback.progress][INFO] - Epoch 21 step 4140/192: loss 1.440e+00  global 1.201e+00  evt_align 1.320e+00
[12/04/26 22:39:33][src.callback.progress][INFO] - Epoch 21 step 4160/192: loss 1.506e+00  global 1.143e+00  evt_align 1.392e+00
[12/04/26 22:39:34][src.callback.progress][INFO] - Epoch 21 step 4180/192: loss 1.423e+00  global 1.125e+00  evt_align 1.311e+00
[12/04/26 22:39:36][src.callback.progress][INFO] - Epoch 21 step 4200/192: loss 1.394e+00  global 9.425e-01  evt_align 1.300e+00
[12/04/26 22:39:37][src.callback.progress][INFO] - Epoch 21 step 4220/192: loss 1.548e+00  global 1.309e+00  evt_align 1.417e+00
[12/04/26 22:39:38][src.callback.progress][INFO] - Epoch 21: v_loss 1.706e+00  loss 1.503e+00  v_global 1.944e+00  global 1.127e+00  v_t2m/len 1530  v_t2m/R01 16.07%  v_t2m/R02 21.18%  v_t2m/R03 28.43%  v_t2m/R05 35.41%  v_t2m/R10 48.81%  v_t2m/MedR 11.0%  v_m2t/len 1530  v_m2t/R01 16.07%  v_m2t/R02 18.5%  v_m2t/R03 29.02%  v_m2t/R05 37.38%  v_m2t/R10 48.29%  v_m2t/MedR 11.5%
[12/04/26 22:39:45][src.callback.progress][INFO] - Epoch 22 step 4240/192: loss 1.647e+00  global 1.028e+00  evt_align 1.545e+00
[12/04/26 22:39:47][src.callback.progress][INFO] - Epoch 22 step 4260/192: loss 1.464e+00  global 1.185e+00  evt_align 1.346e+00
[12/04/26 22:39:48][src.callback.progress][INFO] - Epoch 22 step 4280/192: loss 1.489e+00  global 1.017e+00  evt_align 1.387e+00
[12/04/26 22:39:50][src.callback.progress][INFO] - Epoch 22 step 4300/192: loss 1.630e+00  global 1.102e+00  evt_align 1.519e+00
[12/04/26 22:39:51][src.callback.progress][INFO] - Epoch 22 step 4320/192: loss 1.475e+00  global 1.061e+00  evt_align 1.368e+00
[12/04/26 22:39:52][src.callback.progress][INFO] - Epoch 22 step 4340/192: loss 1.480e+00  global 9.249e-01  evt_align 1.388e+00
[12/04/26 22:39:54][src.callback.progress][INFO] - Epoch 22 step 4360/192: loss 1.376e+00  global 1.064e+00  evt_align 1.270e+00
[12/04/26 22:39:55][src.callback.progress][INFO] - Epoch 22 step 4380/192: loss 1.539e+00  global 1.127e+00  evt_align 1.426e+00
[12/04/26 22:39:57][src.callback.progress][INFO] - Epoch 22 step 4400/192: loss 1.519e+00  global 1.250e+00  evt_align 1.394e+00
[12/04/26 22:39:59][src.callback.progress][INFO] - Epoch 22: v_loss 1.708e+00  loss 1.477e+00  v_global 1.961e+00  global 1.064e+00  v_t2m/len 1530  v_t2m/R01 16.07%  v_t2m/R02 21.37%  v_t2m/R03 28.17%  v_t2m/R05 34.84%  v_t2m/R10 47.9%  v_t2m/MedR 12.0%  v_m2t/len 1530  v_m2t/R01 13.78%  v_m2t/R02 16.13%  v_m2t/R03 25.87%  v_m2t/R05 33.86%  v_m2t/R10 45.61%  v_m2t/MedR 13.0%
[12/04/26 22:40:04][src.callback.progress][INFO] - Epoch 23 step 4420/192: loss 1.472e+00  global 1.073e+00  evt_align 1.365e+00
[12/04/26 22:40:06][src.callback.progress][INFO] - Epoch 23 step 4440/192: loss 1.570e+00  global 1.090e+00  evt_align 1.461e+00
[12/04/26 22:40:07][src.callback.progress][INFO] - Epoch 23 step 4460/192: loss 1.414e+00  global 1.040e+00  evt_align 1.310e+00
[12/04/26 22:40:09][src.callback.progress][INFO] - Epoch 23 step 4480/192: loss 1.337e+00  global 1.002e+00  evt_align 1.237e+00
[12/04/26 22:40:10][src.callback.progress][INFO] - Epoch 23 step 4500/192: loss 1.434e+00  global 1.068e+00  evt_align 1.327e+00
[12/04/26 22:40:12][src.callback.progress][INFO] - Epoch 23 step 4520/192: loss 1.391e+00  global 9.798e-01  evt_align 1.293e+00
[12/04/26 22:40:13][src.callback.progress][INFO] - Epoch 23 step 4540/192: loss 1.450e+00  global 1.183e+00  evt_align 1.332e+00
[12/04/26 22:40:14][src.callback.progress][INFO] - Epoch 23 step 4560/192: loss 1.444e+00  global 9.828e-01  evt_align 1.346e+00
[12/04/26 22:40:16][src.callback.progress][INFO] - Epoch 23 step 4580/192: loss 1.454e+00  global 1.088e+00  evt_align 1.345e+00
[12/04/26 22:40:17][src.callback.progress][INFO] - Epoch 23 step 4600/192: loss 1.533e+00  global 1.111e+00  evt_align 1.422e+00
[12/04/26 22:40:18][src.callback.progress][INFO] - Epoch 23: v_loss 1.714e+00  loss 1.452e+00  v_global 1.959e+00  global 1.067e+00  v_t2m/len 1530  v_t2m/R01 14.05%  v_t2m/R02 17.78%  v_t2m/R03 26.27%  v_t2m/R05 34.7%  v_t2m/R10 47.65%  v_t2m/MedR 12.0%  v_m2t/len 1530  v_m2t/R01 15.61%  v_m2t/R02 18.37%  v_m2t/R03 26.86%  v_m2t/R05 35.36%  v_m2t/R10 46.13%  v_m2t/MedR 13.25%
[12/04/26 22:40:22][src.callback.progress][INFO] - Epoch 24 step 4620/192: loss 1.464e+00  global 1.086e+00  evt_align 1.356e+00
[12/04/26 22:40:24][src.callback.progress][INFO] - Epoch 24 step 4640/192: loss 1.341e+00  global 9.229e-01  evt_align 1.249e+00
[12/04/26 22:40:25][src.callback.progress][INFO] - Epoch 24 step 4660/192: loss 1.515e+00  global 9.517e-01  evt_align 1.420e+00
[12/04/26 22:40:27][src.callback.progress][INFO] - Epoch 24 step 4680/192: loss 1.659e+00  global 1.302e+00  evt_align 1.528e+00
[12/04/26 22:40:28][src.callback.progress][INFO] - Epoch 24 step 4700/192: loss 1.368e+00  global 9.966e-01  evt_align 1.268e+00
[12/04/26 22:40:30][src.callback.progress][INFO] - Epoch 24 step 4720/192: loss 1.566e+00  global 1.243e+00  evt_align 1.441e+00
[12/04/26 22:40:31][src.callback.progress][INFO] - Epoch 24 step 4740/192: loss 1.443e+00  global 1.094e+00  evt_align 1.334e+00
[12/04/26 22:40:33][src.callback.progress][INFO] - Epoch 24 step 4760/192: loss 1.549e+00  global 9.769e-01  evt_align 1.451e+00
[12/04/26 22:40:34][src.callback.progress][INFO] - Epoch 24 step 4780/192: loss 1.352e+00  global 9.896e-01  evt_align 1.253e+00
[12/04/26 22:40:35][src.callback.progress][INFO] - Epoch 24 step 4800/192: loss 1.333e+00  global 1.031e+00  evt_align 1.230e+00
[12/04/26 22:40:36][src.callback.progress][INFO] - Epoch 24: v_loss 1.694e+00  loss 1.485e+00  v_global 1.965e+00  global 1.086e+00  v_t2m/len 1530  v_t2m/R01 14.38%  v_t2m/R02 18.43%  v_t2m/R03 26.01%  v_t2m/R05 33.52%  v_t2m/R10 43.99%  v_t2m/MedR 13.0%  v_m2t/len 1530  v_m2t/R01 15.15%  v_m2t/R02 17.19%  v_m2t/R03 26.54%  v_m2t/R05 33.13%  v_m2t/R10 44.77%  v_m2t/MedR 13.5%
[12/04/26 22:40:42][src.callback.progress][INFO] - Epoch 25 step 4820/192: loss 1.381e+00  global 1.041e+00  evt_align 1.277e+00
[12/04/26 22:40:44][src.callback.progress][INFO] - Epoch 25 step 4840/192: loss 1.392e+00  global 1.081e+00  evt_align 1.284e+00
[12/04/26 22:40:45][src.callback.progress][INFO] - Epoch 25 step 4860/192: loss 1.557e+00  global 1.302e+00  evt_align 1.427e+00
[12/04/26 22:40:47][src.callback.progress][INFO] - Epoch 25 step 4880/192: loss 1.534e+00  global 1.093e+00  evt_align 1.425e+00
[12/04/26 22:40:48][src.callback.progress][INFO] - Epoch 25 step 4900/192: loss 1.384e+00  global 1.047e+00  evt_align 1.279e+00
[12/04/26 22:40:50][src.callback.progress][INFO] - Epoch 25 step 4920/192: loss 1.345e+00  global 1.019e+00  evt_align 1.243e+00
[12/04/26 22:40:51][src.callback.progress][INFO] - Epoch 25 step 4940/192: loss 1.457e+00  global 1.124e+00  evt_align 1.344e+00
[12/04/26 22:40:53][src.callback.progress][INFO] - Epoch 25 step 4960/192: loss 1.493e+00  global 1.283e+00  evt_align 1.365e+00
[12/04/26 22:40:54][src.callback.progress][INFO] - Epoch 25 step 4980/192: loss 1.446e+00  global 1.336e+00  evt_align 1.312e+00
[12/04/26 22:40:56][src.callback.progress][INFO] - Epoch 25: v_loss 1.745e+00  loss 1.454e+00  v_global 2.049e+00  global 1.116e+00  v_t2m/len 1530  v_t2m/R01 14.31%  v_t2m/R02 19.67%  v_t2m/R03 25.22%  v_t2m/R05 33.33%  v_t2m/R10 45.36%  v_t2m/MedR 13.0%  v_m2t/len 1530  v_m2t/R01 15.15%  v_m2t/R02 18.1%  v_m2t/R03 25.87%  v_m2t/R05 32.81%  v_m2t/R10 44.04%  v_m2t/MedR 15.0%
[12/04/26 22:41:00][src.callback.progress][INFO] - Epoch 26 step 5000/192: loss 1.386e+00  global 1.321e+00  evt_align 1.254e+00
[12/04/26 22:41:01][src.callback.progress][INFO] - Epoch 26 step 5020/192: loss 1.439e+00  global 1.175e+00  evt_align 1.322e+00
[12/04/26 22:41:02][src.callback.progress][INFO] - Epoch 26 step 5040/192: loss 1.434e+00  global 1.178e+00  evt_align 1.317e+00
[12/04/26 22:41:04][src.callback.progress][INFO] - Epoch 26 step 5060/192: loss 1.512e+00  global 1.120e+00  evt_align 1.400e+00
[12/04/26 22:41:05][src.callback.progress][INFO] - Epoch 26 step 5080/192: loss 1.321e+00  global 1.091e+00  evt_align 1.212e+00
[12/04/26 22:41:07][src.callback.progress][INFO] - Epoch 26 step 5100/192: loss 1.482e+00  global 1.139e+00  evt_align 1.368e+00
[12/04/26 22:41:08][src.callback.progress][INFO] - Epoch 26 step 5120/192: loss 1.569e+00  global 1.147e+00  evt_align 1.455e+00
[12/04/26 22:41:10][src.callback.progress][INFO] - Epoch 26 step 5140/192: loss 1.395e+00  global 1.140e+00  evt_align 1.281e+00
[12/04/26 22:41:11][src.callback.progress][INFO] - Epoch 26 step 5160/192: loss 1.404e+00  global 1.163e+00  evt_align 1.287e+00
[12/04/26 22:41:12][src.callback.progress][INFO] - Epoch 26 step 5180/192: loss 1.484e+00  global 1.311e+00  evt_align 1.353e+00
[12/04/26 22:41:13][src.callback.progress][INFO] - Epoch 26: v_loss 1.643e+00  loss 1.466e+00  v_global 1.960e+00  global 1.146e+00  v_t2m/len 1530  v_t2m/R01 16.07%  v_t2m/R02 19.47%  v_t2m/R03 25.69%  v_t2m/R05 34.97%  v_t2m/R10 48.5%  v_t2m/MedR 11.0%  v_m2t/len 1530  v_m2t/R01 15.94%  v_m2t/R02 18.17%  v_m2t/R03 26.01%  v_m2t/R05 35.36%  v_m2t/R10 46.08%  v_m2t/MedR 13.0%
[12/04/26 22:41:18][src.callback.progress][INFO] - Epoch 27 step 5200/192: loss 1.418e+00  global 1.151e+00  evt_align 1.303e+00
[12/04/26 22:41:20][src.callback.progress][INFO] - Epoch 27 step 5220/192: loss 1.592e+00  global 1.298e+00  evt_align 1.462e+00
[12/04/26 22:41:21][src.callback.progress][INFO] - Epoch 27 step 5240/192: loss 1.442e+00  global 1.241e+00  evt_align 1.318e+00
[12/04/26 22:41:23][src.callback.progress][INFO] - Epoch 27 step 5260/192: loss 1.337e+00  global 1.227e+00  evt_align 1.214e+00
[12/04/26 22:41:24][src.callback.progress][INFO] - Epoch 27 step 5280/192: loss 1.487e+00  global 1.098e+00  evt_align 1.377e+00
[12/04/26 22:41:25][src.callback.progress][INFO] - Epoch 27 step 5300/192: loss 1.527e+00  global 1.189e+00  evt_align 1.408e+00
[12/04/26 22:41:27][src.callback.progress][INFO] - Epoch 27 step 5320/192: loss 1.419e+00  global 1.152e+00  evt_align 1.304e+00
[12/04/26 22:41:28][src.callback.progress][INFO] - Epoch 27 step 5340/192: loss 1.433e+00  global 1.132e+00  evt_align 1.320e+00
[12/04/26 22:41:30][src.callback.progress][INFO] - Epoch 27 step 5360/192: loss 1.505e+00  global 1.086e+00  evt_align 1.396e+00
[12/04/26 22:41:31][src.callback.progress][INFO] - Epoch 27: v_loss 1.683e+00  loss 1.478e+00  v_global 1.959e+00  global 1.162e+00  v_t2m/len 1530  v_t2m/R01 15.42%  v_t2m/R02 20.59%  v_t2m/R03 27.31%  v_t2m/R05 33.86%  v_t2m/R10 47.52%  v_t2m/MedR 12.0%  v_m2t/len 1530  v_m2t/R01 16.07%  v_m2t/R02 17.9%  v_m2t/R03 26.27%  v_m2t/R05 33.13%  v_m2t/R10 43.91%  v_m2t/MedR 13.75%
[12/04/26 22:41:36][src.callback.progress][INFO] - Epoch 28 step 5380/192: loss 1.297e+00  global 1.220e+00  evt_align 1.175e+00
[12/04/26 22:41:37][src.callback.progress][INFO] - Epoch 28 step 5400/192: loss 1.495e+00  global 1.092e+00  evt_align 1.385e+00
[12/04/26 22:41:38][src.callback.progress][INFO] - Epoch 28 step 5420/192: loss 1.476e+00  global 1.167e+00  evt_align 1.360e+00
[12/04/26 22:41:40][src.callback.progress][INFO] - Epoch 28 step 5440/192: loss 1.384e+00  global 1.096e+00  evt_align 1.274e+00
[12/04/26 22:41:41][src.callback.progress][INFO] - Epoch 28 step 5460/192: loss 1.526e+00  global 1.137e+00  evt_align 1.412e+00
[12/04/26 22:41:43][src.callback.progress][INFO] - Epoch 28 step 5480/192: loss 1.481e+00  global 1.153e+00  evt_align 1.366e+00
[12/04/26 22:41:44][src.callback.progress][INFO] - Epoch 28 step 5500/192: loss 1.494e+00  global 1.265e+00  evt_align 1.368e+00
[12/04/26 22:41:45][src.callback.progress][INFO] - Epoch 28 step 5520/192: loss 1.362e+00  global 1.092e+00  evt_align 1.253e+00
[12/04/26 22:41:47][src.callback.progress][INFO] - Epoch 28 step 5540/192: loss 1.415e+00  global 1.195e+00  evt_align 1.296e+00
[12/04/26 22:41:48][src.callback.progress][INFO] - Epoch 28 step 5560/192: loss 1.308e+00  global 1.146e+00  evt_align 1.194e+00
[12/04/26 22:41:50][src.callback.progress][INFO] - Epoch 28: v_loss 1.651e+00  loss 1.436e+00  v_global 1.957e+00  global 1.129e+00  v_t2m/len 1530  v_t2m/R01 14.43%  v_t2m/R02 19.4%  v_t2m/R03 25.62%  v_t2m/R05 33.79%  v_t2m/R10 47.97%  v_t2m/MedR 11.25%  v_m2t/len 1530  v_m2t/R01 16.46%  v_m2t/R02 18.5%  v_m2t/R03 27.52%  v_m2t/R05 35.09%  v_m2t/R10 44.63%  v_m2t/MedR 13.5%
[12/04/26 22:41:54][src.callback.progress][INFO] - Epoch 29 step 5580/192: loss 1.377e+00  global 9.491e-01  evt_align 1.282e+00
[12/04/26 22:41:56][src.callback.progress][INFO] - Epoch 29 step 5600/192: loss 1.356e+00  global 1.123e+00  evt_align 1.244e+00
[12/04/26 22:41:57][src.callback.progress][INFO] - Epoch 29 step 5620/192: loss 1.344e+00  global 1.131e+00  evt_align 1.231e+00
[12/04/26 22:41:59][src.callback.progress][INFO] - Epoch 29 step 5640/192: loss 1.426e+00  global 1.193e+00  evt_align 1.307e+00
[12/04/26 22:42:00][src.callback.progress][INFO] - Epoch 29 step 5660/192: loss 1.575e+00  global 1.381e+00  evt_align 1.437e+00
[12/04/26 22:42:01][src.callback.progress][INFO] - Epoch 29 step 5680/192: loss 1.646e+00  global 1.273e+00  evt_align 1.519e+00
[12/04/26 22:42:03][src.callback.progress][INFO] - Epoch 29 step 5700/192: loss 1.564e+00  global 1.105e+00  evt_align 1.454e+00
[12/04/26 22:42:04][src.callback.progress][INFO] - Epoch 29 step 5720/192: loss 1.443e+00  global 1.081e+00  evt_align 1.335e+00
[12/04/26 22:42:06][src.callback.progress][INFO] - Epoch 29 step 5740/192: loss 1.486e+00  global 1.225e+00  evt_align 1.364e+00
[12/04/26 22:42:08][src.callback.progress][INFO] - Epoch 29 step 5760/192: loss 1.276e+00  global 8.429e-01  evt_align 1.191e+00
[12/04/26 22:42:08][src.callback.progress][INFO] - Epoch 29: v_loss 1.683e+00  loss 1.467e+00  v_global 1.964e+00  global 1.171e+00  v_t2m/len 1530  v_t2m/R01 16.98%  v_t2m/R02 21.56%  v_t2m/R03 27.96%  v_t2m/R05 35.61%  v_t2m/R10 47.45%  v_t2m/MedR 11.5%  v_m2t/len 1530  v_m2t/R01 16.6%  v_m2t/R02 18.76%  v_m2t/R03 26.79%  v_m2t/R05 34.63%  v_m2t/R10 46.34%  v_m2t/MedR 12.5%
[12/04/26 22:42:14][src.callback.progress][INFO] - Epoch 30 step 5780/192: loss 1.292e+00  global 1.109e+00  evt_align 1.181e+00
[12/04/26 22:42:15][src.callback.progress][INFO] - Epoch 30 step 5800/192: loss 1.473e+00  global 1.266e+00  evt_align 1.346e+00
[12/04/26 22:42:17][src.callback.progress][INFO] - Epoch 30 step 5820/192: loss 1.590e+00  global 1.143e+00  evt_align 1.476e+00
[12/04/26 22:42:19][src.callback.progress][INFO] - Epoch 30 step 5840/192: loss 1.445e+00  global 1.116e+00  evt_align 1.333e+00
[12/04/26 22:42:20][src.callback.progress][INFO] - Epoch 30 step 5860/192: loss 1.300e+00  global 1.286e+00  evt_align 1.171e+00
[12/04/26 22:42:22][src.callback.progress][INFO] - Epoch 30 step 5880/192: loss 1.677e+00  global 1.206e+00  evt_align 1.557e+00
[12/04/26 22:42:23][src.callback.progress][INFO] - Epoch 30 step 5900/192: loss 1.404e+00  global 1.143e+00  evt_align 1.289e+00
[12/04/26 22:42:25][src.callback.progress][INFO] - Epoch 30 step 5920/192: loss 1.520e+00  global 1.073e+00  evt_align 1.413e+00
[12/04/26 22:42:27][src.callback.progress][INFO] - Epoch 30 step 5940/192: loss 1.527e+00  global 1.277e+00  evt_align 1.399e+00
[12/04/26 22:42:29][src.callback.progress][INFO] - Epoch 30: v_loss 1.674e+00  loss 1.459e+00  v_global 1.970e+00  global 1.160e+00  v_t2m/len 1530  v_t2m/R01 14.57%  v_t2m/R02 19.35%  v_t2m/R03 26.01%  v_t2m/R05 34.5%  v_t2m/R10 47.9%  v_t2m/MedR 11.0%  v_m2t/len 1530  v_m2t/R01 15.94%  v_m2t/R02 18.23%  v_m2t/R03 26.72%  v_m2t/R05 33.59%  v_m2t/R10 44.97%  v_m2t/MedR 13.5%
[12/04/26 22:42:33][src.callback.progress][INFO] - Epoch 31 step 5960/192: loss 1.341e+00  global 1.218e+00  evt_align 1.219e+00
[12/04/26 22:42:34][src.callback.progress][INFO] - Epoch 31 step 5980/192: loss 1.648e+00  global 1.048e+00  evt_align 1.544e+00
[12/04/26 22:42:36][src.callback.progress][INFO] - Epoch 31 step 6000/192: loss 1.510e+00  global 1.167e+00  evt_align 1.393e+00
[12/04/26 22:42:38][src.callback.progress][INFO] - Epoch 31 step 6020/192: loss 1.372e+00  global 1.137e+00  evt_align 1.259e+00
[12/04/26 22:42:39][src.callback.progress][INFO] - Epoch 31 step 6040/192: loss 1.356e+00  global 1.021e+00  evt_align 1.254e+00
[12/04/26 22:42:41][src.callback.progress][INFO] - Epoch 31 step 6060/192: loss 1.324e+00  global 1.084e+00  evt_align 1.216e+00
[12/04/26 22:42:42][src.callback.progress][INFO] - Epoch 31 step 6080/192: loss 1.471e+00  global 9.995e-01  evt_align 1.371e+00
[12/04/26 22:42:44][src.callback.progress][INFO] - Epoch 31 step 6100/192: loss 1.426e+00  global 1.177e+00  evt_align 1.309e+00
[12/04/26 22:42:45][src.callback.progress][INFO] - Epoch 31 step 6120/192: loss 1.264e+00  global 9.073e-01  evt_align 1.173e+00
[12/04/26 22:42:47][src.callback.progress][INFO] - Epoch 31 step 6140/192: loss 1.497e+00  global 1.123e+00  evt_align 1.385e+00
[12/04/26 22:42:48][src.callback.progress][INFO] - Epoch 31: v_loss 1.740e+00  loss 1.478e+00  v_global 1.997e+00  global 1.185e+00  v_t2m/len 1530  v_t2m/R01 16.46%  v_t2m/R02 20.2%  v_t2m/R03 27.31%  v_t2m/R05 36.54%  v_t2m/R10 48.56%  v_t2m/MedR 11.0%  v_m2t/len 1530  v_m2t/R01 15.94%  v_m2t/R02 18.29%  v_m2t/R03 26.13%  v_m2t/R05 33.0%  v_m2t/R10 45.15%  v_m2t/MedR 13.5%
[12/04/26 22:42:52][src.callback.progress][INFO] - Epoch 32 step 6160/192: loss 1.385e+00  global 1.099e+00  evt_align 1.275e+00
[12/04/26 22:42:53][src.callback.progress][INFO] - Epoch 32 step 6180/192: loss 1.490e+00  global 1.024e+00  evt_align 1.388e+00
[12/04/26 22:42:55][src.callback.progress][INFO] - Epoch 32 step 6200/192: loss 1.392e+00  global 8.811e-01  evt_align 1.304e+00
[12/04/26 22:42:56][src.callback.progress][INFO] - Epoch 32 step 6220/192: loss 1.402e+00  global 1.117e+00  evt_align 1.290e+00
[12/04/26 22:42:58][src.callback.progress][INFO] - Epoch 32 step 6240/192: loss 1.449e+00  global 1.017e+00  evt_align 1.347e+00
[12/04/26 22:42:59][src.callback.progress][INFO] - Epoch 32 step 6260/192: loss 1.500e+00  global 1.196e+00  evt_align 1.380e+00
[12/04/26 22:43:01][src.callback.progress][INFO] - Epoch 32 step 6280/192: loss 1.422e+00  global 1.209e+00  evt_align 1.301e+00
[12/04/26 22:43:02][src.callback.progress][INFO] - Epoch 32 step 6300/192: loss 1.484e+00  global 1.346e+00  evt_align 1.349e+00
[12/04/26 22:43:03][src.callback.progress][INFO] - Epoch 32 step 6320/192: loss 1.408e+00  global 1.138e+00  evt_align 1.294e+00
[12/04/26 22:43:05][src.callback.progress][INFO] - Epoch 32: v_loss 1.719e+00  loss 1.458e+00  v_global 1.997e+00  global 1.191e+00  v_t2m/len 1530  v_t2m/R01 16.07%  v_t2m/R02 21.5%  v_t2m/R03 28.04%  v_t2m/R05 34.31%  v_t2m/R10 46.4%  v_t2m/MedR 12.5%  v_m2t/len 1530  v_m2t/R01 15.75%  v_m2t/R02 17.7%  v_m2t/R03 26.4%  v_m2t/R05 34.11%  v_m2t/R10 45.02%  v_m2t/MedR 13.5%
[12/04/26 22:43:09][src.callback.progress][INFO] - Epoch 33 step 6340/192: loss 1.394e+00  global 1.145e+00  evt_align 1.279e+00
[12/04/26 22:43:11][src.callback.progress][INFO] - Epoch 33 step 6360/192: loss 1.604e+00  global 1.224e+00  evt_align 1.482e+00
[12/04/26 22:43:12][src.callback.progress][INFO] - Epoch 33 step 6380/192: loss 1.489e+00  global 1.290e+00  evt_align 1.360e+00
[12/04/26 22:43:14][src.callback.progress][INFO] - Epoch 33 step 6400/192: loss 1.474e+00  global 1.232e+00  evt_align 1.350e+00
[12/04/26 22:43:15][src.callback.progress][INFO] - Epoch 33 step 6420/192: loss 1.504e+00  global 1.098e+00  evt_align 1.395e+00
[12/04/26 22:43:17][src.callback.progress][INFO] - Epoch 33 step 6440/192: loss 1.486e+00  global 1.175e+00  evt_align 1.368e+00
[12/04/26 22:43:18][src.callback.progress][INFO] - Epoch 33 step 6460/192: loss 1.498e+00  global 1.224e+00  evt_align 1.376e+00
[12/04/26 22:43:20][src.callback.progress][INFO] - Epoch 33 step 6480/192: loss 1.488e+00  global 1.126e+00  evt_align 1.376e+00
[12/04/26 22:43:21][src.callback.progress][INFO] - Epoch 33 step 6500/192: loss 1.656e+00  global 1.332e+00  evt_align 1.523e+00
[12/04/26 22:43:23][src.callback.progress][INFO] - Epoch 33 step 6520/192: loss 1.523e+00  global 1.496e+00  evt_align 1.374e+00
[12/04/26 22:43:25][src.callback.progress][INFO] - Epoch 33: v_loss 1.682e+00  loss 1.470e+00  v_global 1.952e+00  global 1.214e+00  v_t2m/len 1530  v_t2m/R01 15.94%  v_t2m/R02 19.79%  v_t2m/R03 26.54%  v_t2m/R05 35.49%  v_t2m/R10 47.7%  v_t2m/MedR 11.0%  v_m2t/len 1530  v_m2t/R01 16.86%  v_m2t/R02 18.62%  v_m2t/R03 25.81%  v_m2t/R05 34.18%  v_m2t/R10 46.47%  v_m2t/MedR 12.5%
[12/04/26 22:43:29][src.callback.progress][INFO] - Epoch 34 step 6540/192: loss 1.328e+00  global 1.435e+00  evt_align 1.185e+00
[12/04/26 22:43:30][src.callback.progress][INFO] - Epoch 34 step 6560/192: loss 1.332e+00  global 1.205e+00  evt_align 1.212e+00
[12/04/26 22:43:32][src.callback.progress][INFO] - Epoch 34 step 6580/192: loss 1.575e+00  global 1.348e+00  evt_align 1.441e+00
[12/04/26 22:43:33][src.callback.progress][INFO] - Epoch 34 step 6600/192: loss 1.387e+00  global 1.163e+00  evt_align 1.271e+00
[12/04/26 22:43:34][src.callback.progress][INFO] - Epoch 34 step 6620/192: loss 1.509e+00  global 1.063e+00  evt_align 1.402e+00
[12/04/26 22:43:36][src.callback.progress][INFO] - Epoch 34 step 6640/192: loss 1.573e+00  global 1.138e+00  evt_align 1.459e+00
[12/04/26 22:43:37][src.callback.progress][INFO] - Epoch 34 step 6660/192: loss 1.521e+00  global 1.127e+00  evt_align 1.409e+00
[12/04/26 22:43:39][src.callback.progress][INFO] - Epoch 34 step 6680/192: loss 1.540e+00  global 1.141e+00  evt_align 1.426e+00
[12/04/26 22:43:40][src.callback.progress][INFO] - Epoch 34 step 6700/192: loss 1.470e+00  global 1.242e+00  evt_align 1.346e+00
[12/04/26 22:43:42][src.callback.progress][INFO] - Epoch 34 step 6720/192: loss 1.108e+00  global 9.625e-01  evt_align 1.012e+00
[12/04/26 22:43:42][src.callback.progress][INFO] - Epoch 34: v_loss 1.662e+00  loss 1.440e+00  v_global 1.972e+00  global 1.164e+00  v_t2m/len 1530  v_t2m/R01 16.54%  v_t2m/R02 20.12%  v_t2m/R03 27.38%  v_t2m/R05 36.08%  v_t2m/R10 48.95%  v_t2m/MedR 11.0%  v_m2t/len 1530  v_m2t/R01 15.1%  v_m2t/R02 18.37%  v_m2t/R03 26.2%  v_m2t/R05 34.5%  v_m2t/R10 45.68%  v_m2t/MedR 13.0%
[12/04/26 22:43:48][src.callback.progress][INFO] - Epoch 35 step 6740/192: loss 1.394e+00  global 1.095e+00  evt_align 1.285e+00
[12/04/26 22:43:49][src.callback.progress][INFO] - Epoch 35 step 6760/192: loss 1.482e+00  global 1.303e+00  evt_align 1.352e+00
[12/04/26 22:43:51][src.callback.progress][INFO] - Epoch 35 step 6780/192: loss 1.404e+00  global 1.200e+00  evt_align 1.284e+00
[12/04/26 22:43:52][src.callback.progress][INFO] - Epoch 35 step 6800/192: loss 1.446e+00  global 1.353e+00  evt_align 1.311e+00
[12/04/26 22:43:54][src.callback.progress][INFO] - Epoch 35 step 6820/192: loss 1.513e+00  global 1.347e+00  evt_align 1.378e+00
[12/04/26 22:43:55][src.callback.progress][INFO] - Epoch 35 step 6840/192: loss 1.384e+00  global 1.047e+00  evt_align 1.280e+00
[12/04/26 22:43:57][src.callback.progress][INFO] - Epoch 35 step 6860/192: loss 1.332e+00  global 1.111e+00  evt_align 1.221e+00
[12/04/26 22:43:58][src.callback.progress][INFO] - Epoch 35 step 6880/192: loss 1.502e+00  global 1.152e+00  evt_align 1.386e+00
[12/04/26 22:44:00][src.callback.progress][INFO] - Epoch 35 step 6900/192: loss 1.344e+00  global 1.168e+00  evt_align 1.227e+00
[12/04/26 22:44:02][src.callback.progress][INFO] - Epoch 35: v_loss 1.687e+00  loss 1.456e+00  v_global 1.950e+00  global 1.196e+00  v_t2m/len 1530  v_t2m/R01 15.42%  v_t2m/R02 19.87%  v_t2m/R03 27.57%  v_t2m/R05 35.29%  v_t2m/R10 48.68%  v_t2m/MedR 11.0%  v_m2t/len 1530  v_m2t/R01 15.28%  v_m2t/R02 17.9%  v_m2t/R03 25.75%  v_m2t/R05 33.4%  v_m2t/R10 46.08%  v_m2t/MedR 13.0%
[12/04/26 22:44:05][src.callback.progress][INFO] - Epoch 36 step 6920/192: loss 1.521e+00  global 1.219e+00  evt_align 1.400e+00
[12/04/26 22:44:07][src.callback.progress][INFO] - Epoch 36 step 6940/192: loss 1.396e+00  global 1.240e+00  evt_align 1.272e+00
[12/04/26 22:44:08][src.callback.progress][INFO] - Epoch 36 step 6960/192: loss 1.504e+00  global 1.337e+00  evt_align 1.370e+00
[12/04/26 22:44:10][src.callback.progress][INFO] - Epoch 36 step 6980/192: loss 1.570e+00  global 1.317e+00  evt_align 1.438e+00
[12/04/26 22:44:11][src.callback.progress][INFO] - Epoch 36 step 7000/192: loss 1.569e+00  global 1.210e+00  evt_align 1.448e+00
[12/04/26 22:44:13][src.callback.progress][INFO] - Epoch 36 step 7020/192: loss 1.695e+00  global 1.204e+00  evt_align 1.575e+00
[12/04/26 22:44:14][src.callback.progress][INFO] - Epoch 36 step 7040/192: loss 1.531e+00  global 9.049e-01  evt_align 1.441e+00
[12/04/26 22:44:16][src.callback.progress][INFO] - Epoch 36 step 7060/192: loss 1.505e+00  global 1.089e+00  evt_align 1.396e+00
[12/04/26 22:44:17][src.callback.progress][INFO] - Epoch 36 step 7080/192: loss 1.555e+00  global 1.015e+00  evt_align 1.453e+00
[12/04/26 22:44:18][src.callback.progress][INFO] - Epoch 36 step 7100/192: loss 1.476e+00  global 1.132e+00  evt_align 1.363e+00
[12/04/26 22:44:19][src.callback.progress][INFO] - Epoch 36: v_loss 1.682e+00  loss 1.476e+00  v_global 1.924e+00  global 1.205e+00  v_t2m/len 1530  v_t2m/R01 16.79%  v_t2m/R02 21.18%  v_t2m/R03 27.38%  v_t2m/R05 35.56%  v_t2m/R10 48.43%  v_t2m/MedR 11.0%  v_m2t/len 1530  v_m2t/R01 16.34%  v_m2t/R02 18.69%  v_m2t/R03 27.31%  v_m2t/R05 33.52%  v_m2t/R10 44.04%  v_m2t/MedR 13.5%
[12/04/26 22:44:24][src.callback.progress][INFO] - Epoch 37 step 7120/192: loss 1.514e+00  global 1.301e+00  evt_align 1.384e+00
[12/04/26 22:44:25][src.callback.progress][INFO] - Epoch 37 step 7140/192: loss 1.475e+00  global 1.095e+00  evt_align 1.365e+00
[12/04/26 22:44:26][src.callback.progress][INFO] - Epoch 37 step 7160/192: loss 1.519e+00  global 1.244e+00  evt_align 1.394e+00
[12/04/26 22:44:28][src.callback.progress][INFO] - Epoch 37 step 7180/192: loss 1.582e+00  global 1.298e+00  evt_align 1.452e+00
[12/04/26 22:44:29][src.callback.progress][INFO] - Epoch 37 step 7200/192: loss 1.480e+00  global 1.357e+00  evt_align 1.345e+00
[12/04/26 22:44:31][src.callback.progress][INFO] - Epoch 37 step 7220/192: loss 1.536e+00  global 1.341e+00  evt_align 1.402e+00
[12/04/26 22:44:32][src.callback.progress][INFO] - Epoch 37 step 7240/192: loss 1.420e+00  global 1.280e+00  evt_align 1.292e+00
[12/04/26 22:44:34][src.callback.progress][INFO] - Epoch 37 step 7260/192: loss 1.483e+00  global 1.329e+00  evt_align 1.350e+00
[12/04/26 22:44:35][src.callback.progress][INFO] - Epoch 37 step 7280/192: loss 1.587e+00  global 1.425e+00  evt_align 1.444e+00
[12/04/26 22:44:37][src.callback.progress][INFO] - Epoch 37: v_loss 1.635e+00  loss 1.466e+00  v_global 1.946e+00  global 1.210e+00  v_t2m/len 1530  v_t2m/R01 14.97%  v_t2m/R02 19.35%  v_t2m/R03 26.72%  v_t2m/R05 36.93%  v_t2m/R10 48.24%  v_t2m/MedR 11.75%  v_m2t/len 1530  v_m2t/R01 16.98%  v_m2t/R02 19.73%  v_m2t/R03 27.45%  v_m2t/R05 34.38%  v_m2t/R10 44.5%  v_m2t/MedR 13.5%
[12/04/26 22:44:41][src.callback.progress][INFO] - Epoch 38 step 7300/192: loss 1.416e+00  global 1.141e+00  evt_align 1.302e+00
[12/04/26 22:44:43][src.callback.progress][INFO] - Epoch 38 step 7320/192: loss 1.473e+00  global 1.209e+00  evt_align 1.353e+00
[12/04/26 22:44:44][src.callback.progress][INFO] - Epoch 38 step 7340/192: loss 1.463e+00  global 1.413e+00  evt_align 1.322e+00
[12/04/26 22:44:46][src.callback.progress][INFO] - Epoch 38 step 7360/192: loss 1.471e+00  global 1.222e+00  evt_align 1.349e+00
[12/04/26 22:44:47][src.callback.progress][INFO] - Epoch 38 step 7380/192: loss 1.472e+00  global 1.261e+00  evt_align 1.346e+00
[12/04/26 22:44:49][src.callback.progress][INFO] - Epoch 38 step 7400/192: loss 1.453e+00  global 1.282e+00  evt_align 1.325e+00
[12/04/26 22:44:50][src.callback.progress][INFO] - Epoch 38 step 7420/192: loss 1.377e+00  global 1.153e+00  evt_align 1.261e+00
[12/04/26 22:44:52][src.callback.progress][INFO] - Epoch 38 step 7440/192: loss 1.424e+00  global 1.034e+00  evt_align 1.320e+00
[12/04/26 22:44:53][src.callback.progress][INFO] - Epoch 38 step 7460/192: loss 1.411e+00  global 1.142e+00  evt_align 1.297e+00
[12/04/26 22:44:55][src.callback.progress][INFO] - Epoch 38 step 7480/192: loss 1.397e+00  global 1.260e+00  evt_align 1.271e+00
[12/04/26 22:44:57][src.callback.progress][INFO] - Epoch 38: v_loss 1.675e+00  loss 1.423e+00  v_global 1.941e+00  global 1.200e+00  v_t2m/len 1530  v_t2m/R01 17.38%  v_t2m/R02 21.89%  v_t2m/R03 28.69%  v_t2m/R05 37.77%  v_t2m/R10 49.61%  v_t2m/MedR 11.0%  v_m2t/len 1530  v_m2t/R01 15.35%  v_m2t/R02 18.29%  v_m2t/R03 26.01%  v_m2t/R05 33.65%  v_m2t/R10 45.95%  v_m2t/MedR 13.0%
[12/04/26 22:45:01][src.callback.progress][INFO] - Epoch 39 step 7500/192: loss 1.372e+00  global 1.086e+00  evt_align 1.263e+00
[12/04/26 22:45:02][src.callback.progress][INFO] - Epoch 39 step 7520/192: loss 1.348e+00  global 1.190e+00  evt_align 1.229e+00
[12/04/26 22:45:04][src.callback.progress][INFO] - Epoch 39 step 7540/192: loss 1.610e+00  global 1.354e+00  evt_align 1.474e+00
[12/04/26 22:45:05][src.callback.progress][INFO] - Epoch 39 step 7560/192: loss 1.562e+00  global 1.368e+00  evt_align 1.425e+00
[12/04/26 22:45:07][src.callback.progress][INFO] - Epoch 39 step 7580/192: loss 1.437e+00  global 1.165e+00  evt_align 1.321e+00
[12/04/26 22:45:08][src.callback.progress][INFO] - Epoch 39 step 7600/192: loss 1.422e+00  global 1.247e+00  evt_align 1.298e+00
[12/04/26 22:45:10][src.callback.progress][INFO] - Epoch 39 step 7620/192: loss 1.556e+00  global 1.194e+00  evt_align 1.436e+00
[12/04/26 22:45:11][src.callback.progress][INFO] - Epoch 39 step 7640/192: loss 1.363e+00  global 1.141e+00  evt_align 1.249e+00
[12/04/26 22:45:13][src.callback.progress][INFO] - Epoch 39 step 7660/192: loss 1.426e+00  global 1.433e+00  evt_align 1.282e+00
[12/04/26 22:45:14][src.callback.progress][INFO] - Epoch 39 step 7680/192: loss 1.183e+00  global 9.618e-01  evt_align 1.087e+00
[12/04/26 22:45:15][src.callback.progress][INFO] - Epoch 39: v_loss 1.647e+00  loss 1.455e+00  v_global 1.922e+00  global 1.226e+00  v_t2m/len 1530  v_t2m/R01 14.97%  v_t2m/R02 19.93%  v_t2m/R03 26.93%  v_t2m/R05 34.63%  v_t2m/R10 48.24%  v_t2m/MedR 12.0%  v_m2t/len 1530  v_m2t/R01 15.61%  v_m2t/R02 17.25%  v_m2t/R03 25.87%  v_m2t/R05 32.34%  v_m2t/R10 43.91%  v_m2t/MedR 13.5%
[12/04/26 22:45:20][src.callback.progress][INFO] - Epoch 40 step 7700/192: loss 1.664e+00  global 1.401e+00  evt_align 1.524e+00
[12/04/26 22:45:22][src.callback.progress][INFO] - Epoch 40 step 7720/192: loss 1.619e+00  global 1.241e+00  evt_align 1.495e+00
[12/04/26 22:45:23][src.callback.progress][INFO] - Epoch 40 step 7740/192: loss 1.342e+00  global 1.142e+00  evt_align 1.228e+00
[12/04/26 22:45:25][src.callback.progress][INFO] - Epoch 40 step 7760/192: loss 1.434e+00  global 1.154e+00  evt_align 1.319e+00
[12/04/26 22:45:26][src.callback.progress][INFO] - Epoch 40 step 7780/192: loss 1.351e+00  global 9.939e-01  evt_align 1.252e+00
[12/04/26 22:45:28][src.callback.progress][INFO] - Epoch 40 step 7800/192: loss 1.364e+00  global 1.212e+00  evt_align 1.243e+00
[12/04/26 22:45:29][src.callback.progress][INFO] - Epoch 40 step 7820/192: loss 1.457e+00  global 1.199e+00  evt_align 1.337e+00
[12/04/26 22:45:31][src.callback.progress][INFO] - Epoch 40 step 7840/192: loss 1.547e+00  global 1.054e+00  evt_align 1.442e+00
[12/04/26 22:45:32][src.callback.progress][INFO] - Epoch 40 step 7860/192: loss 1.385e+00  global 1.222e+00  evt_align 1.263e+00
[12/04/26 22:45:34][src.callback.progress][INFO] - Epoch 40: v_loss 1.618e+00  loss 1.437e+00  v_global 1.934e+00  global 1.212e+00  v_t2m/len 1530  v_t2m/R01 16.4%  v_t2m/R02 20.71%  v_t2m/R03 27.31%  v_t2m/R05 35.95%  v_t2m/R10 48.75%  v_t2m/MedR 11.0%  v_m2t/len 1530  v_m2t/R01 16.01%  v_m2t/R02 18.23%  v_m2t/R03 27.12%  v_m2t/R05 35.02%  v_m2t/R10 45.36%  v_m2t/MedR 13.5%
[12/04/26 22:45:38][src.callback.progress][INFO] - Epoch 41 step 7880/192: loss 1.388e+00  global 1.126e+00  evt_align 1.275e+00
[12/04/26 22:45:40][src.callback.progress][INFO] - Epoch 41 step 7900/192: loss 1.526e+00  global 1.098e+00  evt_align 1.416e+00
[12/04/26 22:45:41][src.callback.progress][INFO] - Epoch 41 step 7920/192: loss 1.444e+00  global 1.264e+00  evt_align 1.318e+00
[12/04/26 22:45:43][src.callback.progress][INFO] - Epoch 41 step 7940/192: loss 1.414e+00  global 1.152e+00  evt_align 1.299e+00
[12/04/26 22:45:44][src.callback.progress][INFO] - Epoch 41 step 7960/192: loss 1.412e+00  global 1.195e+00  evt_align 1.293e+00
[12/04/26 22:45:45][src.callback.progress][INFO] - Epoch 41 step 7980/192: loss 1.578e+00  global 1.517e+00  evt_align 1.426e+00
[12/04/26 22:45:47][src.callback.progress][INFO] - Epoch 41 step 8000/192: loss 1.377e+00  global 1.370e+00  evt_align 1.240e+00
[12/04/26 22:45:48][src.callback.progress][INFO] - Epoch 41 step 8020/192: loss 1.448e+00  global 1.370e+00  evt_align 1.311e+00
[12/04/26 22:45:50][src.callback.progress][INFO] - Epoch 41 step 8040/192: loss 1.385e+00  global 1.255e+00  evt_align 1.259e+00
[12/04/26 22:45:51][src.callback.progress][INFO] - Epoch 41 step 8060/192: loss 1.522e+00  global 1.384e+00  evt_align 1.384e+00
[12/04/26 22:45:52][src.callback.progress][INFO] - Epoch 41: v_loss 1.640e+00  loss 1.461e+00  v_global 1.950e+00  global 1.243e+00  v_t2m/len 1530  v_t2m/R01 15.35%  v_t2m/R02 19.21%  v_t2m/R03 26.4%  v_t2m/R05 35.61%  v_t2m/R10 48.43%  v_t2m/MedR 11.0%  v_m2t/len 1530  v_m2t/R01 13.92%  v_m2t/R02 16.34%  v_m2t/R03 24.3%  v_m2t/R05 31.82%  v_m2t/R10 43.65%  v_m2t/MedR 13.5%
[12/04/26 22:45:57][src.callback.progress][INFO] - Epoch 42 step 8080/192: loss 1.396e+00  global 1.266e+00  evt_align 1.270e+00
[12/04/26 22:45:59][src.callback.progress][INFO] - Epoch 42 step 8100/192: loss 1.416e+00  global 1.329e+00  evt_align 1.283e+00
[12/04/26 22:46:00][src.callback.progress][INFO] - Epoch 42 step 8120/192: loss 1.302e+00  global 1.019e+00  evt_align 1.200e+00
[12/04/26 22:46:01][src.callback.progress][INFO] - Epoch 42 step 8140/192: loss 1.435e+00  global 1.363e+00  evt_align 1.299e+00
[12/04/26 22:46:03][src.callback.progress][INFO] - Epoch 42 step 8160/192: loss 1.469e+00  global 1.151e+00  evt_align 1.354e+00
[12/04/26 22:46:04][src.callback.progress][INFO] - Epoch 42 step 8180/192: loss 1.489e+00  global 1.335e+00  evt_align 1.355e+00
[12/04/26 22:46:06][src.callback.progress][INFO] - Epoch 42 step 8200/192: loss 1.471e+00  global 1.127e+00  evt_align 1.359e+00
[12/04/26 22:46:07][src.callback.progress][INFO] - Epoch 42 step 8220/192: loss 1.489e+00  global 1.074e+00  evt_align 1.382e+00
[12/04/26 22:46:08][src.callback.progress][INFO] - Epoch 42 step 8240/192: loss 1.500e+00  global 1.355e+00  evt_align 1.365e+00
[12/04/26 22:46:10][src.callback.progress][INFO] - Epoch 42: v_loss 1.649e+00  loss 1.450e+00  v_global 1.962e+00  global 1.238e+00  v_t2m/len 1530  v_t2m/R01 16.27%  v_t2m/R02 20.12%  v_t2m/R03 28.17%  v_t2m/R05 35.36%  v_t2m/R10 46.86%  v_t2m/MedR 12.0%  v_m2t/len 1530  v_m2t/R01 15.28%  v_m2t/R02 16.98%  v_m2t/R03 24.18%  v_m2t/R05 32.41%  v_m2t/R10 43.52%  v_m2t/MedR 15.0%
[12/04/26 22:46:14][src.callback.progress][INFO] - Epoch 43 step 8260/192: loss 1.559e+00  global 1.204e+00  evt_align 1.439e+00
[12/04/26 22:46:15][src.callback.progress][INFO] - Epoch 43 step 8280/192: loss 1.381e+00  global 1.071e+00  evt_align 1.274e+00
[12/04/26 22:46:17][src.callback.progress][INFO] - Epoch 43 step 8300/192: loss 1.363e+00  global 1.170e+00  evt_align 1.246e+00
[12/04/26 22:46:18][src.callback.progress][INFO] - Epoch 43 step 8320/192: loss 1.407e+00  global 1.240e+00  evt_align 1.283e+00
[12/04/26 22:46:19][src.callback.progress][INFO] - Epoch 43 step 8340/192: loss 1.447e+00  global 1.231e+00  evt_align 1.324e+00
[12/04/26 22:46:21][src.callback.progress][INFO] - Epoch 43 step 8360/192: loss 1.535e+00  global 1.514e+00  evt_align 1.384e+00
[12/04/26 22:46:22][src.callback.progress][INFO] - Epoch 43 step 8380/192: loss 1.636e+00  global 1.545e+00  evt_align 1.481e+00
[12/04/26 22:46:24][src.callback.progress][INFO] - Epoch 43 step 8400/192: loss 1.423e+00  global 1.368e+00  evt_align 1.287e+00
[12/04/26 22:46:25][src.callback.progress][INFO] - Epoch 43 step 8420/192: loss 1.517e+00  global 1.295e+00  evt_align 1.387e+00
[12/04/26 22:46:27][src.callback.progress][INFO] - Epoch 43 step 8440/192: loss 1.345e+00  global 1.282e+00  evt_align 1.217e+00
[12/04/26 22:46:28][src.callback.progress][INFO] - Epoch 43: v_loss 1.709e+00  loss 1.483e+00  v_global 1.986e+00  global 1.284e+00  v_t2m/len 1530  v_t2m/R01 16.01%  v_t2m/R02 20.2%  v_t2m/R03 27.12%  v_t2m/R05 34.63%  v_t2m/R10 47.45%  v_t2m/MedR 12.0%  v_m2t/len 1530  v_m2t/R01 15.15%  v_m2t/R02 17.12%  v_m2t/R03 25.55%  v_m2t/R05 32.68%  v_m2t/R10 43.59%  v_m2t/MedR 13.5%
[12/04/26 22:46:32][src.callback.progress][INFO] - Epoch 44 step 8460/192: loss 1.541e+00  global 1.239e+00  evt_align 1.417e+00
[12/04/26 22:46:33][src.callback.progress][INFO] - Epoch 44 step 8480/192: loss 1.446e+00  global 1.294e+00  evt_align 1.317e+00
[12/04/26 22:46:35][src.callback.progress][INFO] - Epoch 44 step 8500/192: loss 1.392e+00  global 1.304e+00  evt_align 1.262e+00
[12/04/26 22:46:36][src.callback.progress][INFO] - Epoch 44 step 8520/192: loss 1.507e+00  global 1.194e+00  evt_align 1.388e+00
[12/04/26 22:46:38][src.callback.progress][INFO] - Epoch 44 step 8540/192: loss 1.490e+00  global 1.261e+00  evt_align 1.363e+00
[12/04/26 22:46:39][src.callback.progress][INFO] - Epoch 44 step 8560/192: loss 1.373e+00  global 1.107e+00  evt_align 1.262e+00
[12/04/26 22:46:41][src.callback.progress][INFO] - Epoch 44 step 8580/192: loss 1.595e+00  global 1.226e+00  evt_align 1.473e+00
[12/04/26 22:46:42][src.callback.progress][INFO] - Epoch 44 step 8600/192: loss 1.500e+00  global 1.410e+00  evt_align 1.359e+00
[12/04/26 22:46:43][src.callback.progress][INFO] - Epoch 44 step 8620/192: loss 1.508e+00  global 1.192e+00  evt_align 1.389e+00
[12/04/26 22:46:45][src.callback.progress][INFO] - Epoch 44 step 8640/192: loss 1.309e+00  global 1.077e+00  evt_align 1.201e+00
[12/04/26 22:46:46][src.callback.progress][INFO] - Epoch 44: v_loss 1.651e+00  loss 1.464e+00  v_global 1.936e+00  global 1.267e+00  v_t2m/len 1530  v_t2m/R01 16.13%  v_t2m/R02 21.23%  v_t2m/R03 26.86%  v_t2m/R05 35.29%  v_t2m/R10 50.52%  v_t2m/MedR 10.0%  v_m2t/len 1530  v_m2t/R01 14.18%  v_m2t/R02 16.6%  v_m2t/R03 25.75%  v_m2t/R05 33.45%  v_m2t/R10 44.63%  v_m2t/MedR 13.5%
[12/04/26 22:46:50][src.callback.progress][INFO] - Epoch 45 step 8660/192: loss 1.403e+00  global 1.147e+00  evt_align 1.288e+00
[12/04/26 22:46:52][src.callback.progress][INFO] - Epoch 45 step 8680/192: loss 1.402e+00  global 1.309e+00  evt_align 1.271e+00
[12/04/26 22:46:53][src.callback.progress][INFO] - Epoch 45 step 8700/192: loss 1.448e+00  global 1.268e+00  evt_align 1.321e+00
[12/04/26 22:46:55][src.callback.progress][INFO] - Epoch 45 step 8720/192: loss 1.490e+00  global 1.397e+00  evt_align 1.350e+00
[12/04/26 22:46:56][src.callback.progress][INFO] - Epoch 45 step 8740/192: loss 1.534e+00  global 1.232e+00  evt_align 1.410e+00
[12/04/26 22:46:58][src.callback.progress][INFO] - Epoch 45 step 8760/192: loss 1.376e+00  global 1.250e+00  evt_align 1.251e+00
[12/04/26 22:46:59][src.callback.progress][INFO] - Epoch 45 step 8780/192: loss 1.475e+00  global 1.142e+00  evt_align 1.360e+00
[12/04/26 22:47:01][src.callback.progress][INFO] - Epoch 45 step 8800/192: loss 1.415e+00  global 1.225e+00  evt_align 1.292e+00
[12/04/26 22:47:02][src.callback.progress][INFO] - Epoch 45 step 8820/192: loss 1.493e+00  global 1.240e+00  evt_align 1.369e+00
[12/04/26 22:47:04][src.callback.progress][INFO] - Epoch 45: v_loss 1.583e+00  loss 1.424e+00  v_global 1.953e+00  global 1.264e+00  v_t2m/len 1530  v_t2m/R01 14.31%  v_t2m/R02 19.28%  v_t2m/R03 27.38%  v_t2m/R05 36.34%  v_t2m/R10 48.36%  v_t2m/MedR 11.0%  v_m2t/len 1530  v_m2t/R01 14.64%  v_m2t/R02 17.52%  v_m2t/R03 25.87%  v_m2t/R05 32.93%  v_m2t/R10 44.31%  v_m2t/MedR 13.5%
[12/04/26 22:47:08][src.callback.progress][INFO] - Epoch 46 step 8840/192: loss 1.445e+00  global 1.317e+00  evt_align 1.313e+00
[12/04/26 22:47:10][src.callback.progress][INFO] - Epoch 46 step 8860/192: loss 1.431e+00  global 1.226e+00  evt_align 1.309e+00
[12/04/26 22:47:11][src.callback.progress][INFO] - Epoch 46 step 8880/192: loss 1.393e+00  global 1.159e+00  evt_align 1.277e+00
[12/04/26 22:47:13][src.callback.progress][INFO] - Epoch 46 step 8900/192: loss 1.497e+00  global 1.305e+00  evt_align 1.366e+00
[12/04/26 22:47:14][src.callback.progress][INFO] - Epoch 46 step 8920/192: loss 1.550e+00  global 1.259e+00  evt_align 1.424e+00
[12/04/26 22:47:16][src.callback.progress][INFO] - Epoch 46 step 8940/192: loss 1.477e+00  global 1.395e+00  evt_align 1.338e+00
[12/04/26 22:47:17][src.callback.progress][INFO] - Epoch 46 step 8960/192: loss 1.326e+00  global 1.295e+00  evt_align 1.197e+00
[12/04/26 22:47:19][src.callback.progress][INFO] - Epoch 46 step 8980/192: loss 1.453e+00  global 1.346e+00  evt_align 1.319e+00
[12/04/26 22:47:20][src.callback.progress][INFO] - Epoch 46 step 9000/192: loss 1.685e+00  global 1.892e+00  evt_align 1.496e+00
[12/04/26 22:47:22][src.callback.progress][INFO] - Epoch 46 step 9020/192: loss 1.624e+00  global 1.453e+00  evt_align 1.479e+00
[12/04/26 22:47:23][src.callback.progress][INFO] - Epoch 46: v_loss 1.723e+00  loss 1.465e+00  v_global 2.008e+00  global 1.323e+00  v_t2m/len 1530  v_t2m/R01 13.65%  v_t2m/R02 17.45%  v_t2m/R03 25.03%  v_t2m/R05 32.54%  v_t2m/R10 46.27%  v_t2m/MedR 12.0%  v_m2t/len 1530  v_m2t/R01 13.85%  v_m2t/R02 15.48%  v_m2t/R03 22.94%  v_m2t/R05 30.45%  v_m2t/R10 41.7%  v_m2t/MedR 15.5%
[12/04/26 22:47:27][src.callback.progress][INFO] - Epoch 47 step 9040/192: loss 1.480e+00  global 1.168e+00  evt_align 1.364e+00
[12/04/26 22:47:29][src.callback.progress][INFO] - Epoch 47 step 9060/192: loss 1.467e+00  global 1.290e+00  evt_align 1.338e+00
[12/04/26 22:47:30][src.callback.progress][INFO] - Epoch 47 step 9080/192: loss 1.378e+00  global 1.123e+00  evt_align 1.266e+00
[12/04/26 22:47:32][src.callback.progress][INFO] - Epoch 47 step 9100/192: loss 1.638e+00  global 1.287e+00  evt_align 1.509e+00
[12/04/26 22:47:33][src.callback.progress][INFO] - Epoch 47 step 9120/192: loss 1.625e+00  global 1.490e+00  evt_align 1.476e+00
[12/04/26 22:47:34][src.callback.progress][INFO] - Epoch 47 step 9140/192: loss 1.490e+00  global 1.550e+00  evt_align 1.335e+00
[12/04/26 22:47:36][src.callback.progress][INFO] - Epoch 47 step 9160/192: loss 1.601e+00  global 1.417e+00  evt_align 1.460e+00
[12/04/26 22:47:37][src.callback.progress][INFO] - Epoch 47 step 9180/192: loss 1.483e+00  global 1.244e+00  evt_align 1.358e+00
[12/04/26 22:47:39][src.callback.progress][INFO] - Epoch 47 step 9200/192: loss 1.664e+00  global 1.412e+00  evt_align 1.523e+00
[12/04/26 22:47:41][src.callback.progress][INFO] - Epoch 47: v_loss 1.664e+00  loss 1.534e+00  v_global 1.998e+00  global 1.392e+00  v_t2m/len 1530  v_t2m/R01 14.31%  v_t2m/R02 18.55%  v_t2m/R03 26.6%  v_t2m/R05 35.95%  v_t2m/R10 47.52%  v_t2m/MedR 12.0%  v_m2t/len 1530  v_m2t/R01 14.38%  v_m2t/R02 16.46%  v_m2t/R03 24.12%  v_m2t/R05 31.37%  v_m2t/R10 43.0%  v_m2t/MedR 14.5%
[12/04/26 22:47:44][src.callback.progress][INFO] - Epoch 48 step 9220/192: loss 1.452e+00  global 1.227e+00  evt_align 1.329e+00
[12/04/26 22:47:45][src.callback.progress][INFO] - Epoch 48 step 9240/192: loss 1.549e+00  global 1.522e+00  evt_align 1.396e+00
[12/04/26 22:47:47][src.callback.progress][INFO] - Epoch 48 step 9260/192: loss 1.461e+00  global 1.345e+00  evt_align 1.326e+00
[12/04/26 22:47:48][src.callback.progress][INFO] - Epoch 48 step 9280/192: loss 1.466e+00  global 1.502e+00  evt_align 1.316e+00
[12/04/26 22:47:50][src.callback.progress][INFO] - Epoch 48 step 9300/192: loss 1.494e+00  global 1.279e+00  evt_align 1.366e+00
[12/04/26 22:47:51][src.callback.progress][INFO] - Epoch 48 step 9320/192: loss 1.448e+00  global 1.425e+00  evt_align 1.306e+00
[12/04/26 22:47:52][src.callback.progress][INFO] - Epoch 48 step 9340/192: loss 1.407e+00  global 1.304e+00  evt_align 1.277e+00
[12/04/26 22:47:54][src.callback.progress][INFO] - Epoch 48 step 9360/192: loss 1.456e+00  global 9.684e-01  evt_align 1.359e+00
[12/04/26 22:47:55][src.callback.progress][INFO] - Epoch 48 step 9380/192: loss 1.467e+00  global 1.064e+00  evt_align 1.361e+00
[12/04/26 22:47:57][src.callback.progress][INFO] - Epoch 48 step 9400/192: loss 1.431e+00  global 1.279e+00  evt_align 1.304e+00
[12/04/26 22:47:58][src.callback.progress][INFO] - Epoch 48: v_loss 1.649e+00  loss 1.473e+00  v_global 1.989e+00  global 1.337e+00  v_t2m/len 1530  v_t2m/R01 14.71%  v_t2m/R02 20.97%  v_t2m/R03 27.52%  v_t2m/R05 36.27%  v_t2m/R10 47.97%  v_t2m/MedR 12.0%  v_m2t/len 1530  v_m2t/R01 15.81%  v_m2t/R02 18.37%  v_m2t/R03 25.22%  v_m2t/R05 33.06%  v_m2t/R10 43.79%  v_m2t/MedR 13.5%
[12/04/26 22:48:02][src.callback.progress][INFO] - Epoch 49 step 9420/192: loss 1.470e+00  global 1.504e+00  evt_align 1.320e+00
[12/04/26 22:48:03][src.callback.progress][INFO] - Epoch 49 step 9440/192: loss 1.441e+00  global 1.124e+00  evt_align 1.328e+00
[12/04/26 22:48:05][src.callback.progress][INFO] - Epoch 49 step 9460/192: loss 1.435e+00  global 1.190e+00  evt_align 1.316e+00
[12/04/26 22:48:06][src.callback.progress][INFO] - Epoch 49 step 9480/192: loss 1.666e+00  global 1.672e+00  evt_align 1.499e+00
[12/04/26 22:48:07][src.callback.progress][INFO] - Epoch 49 step 9500/192: loss 1.573e+00  global 1.205e+00  evt_align 1.452e+00
[12/04/26 22:48:09][src.callback.progress][INFO] - Epoch 49 step 9520/192: loss 1.476e+00  global 1.416e+00  evt_align 1.334e+00
[12/04/26 22:48:10][src.callback.progress][INFO] - Epoch 49 step 9540/192: loss 1.551e+00  global 1.546e+00  evt_align 1.397e+00
[12/04/26 22:48:12][src.callback.progress][INFO] - Epoch 49 step 9560/192: loss 1.299e+00  global 1.305e+00  evt_align 1.169e+00
[12/04/26 22:48:13][src.callback.progress][INFO] - Epoch 49 step 9580/192: loss 1.459e+00  global 1.404e+00  evt_align 1.319e+00
[12/04/26 22:48:15][src.callback.progress][INFO] - Epoch 49 step 9600/192: loss 1.310e+00  global 1.110e+00  evt_align 1.199e+00
[12/04/26 22:48:15][src.callback.progress][INFO] - Epoch 49: v_loss 1.645e+00  loss 1.477e+00  v_global 2.007e+00  global 1.343e+00  v_t2m/len 1530  v_t2m/R01 14.64%  v_t2m/R02 19.54%  v_t2m/R03 26.54%  v_t2m/R05 34.04%  v_t2m/R10 46.86%  v_t2m/MedR 12.5%  v_m2t/len 1530  v_m2t/R01 15.35%  v_m2t/R02 18.23%  v_m2t/R03 25.22%  v_m2t/R05 31.89%  v_m2t/R10 43.13%  v_m2t/MedR 14.5%
[12/04/26 22:48:18][pytorch_lightning.utilities.rank_zero][INFO] - `Trainer.fit` stopped: `max_epochs=50` reached.
[12/04/26 22:48:18][src.callback.progress][INFO] - Training done
