[19/04/26 22:22:41][__main__][INFO] - Training script
[19/04/26 22:22:41][__main__][INFO] - The config can be found here: 
outputs/humanml3d_e_mp_smoke_train/tmr_d1/smpl135/config.json
[19/04/26 22:22:43][lightning_fabric.utilities.seed][INFO] - Seed set to 42
[19/04/26 22:22:43][__main__][INFO] - Loading the dataloaders
[19/04/26 22:22:46][__main__][INFO] - Loading the model
[19/04/26 22:22:46][src.model.tmr_d1][INFO] - Warm-start loaded 74/75 tensors into motion_encoder; skipped_shape=1 missing=1 unexpected=0
[19/04/26 22:22:46][src.model.tmr_d1][INFO] - Warm-start shape mismatches for motion_encoder (first 8): ['projection.weight: ckpt(256, 263) != model(256, 135)']
[19/04/26 22:22:46][src.model.tmr_d1][INFO] - Warm-start loaded 108/110 tensors into motion_decoder; skipped_shape=2 missing=2 unexpected=0
[19/04/26 22:22:46][src.model.tmr_d1][INFO] - Warm-start shape mismatches for motion_decoder (first 8): ['final_layer.weight: ckpt(263, 256) != model(135, 256)', 'final_layer.bias: ckpt(263,) != model(135,)']
[19/04/26 22:22:46][__main__][INFO] - Training
[19/04/26 22:22:46][pytorch_lightning.utilities.rank_zero][INFO] - GPU available: True (cuda), used: False
[19/04/26 22:22:46][pytorch_lightning.utilities.rank_zero][INFO] - TPU available: False, using: 0 TPU cores
[19/04/26 22:22:46][pytorch_lightning.utilities.rank_zero][INFO] - HPU available: False, using: 0 HPUs
[19/04/26 22:22:46][pytorch_lightning.utilities.rank_zero][INFO] - `Trainer(limit_train_batches=1)` was configured so 1 batch per epoch will be used.
[19/04/26 22:22:46][pytorch_lightning.utilities.rank_zero][INFO] - `Trainer(limit_val_batches=1)` was configured so 1 batch will be used.
[19/04/26 22:22:46][pytorch_lightning.callbacks.model_summary][INFO] - 
  | Name                   | Type              | Params | Mode 
---------------------------------------------------------------------
0 | motion_encoder         | ACTORStyleEncoder | 4.8 M  | eval 
1 | text_encoder           | ACTORStyleEncoder | 4.9 M  | eval 
2 | motion_decoder         | ACTORStyleDecoder | 6.4 M  | eval 
3 | reconstruction_loss_fn | SmoothL1Loss      | 0      | train
4 | latent_loss_fn         | SmoothL1Loss      | 0      | train
5 | event_proj_e           | Linear            | 65.8 K | train
6 | event_proj_t           | Linear            | 65.8 K | train
---------------------------------------------------------------------
131 K     Trainable params
16.1 M    Non-trainable params
16.2 M    Total params
64.787    Total estimated model params size (MB)
4         Modules in train mode
222       Modules in eval mode
[19/04/26 22:22:47][src.callback.progress][INFO] - Training started
[19/04/26 22:22:51][src.callback.progress][INFO] - Epoch 0: v_loss 5.222e-01  loss 7.696e-01  v_global 6.768e-01  global 5.838e-01  v_t2m/len 2  v_t2m/R01 100.0%  v_t2m/R02 100.0%  v_t2m/R03 100.0%  v_t2m/R05 100.0%  v_t2m/R10 100.0%  v_t2m/MedR 1.0%  v_m2t/len 2  v_m2t/R01 50.0%  v_m2t/R02 100.0%  v_m2t/R03 100.0%  v_m2t/R05 100.0%  v_m2t/R10 100.0%  v_m2t/MedR 1.5%
[19/04/26 22:22:51][pytorch_lightning.utilities.rank_zero][INFO] - `Trainer.fit` stopped: `max_epochs=1` reached.
[19/04/26 22:22:51][src.callback.progress][INFO] - Training done
