[12/04/26 03:23:40][__main__][INFO] - Training script
[12/04/26 03:23:40][__main__][INFO] - The config can be found here: 
RUN_DIR/stage4_1_realdata_e50_b128_d2b/config.json
[12/04/26 03:23:43][lightning_fabric.utilities.seed][INFO] - Seed set to 1234
[12/04/26 03:23:43][__main__][INFO] - Loading the dataloaders
[12/04/26 03:23:48][__main__][INFO] - Loading the model
[12/04/26 03:23:48][__main__][INFO] - Training
[12/04/26 03:23:48][pytorch_lightning.utilities.rank_zero][INFO] - GPU available: True (cuda), used: True
[12/04/26 03:23:48][pytorch_lightning.utilities.rank_zero][INFO] - TPU available: False, using: 0 TPU cores
[12/04/26 03:23:48][pytorch_lightning.utilities.rank_zero][INFO] - HPU available: False, using: 0 HPUs
[12/04/26 03:23:49][pytorch_lightning.accelerators.cuda][INFO] - LOCAL_RANK: 0 - CUDA_VISIBLE_DEVICES: [3]
[12/04/26 03:23:49][pytorch_lightning.callbacks.model_summary][INFO] - 
  | Name                   | Type              | Params | Mode 
---------------------------------------------------------------------
0 | motion_encoder         | ACTORStyleEncoder | 4.8 M  | train
1 | text_encoder           | ACTORStyleEncoder | 4.9 M  | eval 
2 | motion_decoder         | ACTORStyleDecoder | 6.4 M  | eval 
3 | reconstruction_loss_fn | SmoothL1Loss      | 0      | train
4 | latent_loss_fn         | SmoothL1Loss      | 0      | train
5 | event_proj_e           | Linear            | 65.8 K | train
6 | event_proj_t           | Linear            | 65.8 K | train
---------------------------------------------------------------------
4.9 M     Trainable params
11.3 M    Non-trainable params
16.3 M    Total params
65.050    Total estimated model params size (MB)
70        Modules in train mode
156       Modules in eval mode
[12/04/26 03:23:49][src.callback.progress][INFO] - Training started
[12/04/26 03:25:41][src.callback.progress][INFO] - Epoch 0 step 20/192: loss 2.380e+00  global 3.697e+00  evt_align 2.011e+00
[12/04/26 03:27:22][src.callback.progress][INFO] - Epoch 0 step 40/192: loss 2.289e+00  global 3.382e+00  evt_align 1.951e+00
[12/04/26 03:28:57][src.callback.progress][INFO] - Epoch 0 step 60/192: loss 2.221e+00  global 3.187e+00  evt_align 1.902e+00
[12/04/26 03:30:27][src.callback.progress][INFO] - Epoch 0 step 80/192: loss 2.203e+00  global 2.975e+00  evt_align 1.906e+00
[12/04/26 03:31:55][src.callback.progress][INFO] - Epoch 0 step 100/192: loss 2.408e+00  global 2.707e+00  evt_align 2.137e+00
[12/04/26 03:33:19][src.callback.progress][INFO] - Epoch 0 step 120/192: loss 2.191e+00  global 2.323e+00  evt_align 1.959e+00
[12/04/26 03:34:44][src.callback.progress][INFO] - Epoch 0 step 140/192: loss 2.242e+00  global 2.442e+00  evt_align 1.998e+00
[12/04/26 03:36:04][src.callback.progress][INFO] - Epoch 0 step 160/192: loss 2.157e+00  global 2.435e+00  evt_align 1.913e+00
[12/04/26 03:37:23][src.callback.progress][INFO] - Epoch 0 step 180/192: loss 2.060e+00  global 2.161e+00  evt_align 1.844e+00
[12/04/26 03:39:04][src.callback.progress][INFO] - Epoch 0: v_loss 2.640e+00  loss 2.235e+00  v_global 3.292e+00  global 2.864e+00  v_t2m/len 1530  v_t2m/R01 10.26%  v_t2m/R02 12.88%  v_t2m/R03 18.55%  v_t2m/R05 24.12%  v_t2m/R10 33.59%  v_t2m/MedR 31.5%  v_m2t/len 1530  v_m2t/R01 4.44%  v_m2t/R02 5.75%  v_m2t/R03 9.67%  v_m2t/R05 14.25%  v_m2t/R10 20.85%  v_m2t/MedR 73.5%
[12/04/26 03:39:24][src.callback.progress][INFO] - Epoch 1 step 200/192: loss 2.070e+00  global 1.933e+00  evt_align 1.876e+00
[12/04/26 03:40:11][src.callback.progress][INFO] - Epoch 1 step 220/192: loss 1.902e+00  global 2.094e+00  evt_align 1.692e+00
[12/04/26 03:40:54][src.callback.progress][INFO] - Epoch 1 step 240/192: loss 2.065e+00  global 2.137e+00  evt_align 1.851e+00
[12/04/26 03:41:39][src.callback.progress][INFO] - Epoch 1 step 260/192: loss 2.189e+00  global 1.786e+00  evt_align 2.011e+00
[12/04/26 03:42:22][src.callback.progress][INFO] - Epoch 1 step 280/192: loss 2.000e+00  global 1.853e+00  evt_align 1.815e+00
[12/04/26 03:43:00][src.callback.progress][INFO] - Epoch 1 step 300/192: loss 1.993e+00  global 1.569e+00  evt_align 1.836e+00
[12/04/26 03:43:42][src.callback.progress][INFO] - Epoch 1 step 320/192: loss 1.951e+00  global 1.683e+00  evt_align 1.783e+00
[12/04/26 03:44:22][src.callback.progress][INFO] - Epoch 1 step 340/192: loss 2.217e+00  global 1.547e+00  evt_align 2.062e+00
[12/04/26 03:45:00][src.callback.progress][INFO] - Epoch 1 step 360/192: loss 1.788e+00  global 1.766e+00  evt_align 1.611e+00
[12/04/26 03:45:36][src.callback.progress][INFO] - Epoch 1 step 380/192: loss 2.024e+00  global 1.558e+00  evt_align 1.868e+00
[12/04/26 03:45:43][src.callback.progress][INFO] - Epoch 1: v_loss 2.501e+00  loss 2.032e+00  v_global 2.915e+00  global 1.813e+00  v_t2m/len 1530  v_t2m/R01 12.81%  v_t2m/R02 16.54%  v_t2m/R03 21.7%  v_t2m/R05 28.81%  v_t2m/R10 38.81%  v_t2m/MedR 21.0%  v_m2t/len 1530  v_m2t/R01 8.03%  v_m2t/R02 10.26%  v_m2t/R03 15.68%  v_m2t/R05 20.45%  v_m2t/R10 27.96%  v_m2t/MedR 38.0%
[12/04/26 03:46:05][src.callback.progress][INFO] - Epoch 2 step 400/192: loss 1.932e+00  global 1.383e+00  evt_align 1.794e+00
[12/04/26 03:46:30][src.callback.progress][INFO] - Epoch 2 step 420/192: loss 1.826e+00  global 1.618e+00  evt_align 1.664e+00
[12/04/26 03:46:54][src.callback.progress][INFO] - Epoch 2 step 440/192: loss 2.003e+00  global 1.619e+00  evt_align 1.841e+00
[12/04/26 03:47:17][src.callback.progress][INFO] - Epoch 2 step 460/192: loss 1.912e+00  global 1.407e+00  evt_align 1.771e+00
[12/04/26 03:47:40][src.callback.progress][INFO] - Epoch 2 step 480/192: loss 1.858e+00  global 1.355e+00  evt_align 1.722e+00
[12/04/26 03:48:02][src.callback.progress][INFO] - Epoch 2 step 500/192: loss 1.837e+00  global 1.268e+00  evt_align 1.710e+00
[12/04/26 03:48:26][src.callback.progress][INFO] - Epoch 2 step 520/192: loss 1.848e+00  global 1.310e+00  evt_align 1.717e+00
[12/04/26 03:48:52][src.callback.progress][INFO] - Epoch 2 step 540/192: loss 1.860e+00  global 1.400e+00  evt_align 1.720e+00
[12/04/26 03:49:13][src.callback.progress][INFO] - Epoch 2 step 560/192: loss 1.979e+00  global 1.348e+00  evt_align 1.844e+00
[12/04/26 03:49:31][src.callback.progress][INFO] - Epoch 2: v_loss 2.428e+00  loss 1.921e+00  v_global 2.672e+00  global 1.447e+00  v_t2m/len 1530  v_t2m/R01 15.1%  v_t2m/R02 19.07%  v_t2m/R03 24.7%  v_t2m/R05 31.3%  v_t2m/R10 43.13%  v_t2m/MedR 16.0%  v_m2t/len 1530  v_m2t/R01 11.5%  v_m2t/R02 13.32%  v_m2t/R03 19.35%  v_m2t/R05 25.69%  v_m2t/R10 33.52%  v_m2t/MedR 27.75%
[12/04/26 03:49:37][src.callback.progress][INFO] - Epoch 3 step 580/192: loss 1.984e+00  global 1.171e+00  evt_align 1.867e+00
[12/04/26 03:49:51][src.callback.progress][INFO] - Epoch 3 step 600/192: loss 1.769e+00  global 1.342e+00  evt_align 1.635e+00
[12/04/26 03:50:05][src.callback.progress][INFO] - Epoch 3 step 620/192: loss 1.907e+00  global 1.469e+00  evt_align 1.760e+00
[12/04/26 03:50:20][src.callback.progress][INFO] - Epoch 3 step 640/192: loss 1.835e+00  global 1.273e+00  evt_align 1.708e+00
[12/04/26 03:50:34][src.callback.progress][INFO] - Epoch 3 step 660/192: loss 1.851e+00  global 1.112e+00  evt_align 1.740e+00
[12/04/26 03:50:49][src.callback.progress][INFO] - Epoch 3 step 680/192: loss 1.777e+00  global 1.056e+00  evt_align 1.672e+00
[12/04/26 03:51:04][src.callback.progress][INFO] - Epoch 3 step 700/192: loss 1.873e+00  global 1.112e+00  evt_align 1.761e+00
[12/04/26 03:51:19][src.callback.progress][INFO] - Epoch 3 step 720/192: loss 1.831e+00  global 1.014e+00  evt_align 1.730e+00
[12/04/26 03:51:35][src.callback.progress][INFO] - Epoch 3 step 740/192: loss 1.872e+00  global 1.226e+00  evt_align 1.750e+00
[12/04/26 03:51:51][src.callback.progress][INFO] - Epoch 3 step 760/192: loss 1.790e+00  global 1.136e+00  evt_align 1.676e+00
[12/04/26 03:51:57][src.callback.progress][INFO] - Epoch 3: v_loss 2.371e+00  loss 1.859e+00  v_global 2.548e+00  global 1.221e+00  v_t2m/len 1530  v_t2m/R01 15.81%  v_t2m/R02 19.35%  v_t2m/R03 25.62%  v_t2m/R05 32.34%  v_t2m/R10 44.18%  v_t2m/MedR 14.0%  v_m2t/len 1530  v_m2t/R01 12.15%  v_m2t/R02 14.31%  v_m2t/R03 20.85%  v_m2t/R05 27.84%  v_m2t/R10 36.59%  v_m2t/MedR 23.25%
[12/04/26 03:52:06][src.callback.progress][INFO] - Epoch 4 step 780/192: loss 1.811e+00  global 1.152e+00  evt_align 1.696e+00
[12/04/26 03:52:16][src.callback.progress][INFO] - Epoch 4 step 800/192: loss 1.775e+00  global 1.061e+00  evt_align 1.669e+00
[12/04/26 03:52:26][src.callback.progress][INFO] - Epoch 4 step 820/192: loss 1.860e+00  global 1.104e+00  evt_align 1.750e+00
[12/04/26 03:52:36][src.callback.progress][INFO] - Epoch 4 step 840/192: loss 1.801e+00  global 1.259e+00  evt_align 1.675e+00
[12/04/26 03:52:45][src.callback.progress][INFO] - Epoch 4 step 860/192: loss 1.810e+00  global 9.682e-01  evt_align 1.714e+00
[12/04/26 03:52:54][src.callback.progress][INFO] - Epoch 4 step 880/192: loss 1.888e+00  global 1.084e+00  evt_align 1.780e+00
[12/04/26 03:53:04][src.callback.progress][INFO] - Epoch 4 step 900/192: loss 1.832e+00  global 1.227e+00  evt_align 1.709e+00
[12/04/26 03:53:15][src.callback.progress][INFO] - Epoch 4 step 920/192: loss 1.704e+00  global 1.057e+00  evt_align 1.598e+00
[12/04/26 03:53:25][src.callback.progress][INFO] - Epoch 4 step 940/192: loss 1.612e+00  global 9.653e-01  evt_align 1.515e+00
[12/04/26 03:53:35][src.callback.progress][INFO] - Epoch 4 step 960/192: loss 1.667e+00  global 8.052e-01  evt_align 1.587e+00
[12/04/26 03:53:36][src.callback.progress][INFO] - Epoch 4: v_loss 2.321e+00  loss 1.793e+00  v_global 2.449e+00  global 1.072e+00  v_t2m/len 1530  v_t2m/R01 15.22%  v_t2m/R02 19.14%  v_t2m/R03 26.01%  v_t2m/R05 33.86%  v_t2m/R10 44.7%  v_t2m/MedR 13.0%  v_m2t/len 1530  v_m2t/R01 12.09%  v_m2t/R02 14.89%  v_m2t/R03 21.3%  v_m2t/R05 29.28%  v_m2t/R10 37.58%  v_m2t/MedR 20.0%
[12/04/26 03:53:45][src.callback.progress][INFO] - Epoch 5 step 980/192: loss 1.946e+00  global 1.279e+00  evt_align 1.818e+00
[12/04/26 03:53:51][src.callback.progress][INFO] - Epoch 5 step 1000/192: loss 1.690e+00  global 9.858e-01  evt_align 1.591e+00
[12/04/26 03:53:57][src.callback.progress][INFO] - Epoch 5 step 1020/192: loss 1.820e+00  global 1.102e+00  evt_align 1.710e+00
[12/04/26 03:54:04][src.callback.progress][INFO] - Epoch 5 step 1040/192: loss 1.674e+00  global 9.776e-01  evt_align 1.576e+00
[12/04/26 03:54:11][src.callback.progress][INFO] - Epoch 5 step 1060/192: loss 1.847e+00  global 9.876e-01  evt_align 1.748e+00
[12/04/26 03:54:17][src.callback.progress][INFO] - Epoch 5 step 1080/192: loss 1.710e+00  global 8.661e-01  evt_align 1.623e+00
[12/04/26 03:54:24][src.callback.progress][INFO] - Epoch 5 step 1100/192: loss 1.717e+00  global 9.174e-01  evt_align 1.625e+00
[12/04/26 03:54:30][src.callback.progress][INFO] - Epoch 5 step 1120/192: loss 1.915e+00  global 9.378e-01  evt_align 1.821e+00
[12/04/26 03:54:36][src.callback.progress][INFO] - Epoch 5 step 1140/192: loss 1.820e+00  global 9.450e-01  evt_align 1.726e+00
[12/04/26 03:54:40][src.callback.progress][INFO] - Epoch 5: v_loss 2.282e+00  loss 1.742e+00  v_global 2.369e+00  global 9.752e-01  v_t2m/len 1530  v_t2m/R01 15.42%  v_t2m/R02 20.0%  v_t2m/R03 27.7%  v_t2m/R05 33.4%  v_t2m/R10 46.93%  v_t2m/MedR 12.5%  v_m2t/len 1530  v_m2t/R01 13.78%  v_m2t/R02 16.4%  v_m2t/R03 23.86%  v_m2t/R05 30.38%  v_m2t/R10 41.18%  v_m2t/MedR 17.25%
[12/04/26 03:54:45][src.callback.progress][INFO] - Epoch 6 step 1160/192: loss 1.783e+00  global 8.418e-01  evt_align 1.699e+00
[12/04/26 03:54:50][src.callback.progress][INFO] - Epoch 6 step 1180/192: loss 1.671e+00  global 1.030e+00  evt_align 1.568e+00
[12/04/26 03:54:54][src.callback.progress][INFO] - Epoch 6 step 1200/192: loss 1.662e+00  global 1.045e+00  evt_align 1.557e+00
[12/04/26 03:54:59][src.callback.progress][INFO] - Epoch 6 step 1220/192: loss 1.620e+00  global 9.078e-01  evt_align 1.530e+00
[12/04/26 03:55:04][src.callback.progress][INFO] - Epoch 6 step 1240/192: loss 1.736e+00  global 8.463e-01  evt_align 1.652e+00
[12/04/26 03:55:08][src.callback.progress][INFO] - Epoch 6 step 1260/192: loss 1.728e+00  global 1.039e+00  evt_align 1.624e+00
[12/04/26 03:55:14][src.callback.progress][INFO] - Epoch 6 step 1280/192: loss 1.696e+00  global 8.559e-01  evt_align 1.610e+00
[12/04/26 03:55:18][src.callback.progress][INFO] - Epoch 6 step 1300/192: loss 1.882e+00  global 8.805e-01  evt_align 1.794e+00
[12/04/26 03:55:23][src.callback.progress][INFO] - Epoch 6 step 1320/192: loss 1.876e+00  global 8.913e-01  evt_align 1.787e+00
[12/04/26 03:55:27][src.callback.progress][INFO] - Epoch 6 step 1340/192: loss 1.714e+00  global 8.097e-01  evt_align 1.633e+00
[12/04/26 03:55:28][src.callback.progress][INFO] - Epoch 6: v_loss 2.285e+00  loss 1.697e+00  v_global 2.304e+00  global 9.003e-01  v_t2m/len 1530  v_t2m/R01 15.15%  v_t2m/R02 19.87%  v_t2m/R03 25.69%  v_t2m/R05 34.38%  v_t2m/R10 45.95%  v_t2m/MedR 13.0%  v_m2t/len 1530  v_m2t/R01 13.39%  v_m2t/R02 16.07%  v_m2t/R03 23.13%  v_m2t/R05 29.54%  v_m2t/R10 39.34%  v_m2t/MedR 18.0%
[12/04/26 03:55:33][src.callback.progress][INFO] - Epoch 7 step 1360/192: loss 1.707e+00  global 7.394e-01  evt_align 1.633e+00
[12/04/26 03:55:37][src.callback.progress][INFO] - Epoch 7 step 1380/192: loss 1.781e+00  global 8.472e-01  evt_align 1.696e+00
[12/04/26 03:55:40][src.callback.progress][INFO] - Epoch 7 step 1400/192: loss 1.542e+00  global 9.521e-01  evt_align 1.447e+00
[12/04/26 03:55:44][src.callback.progress][INFO] - Epoch 7 step 1420/192: loss 1.446e+00  global 8.276e-01  evt_align 1.363e+00
[12/04/26 03:55:48][src.callback.progress][INFO] - Epoch 7 step 1440/192: loss 1.730e+00  global 8.483e-01  evt_align 1.645e+00
[12/04/26 03:55:51][src.callback.progress][INFO] - Epoch 7 step 1460/192: loss 1.586e+00  global 8.797e-01  evt_align 1.498e+00
[12/04/26 03:55:55][src.callback.progress][INFO] - Epoch 7 step 1480/192: loss 1.737e+00  global 9.007e-01  evt_align 1.646e+00
[12/04/26 03:55:59][src.callback.progress][INFO] - Epoch 7 step 1500/192: loss 1.624e+00  global 7.803e-01  evt_align 1.546e+00
[12/04/26 03:56:03][src.callback.progress][INFO] - Epoch 7 step 1520/192: loss 1.710e+00  global 7.578e-01  evt_align 1.634e+00
[12/04/26 03:56:07][src.callback.progress][INFO] - Epoch 7: v_loss 2.221e+00  loss 1.663e+00  v_global 2.298e+00  global 8.380e-01  v_t2m/len 1530  v_t2m/R01 15.1%  v_t2m/R02 19.67%  v_t2m/R03 27.31%  v_t2m/R05 35.68%  v_t2m/R10 46.4%  v_t2m/MedR 12.0%  v_m2t/len 1530  v_m2t/R01 13.14%  v_m2t/R02 15.68%  v_m2t/R03 23.39%  v_m2t/R05 30.85%  v_m2t/R10 41.11%  v_m2t/MedR 17.0%
[12/04/26 03:56:10][src.callback.progress][INFO] - Epoch 8 step 1540/192: loss 1.684e+00  global 8.572e-01  evt_align 1.598e+00
[12/04/26 03:56:13][src.callback.progress][INFO] - Epoch 8 step 1560/192: loss 1.654e+00  global 8.684e-01  evt_align 1.567e+00
[12/04/26 03:56:16][src.callback.progress][INFO] - Epoch 8 step 1580/192: loss 1.674e+00  global 9.062e-01  evt_align 1.583e+00
[12/04/26 03:56:19][src.callback.progress][INFO] - Epoch 8 step 1600/192: loss 1.629e+00  global 8.275e-01  evt_align 1.546e+00
[12/04/26 03:56:23][src.callback.progress][INFO] - Epoch 8 step 1620/192: loss 1.723e+00  global 9.326e-01  evt_align 1.630e+00
[12/04/26 03:56:27][src.callback.progress][INFO] - Epoch 8 step 1640/192: loss 1.571e+00  global 8.433e-01  evt_align 1.487e+00
[12/04/26 03:56:30][src.callback.progress][INFO] - Epoch 8 step 1660/192: loss 1.774e+00  global 6.941e-01  evt_align 1.704e+00
[12/04/26 03:56:33][src.callback.progress][INFO] - Epoch 8 step 1680/192: loss 1.587e+00  global 7.878e-01  evt_align 1.508e+00
[12/04/26 03:56:36][src.callback.progress][INFO] - Epoch 8 step 1700/192: loss 1.613e+00  global 8.511e-01  evt_align 1.528e+00
[12/04/26 03:56:38][src.callback.progress][INFO] - Epoch 8 step 1720/192: loss 1.616e+00  global 9.967e-01  evt_align 1.516e+00
[12/04/26 03:56:41][src.callback.progress][INFO] - Epoch 8: v_loss 2.197e+00  loss 1.662e+00  v_global 2.246e+00  global 8.088e-01  v_t2m/len 1530  v_t2m/R01 15.56%  v_t2m/R02 20.92%  v_t2m/R03 28.81%  v_t2m/R05 37.31%  v_t2m/R10 49.08%  v_t2m/MedR 11.0%  v_m2t/len 1530  v_m2t/R01 14.43%  v_m2t/R02 16.46%  v_m2t/R03 24.04%  v_m2t/R05 31.95%  v_m2t/R10 42.61%  v_m2t/MedR 15.5%
[12/04/26 03:56:45][src.callback.progress][INFO] - Epoch 9 step 1740/192: loss 1.416e+00  global 7.447e-01  evt_align 1.342e+00
[12/04/26 03:56:47][src.callback.progress][INFO] - Epoch 9 step 1760/192: loss 1.520e+00  global 8.479e-01  evt_align 1.435e+00
[12/04/26 03:56:49][src.callback.progress][INFO] - Epoch 9 step 1780/192: loss 1.609e+00  global 7.237e-01  evt_align 1.536e+00
[12/04/26 03:56:52][src.callback.progress][INFO] - Epoch 9 step 1800/192: loss 1.663e+00  global 7.153e-01  evt_align 1.591e+00
[12/04/26 03:56:54][src.callback.progress][INFO] - Epoch 9 step 1820/192: loss 1.527e+00  global 8.988e-01  evt_align 1.437e+00
[12/04/26 03:56:57][src.callback.progress][INFO] - Epoch 9 step 1840/192: loss 1.706e+00  global 7.905e-01  evt_align 1.627e+00
[12/04/26 03:56:59][src.callback.progress][INFO] - Epoch 9 step 1860/192: loss 1.576e+00  global 6.856e-01  evt_align 1.507e+00
[12/04/26 03:57:01][src.callback.progress][INFO] - Epoch 9 step 1880/192: loss 1.563e+00  global 7.366e-01  evt_align 1.489e+00
[12/04/26 03:57:03][src.callback.progress][INFO] - Epoch 9 step 1900/192: loss 1.613e+00  global 7.704e-01  evt_align 1.536e+00
[12/04/26 03:57:06][src.callback.progress][INFO] - Epoch 9 step 1920/192: loss 1.421e+00  global 6.294e-01  evt_align 1.358e+00
[12/04/26 03:57:06][src.callback.progress][INFO] - Epoch 9: v_loss 2.155e+00  loss 1.636e+00  v_global 2.179e+00  global 7.658e-01  v_t2m/len 1530  v_t2m/R01 16.01%  v_t2m/R02 20.97%  v_t2m/R03 29.79%  v_t2m/R05 36.59%  v_t2m/R10 49.4%  v_t2m/MedR 11.0%  v_m2t/len 1530  v_m2t/R01 14.71%  v_m2t/R02 17.57%  v_m2t/R03 26.13%  v_m2t/R05 32.29%  v_m2t/R10 43.27%  v_m2t/MedR 15.5%
[12/04/26 03:57:11][src.callback.progress][INFO] - Epoch 10 step 1940/192: loss 1.718e+00  global 7.789e-01  evt_align 1.640e+00
[12/04/26 03:57:14][src.callback.progress][INFO] - Epoch 10 step 1960/192: loss 1.616e+00  global 7.168e-01  evt_align 1.545e+00
[12/04/26 03:57:16][src.callback.progress][INFO] - Epoch 10 step 1980/192: loss 1.549e+00  global 8.311e-01  evt_align 1.466e+00
[12/04/26 03:57:18][src.callback.progress][INFO] - Epoch 10 step 2000/192: loss 1.747e+00  global 7.030e-01  evt_align 1.677e+00
[12/04/26 03:57:21][src.callback.progress][INFO] - Epoch 10 step 2020/192: loss 1.663e+00  global 8.508e-01  evt_align 1.578e+00
[12/04/26 03:57:23][src.callback.progress][INFO] - Epoch 10 step 2040/192: loss 1.416e+00  global 7.180e-01  evt_align 1.344e+00
[12/04/26 03:57:25][src.callback.progress][INFO] - Epoch 10 step 2060/192: loss 1.731e+00  global 7.535e-01  evt_align 1.656e+00
[12/04/26 03:57:27][src.callback.progress][INFO] - Epoch 10 step 2080/192: loss 1.658e+00  global 7.431e-01  evt_align 1.584e+00
[12/04/26 03:57:29][src.callback.progress][INFO] - Epoch 10 step 2100/192: loss 1.554e+00  global 8.016e-01  evt_align 1.474e+00
[12/04/26 03:57:31][src.callback.progress][INFO] - Epoch 10: v_loss 2.116e+00  loss 1.604e+00  v_global 2.157e+00  global 7.415e-01  v_t2m/len 1530  v_t2m/R01 16.6%  v_t2m/R02 20.0%  v_t2m/R03 29.47%  v_t2m/R05 36.86%  v_t2m/R10 48.88%  v_t2m/MedR 11.0%  v_m2t/len 1530  v_m2t/R01 14.89%  v_m2t/R02 17.38%  v_m2t/R03 26.27%  v_m2t/R05 32.68%  v_m2t/R10 43.72%  v_m2t/MedR 14.0%
[12/04/26 03:57:35][src.callback.progress][INFO] - Epoch 11 step 2120/192: loss 1.422e+00  global 6.170e-01  evt_align 1.360e+00
[12/04/26 03:57:37][src.callback.progress][INFO] - Epoch 11 step 2140/192: loss 1.572e+00  global 7.586e-01  evt_align 1.496e+00
[12/04/26 03:57:39][src.callback.progress][INFO] - Epoch 11 step 2160/192: loss 1.611e+00  global 7.644e-01  evt_align 1.535e+00
[12/04/26 03:57:41][src.callback.progress][INFO] - Epoch 11 step 2180/192: loss 1.650e+00  global 7.746e-01  evt_align 1.572e+00
[12/04/26 03:57:43][src.callback.progress][INFO] - Epoch 11 step 2200/192: loss 1.477e+00  global 6.452e-01  evt_align 1.413e+00
[12/04/26 03:57:45][src.callback.progress][INFO] - Epoch 11 step 2220/192: loss 1.560e+00  global 8.005e-01  evt_align 1.480e+00
[12/04/26 03:57:47][src.callback.progress][INFO] - Epoch 11 step 2240/192: loss 1.655e+00  global 7.102e-01  evt_align 1.584e+00
[12/04/26 03:57:49][src.callback.progress][INFO] - Epoch 11 step 2260/192: loss 1.608e+00  global 8.374e-01  evt_align 1.524e+00
[12/04/26 03:57:51][src.callback.progress][INFO] - Epoch 11 step 2280/192: loss 1.791e+00  global 6.815e-01  evt_align 1.723e+00
[12/04/26 03:57:53][src.callback.progress][INFO] - Epoch 11 step 2300/192: loss 1.610e+00  global 6.736e-01  evt_align 1.543e+00
[12/04/26 03:57:54][src.callback.progress][INFO] - Epoch 11: v_loss 2.140e+00  loss 1.570e+00  v_global 2.175e+00  global 7.147e-01  v_t2m/len 1530  v_t2m/R01 15.88%  v_t2m/R02 20.59%  v_t2m/R03 27.78%  v_t2m/R05 37.65%  v_t2m/R10 48.68%  v_t2m/MedR 11.0%  v_m2t/len 1530  v_m2t/R01 15.56%  v_m2t/R02 18.04%  v_m2t/R03 25.81%  v_m2t/R05 33.13%  v_m2t/R10 43.72%  v_m2t/MedR 15.0%
[12/04/26 03:57:58][src.callback.progress][INFO] - Epoch 12 step 2320/192: loss 1.496e+00  global 6.236e-01  evt_align 1.434e+00
[12/04/26 03:58:00][src.callback.progress][INFO] - Epoch 12 step 2340/192: loss 1.558e+00  global 7.903e-01  evt_align 1.479e+00
[12/04/26 03:58:02][src.callback.progress][INFO] - Epoch 12 step 2360/192: loss 1.473e+00  global 6.455e-01  evt_align 1.409e+00
[12/04/26 03:58:03][src.callback.progress][INFO] - Epoch 12 step 2380/192: loss 1.652e+00  global 6.022e-01  evt_align 1.592e+00
[12/04/26 03:58:05][src.callback.progress][INFO] - Epoch 12 step 2400/192: loss 1.491e+00  global 7.099e-01  evt_align 1.420e+00
[12/04/26 03:58:06][src.callback.progress][INFO] - Epoch 12 step 2420/192: loss 1.377e+00  global 8.319e-01  evt_align 1.294e+00
[12/04/26 03:58:08][src.callback.progress][INFO] - Epoch 12 step 2440/192: loss 1.577e+00  global 8.249e-01  evt_align 1.494e+00
[12/04/26 03:58:10][src.callback.progress][INFO] - Epoch 12 step 2460/192: loss 1.717e+00  global 7.192e-01  evt_align 1.645e+00
[12/04/26 03:58:11][src.callback.progress][INFO] - Epoch 12 step 2480/192: loss 1.444e+00  global 6.789e-01  evt_align 1.376e+00
[12/04/26 03:58:13][src.callback.progress][INFO] - Epoch 12: v_loss 2.078e+00  loss 1.561e+00  v_global 2.137e+00  global 7.042e-01  v_t2m/len 1530  v_t2m/R01 17.25%  v_t2m/R02 22.42%  v_t2m/R03 28.5%  v_t2m/R05 36.2%  v_t2m/R10 47.38%  v_t2m/MedR 12.0%  v_m2t/len 1530  v_m2t/R01 15.61%  v_m2t/R02 18.04%  v_m2t/R03 26.86%  v_m2t/R05 33.86%  v_m2t/R10 45.02%  v_m2t/MedR 14.5%
[12/04/26 03:58:17][src.callback.progress][INFO] - Epoch 13 step 2500/192: loss 1.403e+00  global 6.492e-01  evt_align 1.339e+00
[12/04/26 03:58:18][src.callback.progress][INFO] - Epoch 13 step 2520/192: loss 1.573e+00  global 7.775e-01  evt_align 1.495e+00
[12/04/26 03:58:20][src.callback.progress][INFO] - Epoch 13 step 2540/192: loss 1.504e+00  global 6.733e-01  evt_align 1.437e+00
[12/04/26 03:58:21][src.callback.progress][INFO] - Epoch 13 step 2560/192: loss 1.432e+00  global 6.714e-01  evt_align 1.365e+00
[12/04/26 03:58:23][src.callback.progress][INFO] - Epoch 13 step 2580/192: loss 1.391e+00  global 6.736e-01  evt_align 1.324e+00
[12/04/26 03:58:25][src.callback.progress][INFO] - Epoch 13 step 2600/192: loss 1.587e+00  global 5.442e-01  evt_align 1.532e+00
[12/04/26 03:58:26][src.callback.progress][INFO] - Epoch 13 step 2620/192: loss 1.575e+00  global 7.200e-01  evt_align 1.503e+00
[12/04/26 03:58:28][src.callback.progress][INFO] - Epoch 13 step 2640/192: loss 1.533e+00  global 5.112e-01  evt_align 1.482e+00
[12/04/26 03:58:30][src.callback.progress][INFO] - Epoch 13 step 2660/192: loss 1.376e+00  global 6.693e-01  evt_align 1.309e+00
[12/04/26 03:58:31][src.callback.progress][INFO] - Epoch 13 step 2680/192: loss 1.546e+00  global 6.511e-01  evt_align 1.481e+00
[12/04/26 03:58:33][src.callback.progress][INFO] - Epoch 13: v_loss 2.100e+00  loss 1.543e+00  v_global 2.113e+00  global 6.864e-01  v_t2m/len 1530  v_t2m/R01 17.31%  v_t2m/R02 21.23%  v_t2m/R03 29.35%  v_t2m/R05 37.06%  v_t2m/R10 47.97%  v_t2m/MedR 11.0%  v_m2t/len 1530  v_m2t/R01 15.61%  v_m2t/R02 17.96%  v_m2t/R03 26.54%  v_m2t/R05 33.99%  v_m2t/R10 43.91%  v_m2t/MedR 13.5%
[12/04/26 03:58:36][src.callback.progress][INFO] - Epoch 14 step 2700/192: loss 1.406e+00  global 5.346e-01  evt_align 1.353e+00
[12/04/26 03:58:38][src.callback.progress][INFO] - Epoch 14 step 2720/192: loss 1.465e+00  global 6.019e-01  evt_align 1.405e+00
[12/04/26 03:58:39][src.callback.progress][INFO] - Epoch 14 step 2740/192: loss 1.616e+00  global 8.020e-01  evt_align 1.536e+00
[12/04/26 03:58:41][src.callback.progress][INFO] - Epoch 14 step 2760/192: loss 1.649e+00  global 6.479e-01  evt_align 1.585e+00
[12/04/26 03:58:42][src.callback.progress][INFO] - Epoch 14 step 2780/192: loss 1.492e+00  global 6.578e-01  evt_align 1.426e+00
[12/04/26 03:58:44][src.callback.progress][INFO] - Epoch 14 step 2800/192: loss 1.560e+00  global 6.357e-01  evt_align 1.497e+00
[12/04/26 03:58:45][src.callback.progress][INFO] - Epoch 14 step 2820/192: loss 1.534e+00  global 7.630e-01  evt_align 1.458e+00
[12/04/26 03:58:47][src.callback.progress][INFO] - Epoch 14 step 2840/192: loss 1.522e+00  global 7.008e-01  evt_align 1.452e+00
[12/04/26 03:58:49][src.callback.progress][INFO] - Epoch 14 step 2860/192: loss 1.377e+00  global 6.416e-01  evt_align 1.313e+00
[12/04/26 03:58:50][src.callback.progress][INFO] - Epoch 14 step 2880/192: loss 1.198e+00  global 4.802e-01  evt_align 1.150e+00
[12/04/26 03:58:51][src.callback.progress][INFO] - Epoch 14: v_loss 2.045e+00  loss 1.532e+00  v_global 2.082e+00  global 6.819e-01  v_t2m/len 1530  v_t2m/R01 16.67%  v_t2m/R02 20.32%  v_t2m/R03 27.19%  v_t2m/R05 36.27%  v_t2m/R10 48.88%  v_t2m/MedR 11.0%  v_m2t/len 1530  v_m2t/R01 15.61%  v_m2t/R02 17.84%  v_m2t/R03 26.01%  v_m2t/R05 33.45%  v_m2t/R10 43.52%  v_m2t/MedR 14.0%
[12/04/26 03:58:56][src.callback.progress][INFO] - Epoch 15 step 2900/192: loss 1.341e+00  global 6.453e-01  evt_align 1.276e+00
[12/04/26 03:58:57][src.callback.progress][INFO] - Epoch 15 step 2920/192: loss 1.417e+00  global 5.091e-01  evt_align 1.366e+00
[12/04/26 03:58:59][src.callback.progress][INFO] - Epoch 15 step 2940/192: loss 1.566e+00  global 8.106e-01  evt_align 1.485e+00
[12/04/26 03:59:00][src.callback.progress][INFO] - Epoch 15 step 2960/192: loss 1.596e+00  global 7.444e-01  evt_align 1.521e+00
[12/04/26 03:59:02][src.callback.progress][INFO] - Epoch 15 step 2980/192: loss 1.479e+00  global 6.488e-01  evt_align 1.414e+00
[12/04/26 03:59:03][src.callback.progress][INFO] - Epoch 15 step 3000/192: loss 1.580e+00  global 6.496e-01  evt_align 1.515e+00
[12/04/26 03:59:05][src.callback.progress][INFO] - Epoch 15 step 3020/192: loss 1.496e+00  global 6.369e-01  evt_align 1.432e+00
[12/04/26 03:59:07][src.callback.progress][INFO] - Epoch 15 step 3040/192: loss 1.428e+00  global 7.333e-01  evt_align 1.355e+00
[12/04/26 03:59:08][src.callback.progress][INFO] - Epoch 15 step 3060/192: loss 1.502e+00  global 6.073e-01  evt_align 1.441e+00
[12/04/26 03:59:10][src.callback.progress][INFO] - Epoch 15: v_loss 2.051e+00  loss 1.508e+00  v_global 2.129e+00  global 6.526e-01  v_t2m/len 1530  v_t2m/R01 17.19%  v_t2m/R02 20.92%  v_t2m/R03 27.52%  v_t2m/R05 36.2%  v_t2m/R10 48.29%  v_t2m/MedR 11.0%  v_m2t/len 1530  v_m2t/R01 15.42%  v_m2t/R02 16.79%  v_m2t/R03 25.81%  v_m2t/R05 33.99%  v_m2t/R10 44.5%  v_m2t/MedR 15.0%
[12/04/26 03:59:14][src.callback.progress][INFO] - Epoch 16 step 3080/192: loss 1.277e+00  global 6.387e-01  evt_align 1.213e+00
[12/04/26 03:59:15][src.callback.progress][INFO] - Epoch 16 step 3100/192: loss 1.500e+00  global 5.730e-01  evt_align 1.443e+00
[12/04/26 03:59:17][src.callback.progress][INFO] - Epoch 16 step 3120/192: loss 1.457e+00  global 5.958e-01  evt_align 1.398e+00
[12/04/26 03:59:18][src.callback.progress][INFO] - Epoch 16 step 3140/192: loss 1.323e+00  global 5.869e-01  evt_align 1.264e+00
[12/04/26 03:59:20][src.callback.progress][INFO] - Epoch 16 step 3160/192: loss 1.620e+00  global 5.931e-01  evt_align 1.561e+00
[12/04/26 03:59:22][src.callback.progress][INFO] - Epoch 16 step 3180/192: loss 1.406e+00  global 5.352e-01  evt_align 1.353e+00
[12/04/26 03:59:23][src.callback.progress][INFO] - Epoch 16 step 3200/192: loss 1.289e+00  global 6.184e-01  evt_align 1.227e+00
[12/04/26 03:59:25][src.callback.progress][INFO] - Epoch 16 step 3220/192: loss 1.555e+00  global 6.799e-01  evt_align 1.487e+00
[12/04/26 03:59:26][src.callback.progress][INFO] - Epoch 16 step 3240/192: loss 1.333e+00  global 6.827e-01  evt_align 1.264e+00
[12/04/26 03:59:28][src.callback.progress][INFO] - Epoch 16 step 3260/192: loss 1.410e+00  global 6.386e-01  evt_align 1.346e+00
[12/04/26 03:59:29][src.callback.progress][INFO] - Epoch 16: v_loss 2.000e+00  loss 1.478e+00  v_global 2.077e+00  global 6.440e-01  v_t2m/len 1530  v_t2m/R01 17.78%  v_t2m/R02 21.89%  v_t2m/R03 29.54%  v_t2m/R05 37.45%  v_t2m/R10 50.45%  v_t2m/MedR 10.0%  v_m2t/len 1530  v_m2t/R01 15.88%  v_m2t/R02 18.1%  v_m2t/R03 26.6%  v_m2t/R05 35.95%  v_m2t/R10 44.43%  v_m2t/MedR 13.5%
[12/04/26 03:59:33][src.callback.progress][INFO] - Epoch 17 step 3280/192: loss 1.389e+00  global 6.748e-01  evt_align 1.322e+00
[12/04/26 03:59:34][src.callback.progress][INFO] - Epoch 17 step 3300/192: loss 1.483e+00  global 7.038e-01  evt_align 1.413e+00
[12/04/26 03:59:35][src.callback.progress][INFO] - Epoch 17 step 3320/192: loss 1.360e+00  global 4.945e-01  evt_align 1.311e+00
[12/04/26 03:59:37][src.callback.progress][INFO] - Epoch 17 step 3340/192: loss 1.472e+00  global 6.466e-01  evt_align 1.407e+00
[12/04/26 03:59:38][src.callback.progress][INFO] - Epoch 17 step 3360/192: loss 1.479e+00  global 5.348e-01  evt_align 1.425e+00
[12/04/26 03:59:40][src.callback.progress][INFO] - Epoch 17 step 3380/192: loss 1.616e+00  global 6.677e-01  evt_align 1.549e+00
[12/04/26 03:59:41][src.callback.progress][INFO] - Epoch 17 step 3400/192: loss 1.538e+00  global 6.354e-01  evt_align 1.474e+00
[12/04/26 03:59:43][src.callback.progress][INFO] - Epoch 17 step 3420/192: loss 1.311e+00  global 5.708e-01  evt_align 1.254e+00
[12/04/26 03:59:44][src.callback.progress][INFO] - Epoch 17 step 3440/192: loss 1.558e+00  global 6.398e-01  evt_align 1.494e+00
[12/04/26 03:59:46][src.callback.progress][INFO] - Epoch 17: v_loss 2.028e+00  loss 1.463e+00  v_global 2.071e+00  global 6.339e-01  v_t2m/len 1530  v_t2m/R01 17.84%  v_t2m/R02 21.04%  v_t2m/R03 29.28%  v_t2m/R05 38.56%  v_t2m/R10 50.0%  v_t2m/MedR 10.5%  v_m2t/len 1530  v_m2t/R01 15.75%  v_m2t/R02 17.84%  v_m2t/R03 26.86%  v_m2t/R05 35.15%  v_m2t/R10 44.31%  v_m2t/MedR 14.25%
[12/04/26 03:59:49][src.callback.progress][INFO] - Epoch 18 step 3460/192: loss 1.494e+00  global 5.849e-01  evt_align 1.436e+00
[12/04/26 03:59:51][src.callback.progress][INFO] - Epoch 18 step 3480/192: loss 1.477e+00  global 5.508e-01  evt_align 1.422e+00
[12/04/26 03:59:52][src.callback.progress][INFO] - Epoch 18 step 3500/192: loss 1.315e+00  global 6.829e-01  evt_align 1.246e+00
[12/04/26 03:59:54][src.callback.progress][INFO] - Epoch 18 step 3520/192: loss 1.616e+00  global 7.472e-01  evt_align 1.542e+00
[12/04/26 03:59:55][src.callback.progress][INFO] - Epoch 18 step 3540/192: loss 1.502e+00  global 5.774e-01  evt_align 1.444e+00
[12/04/26 03:59:57][src.callback.progress][INFO] - Epoch 18 step 3560/192: loss 1.545e+00  global 5.818e-01  evt_align 1.487e+00
[12/04/26 03:59:58][src.callback.progress][INFO] - Epoch 18 step 3580/192: loss 1.402e+00  global 7.509e-01  evt_align 1.326e+00
[12/04/26 04:00:00][src.callback.progress][INFO] - Epoch 18 step 3600/192: loss 1.422e+00  global 7.229e-01  evt_align 1.349e+00
[12/04/26 04:00:01][src.callback.progress][INFO] - Epoch 18 step 3620/192: loss 1.410e+00  global 6.166e-01  evt_align 1.349e+00
[12/04/26 04:00:02][src.callback.progress][INFO] - Epoch 18 step 3640/192: loss 1.477e+00  global 4.979e-01  evt_align 1.427e+00
[12/04/26 04:00:04][src.callback.progress][INFO] - Epoch 18: v_loss 1.975e+00  loss 1.464e+00  v_global 2.036e+00  global 6.258e-01  v_t2m/len 1530  v_t2m/R01 17.57%  v_t2m/R02 21.89%  v_t2m/R03 30.59%  v_t2m/R05 38.04%  v_t2m/R10 48.43%  v_t2m/MedR 11.0%  v_m2t/len 1530  v_m2t/R01 17.45%  v_m2t/R02 19.07%  v_m2t/R03 28.95%  v_m2t/R05 36.27%  v_m2t/R10 45.22%  v_m2t/MedR 13.5%
[12/04/26 04:00:07][src.callback.progress][INFO] - Epoch 19 step 3660/192: loss 1.299e+00  global 5.552e-01  evt_align 1.243e+00
[12/04/26 04:00:09][src.callback.progress][INFO] - Epoch 19 step 3680/192: loss 1.387e+00  global 5.947e-01  evt_align 1.328e+00
[12/04/26 04:00:10][src.callback.progress][INFO] - Epoch 19 step 3700/192: loss 1.509e+00  global 5.182e-01  evt_align 1.457e+00
[12/04/26 04:00:12][src.callback.progress][INFO] - Epoch 19 step 3720/192: loss 1.320e+00  global 6.074e-01  evt_align 1.259e+00
[12/04/26 04:00:13][src.callback.progress][INFO] - Epoch 19 step 3740/192: loss 1.372e+00  global 6.634e-01  evt_align 1.305e+00
[12/04/26 04:00:14][src.callback.progress][INFO] - Epoch 19 step 3760/192: loss 1.387e+00  global 5.923e-01  evt_align 1.328e+00
[12/04/26 04:00:16][src.callback.progress][INFO] - Epoch 19 step 3780/192: loss 1.303e+00  global 4.808e-01  evt_align 1.255e+00
[12/04/26 04:00:17][src.callback.progress][INFO] - Epoch 19 step 3800/192: loss 1.408e+00  global 6.957e-01  evt_align 1.338e+00
[12/04/26 04:00:19][src.callback.progress][INFO] - Epoch 19 step 3820/192: loss 1.513e+00  global 6.255e-01  evt_align 1.451e+00
[12/04/26 04:00:20][src.callback.progress][INFO] - Epoch 19 step 3840/192: loss 1.257e+00  global 5.384e-01  evt_align 1.203e+00
[12/04/26 04:00:21][src.callback.progress][INFO] - Epoch 19: v_loss 1.981e+00  loss 1.435e+00  v_global 2.085e+00  global 5.970e-01  v_t2m/len 1530  v_t2m/R01 18.04%  v_t2m/R02 22.61%  v_t2m/R03 29.28%  v_t2m/R05 37.31%  v_t2m/R10 49.34%  v_t2m/MedR 11.0%  v_m2t/len 1530  v_m2t/R01 15.94%  v_m2t/R02 18.1%  v_m2t/R03 26.2%  v_m2t/R05 34.43%  v_m2t/R10 44.7%  v_m2t/MedR 14.5%
[12/04/26 04:00:25][src.callback.progress][INFO] - Epoch 20 step 3860/192: loss 1.477e+00  global 7.227e-01  evt_align 1.405e+00
[12/04/26 04:00:27][src.callback.progress][INFO] - Epoch 20 step 3880/192: loss 1.450e+00  global 5.643e-01  evt_align 1.393e+00
[12/04/26 04:00:28][src.callback.progress][INFO] - Epoch 20 step 3900/192: loss 1.521e+00  global 7.625e-01  evt_align 1.445e+00
[12/04/26 04:00:30][src.callback.progress][INFO] - Epoch 20 step 3920/192: loss 1.341e+00  global 5.303e-01  evt_align 1.288e+00
[12/04/26 04:00:31][src.callback.progress][INFO] - Epoch 20 step 3940/192: loss 1.472e+00  global 6.793e-01  evt_align 1.404e+00
[12/04/26 04:00:32][src.callback.progress][INFO] - Epoch 20 step 3960/192: loss 1.387e+00  global 5.961e-01  evt_align 1.328e+00
[12/04/26 04:00:34][src.callback.progress][INFO] - Epoch 20 step 3980/192: loss 1.357e+00  global 6.082e-01  evt_align 1.296e+00
[12/04/26 04:00:35][src.callback.progress][INFO] - Epoch 20 step 4000/192: loss 1.392e+00  global 5.653e-01  evt_align 1.335e+00
[12/04/26 04:00:37][src.callback.progress][INFO] - Epoch 20 step 4020/192: loss 1.545e+00  global 5.593e-01  evt_align 1.489e+00
[12/04/26 04:00:39][src.callback.progress][INFO] - Epoch 20: v_loss 1.932e+00  loss 1.428e+00  v_global 2.014e+00  global 5.991e-01  v_t2m/len 1530  v_t2m/R01 16.72%  v_t2m/R02 21.62%  v_t2m/R03 29.54%  v_t2m/R05 38.24%  v_t2m/R10 49.93%  v_t2m/MedR 11.0%  v_m2t/len 1530  v_m2t/R01 17.12%  v_m2t/R02 19.47%  v_m2t/R03 28.5%  v_m2t/R05 35.09%  v_m2t/R10 45.95%  v_m2t/MedR 13.0%
[12/04/26 04:00:42][src.callback.progress][INFO] - Epoch 21 step 4040/192: loss 1.378e+00  global 5.949e-01  evt_align 1.319e+00
[12/04/26 04:00:44][src.callback.progress][INFO] - Epoch 21 step 4060/192: loss 1.437e+00  global 6.443e-01  evt_align 1.372e+00
[12/04/26 04:00:45][src.callback.progress][INFO] - Epoch 21 step 4080/192: loss 1.396e+00  global 6.137e-01  evt_align 1.334e+00
[12/04/26 04:00:47][src.callback.progress][INFO] - Epoch 21 step 4100/192: loss 1.277e+00  global 4.947e-01  evt_align 1.228e+00
[12/04/26 04:00:48][src.callback.progress][INFO] - Epoch 21 step 4120/192: loss 1.374e+00  global 4.592e-01  evt_align 1.328e+00
[12/04/26 04:00:50][src.callback.progress][INFO] - Epoch 21 step 4140/192: loss 1.392e+00  global 6.481e-01  evt_align 1.328e+00
[12/04/26 04:00:51][src.callback.progress][INFO] - Epoch 21 step 4160/192: loss 1.416e+00  global 5.470e-01  evt_align 1.361e+00
[12/04/26 04:00:53][src.callback.progress][INFO] - Epoch 21 step 4180/192: loss 1.370e+00  global 6.091e-01  evt_align 1.309e+00
[12/04/26 04:00:54][src.callback.progress][INFO] - Epoch 21 step 4200/192: loss 1.396e+00  global 5.729e-01  evt_align 1.338e+00
[12/04/26 04:00:56][src.callback.progress][INFO] - Epoch 21 step 4220/192: loss 1.492e+00  global 7.676e-01  evt_align 1.415e+00
[12/04/26 04:00:57][src.callback.progress][INFO] - Epoch 21: v_loss 1.942e+00  loss 1.422e+00  v_global 2.030e+00  global 5.925e-01  v_t2m/len 1530  v_t2m/R01 17.7%  v_t2m/R02 22.47%  v_t2m/R03 31.18%  v_t2m/R05 38.43%  v_t2m/R10 50.2%  v_t2m/MedR 10.0%  v_m2t/len 1530  v_m2t/R01 17.25%  v_m2t/R02 19.35%  v_m2t/R03 28.1%  v_m2t/R05 35.09%  v_m2t/R10 45.88%  v_m2t/MedR 13.5%
[12/04/26 04:01:01][src.callback.progress][INFO] - Epoch 22 step 4240/192: loss 1.626e+00  global 4.444e-01  evt_align 1.581e+00
[12/04/26 04:01:02][src.callback.progress][INFO] - Epoch 22 step 4260/192: loss 1.339e+00  global 5.496e-01  evt_align 1.284e+00
[12/04/26 04:01:03][src.callback.progress][INFO] - Epoch 22 step 4280/192: loss 1.544e+00  global 6.363e-01  evt_align 1.480e+00
[12/04/26 04:01:05][src.callback.progress][INFO] - Epoch 22 step 4300/192: loss 1.490e+00  global 5.252e-01  evt_align 1.438e+00
[12/04/26 04:01:06][src.callback.progress][INFO] - Epoch 22 step 4320/192: loss 1.410e+00  global 6.424e-01  evt_align 1.345e+00
[12/04/26 04:01:08][src.callback.progress][INFO] - Epoch 22 step 4340/192: loss 1.552e+00  global 4.622e-01  evt_align 1.506e+00
[12/04/26 04:01:09][src.callback.progress][INFO] - Epoch 22 step 4360/192: loss 1.222e+00  global 6.247e-01  evt_align 1.159e+00
[12/04/26 04:01:11][src.callback.progress][INFO] - Epoch 22 step 4380/192: loss 1.484e+00  global 5.558e-01  evt_align 1.429e+00
[12/04/26 04:01:12][src.callback.progress][INFO] - Epoch 22 step 4400/192: loss 1.530e+00  global 6.538e-01  evt_align 1.464e+00
[12/04/26 04:01:14][src.callback.progress][INFO] - Epoch 22: v_loss 1.953e+00  loss 1.425e+00  v_global 2.085e+00  global 5.810e-01  v_t2m/len 1530  v_t2m/R01 16.13%  v_t2m/R02 20.52%  v_t2m/R03 27.57%  v_t2m/R05 36.99%  v_t2m/R10 49.27%  v_t2m/MedR 11.0%  v_m2t/len 1530  v_m2t/R01 15.81%  v_m2t/R02 18.04%  v_m2t/R03 26.13%  v_m2t/R05 33.0%  v_m2t/R10 44.84%  v_m2t/MedR 13.5%
[12/04/26 04:01:18][src.callback.progress][INFO] - Epoch 23 step 4420/192: loss 1.406e+00  global 6.288e-01  evt_align 1.343e+00
[12/04/26 04:01:19][src.callback.progress][INFO] - Epoch 23 step 4440/192: loss 1.513e+00  global 7.065e-01  evt_align 1.442e+00
[12/04/26 04:01:21][src.callback.progress][INFO] - Epoch 23 step 4460/192: loss 1.447e+00  global 7.631e-01  evt_align 1.371e+00
[12/04/26 04:01:22][src.callback.progress][INFO] - Epoch 23 step 4480/192: loss 1.307e+00  global 5.451e-01  evt_align 1.253e+00
[12/04/26 04:01:23][src.callback.progress][INFO] - Epoch 23 step 4500/192: loss 1.388e+00  global 5.681e-01  evt_align 1.331e+00
[12/04/26 04:01:25][src.callback.progress][INFO] - Epoch 23 step 4520/192: loss 1.324e+00  global 5.945e-01  evt_align 1.265e+00
[12/04/26 04:01:26][src.callback.progress][INFO] - Epoch 23 step 4540/192: loss 1.282e+00  global 5.630e-01  evt_align 1.226e+00
[12/04/26 04:01:28][src.callback.progress][INFO] - Epoch 23 step 4560/192: loss 1.403e+00  global 6.060e-01  evt_align 1.342e+00
[12/04/26 04:01:29][src.callback.progress][INFO] - Epoch 23 step 4580/192: loss 1.332e+00  global 5.606e-01  evt_align 1.276e+00
[12/04/26 04:01:30][src.callback.progress][INFO] - Epoch 23 step 4600/192: loss 1.411e+00  global 5.432e-01  evt_align 1.357e+00
[12/04/26 04:01:32][src.callback.progress][INFO] - Epoch 23: v_loss 1.895e+00  loss 1.399e+00  v_global 2.016e+00  global 5.714e-01  v_t2m/len 1530  v_t2m/R01 16.46%  v_t2m/R02 20.64%  v_t2m/R03 30.2%  v_t2m/R05 37.7%  v_t2m/R10 50.2%  v_t2m/MedR 10.0%  v_m2t/len 1530  v_m2t/R01 16.34%  v_m2t/R02 18.62%  v_m2t/R03 28.62%  v_m2t/R05 36.0%  v_m2t/R10 45.29%  v_m2t/MedR 13.5%
[12/04/26 04:01:36][src.callback.progress][INFO] - Epoch 24 step 4620/192: loss 1.364e+00  global 5.249e-01  evt_align 1.312e+00
[12/04/26 04:01:37][src.callback.progress][INFO] - Epoch 24 step 4640/192: loss 1.333e+00  global 4.890e-01  evt_align 1.284e+00
[12/04/26 04:01:39][src.callback.progress][INFO] - Epoch 24 step 4660/192: loss 1.448e+00  global 5.538e-01  evt_align 1.393e+00
[12/04/26 04:01:40][src.callback.progress][INFO] - Epoch 24 step 4680/192: loss 1.506e+00  global 6.067e-01  evt_align 1.445e+00
[12/04/26 04:01:41][src.callback.progress][INFO] - Epoch 24 step 4700/192: loss 1.318e+00  global 4.655e-01  evt_align 1.272e+00
[12/04/26 04:01:43][src.callback.progress][INFO] - Epoch 24 step 4720/192: loss 1.446e+00  global 5.883e-01  evt_align 1.387e+00
[12/04/26 04:01:44][src.callback.progress][INFO] - Epoch 24 step 4740/192: loss 1.310e+00  global 5.631e-01  evt_align 1.253e+00
[12/04/26 04:01:46][src.callback.progress][INFO] - Epoch 24 step 4760/192: loss 1.415e+00  global 5.800e-01  evt_align 1.357e+00
[12/04/26 04:01:47][src.callback.progress][INFO] - Epoch 24 step 4780/192: loss 1.256e+00  global 4.995e-01  evt_align 1.206e+00
[12/04/26 04:01:49][src.callback.progress][INFO] - Epoch 24 step 4800/192: loss 1.351e+00  global 5.015e-01  evt_align 1.301e+00
[12/04/26 04:01:49][src.callback.progress][INFO] - Epoch 24: v_loss 1.918e+00  loss 1.386e+00  v_global 2.017e+00  global 5.568e-01  v_t2m/len 1530  v_t2m/R01 16.79%  v_t2m/R02 21.3%  v_t2m/R03 30.32%  v_t2m/R05 38.63%  v_t2m/R10 50.38%  v_t2m/MedR 10.0%  v_m2t/len 1530  v_m2t/R01 17.12%  v_m2t/R02 19.28%  v_m2t/R03 30.12%  v_m2t/R05 36.54%  v_m2t/R10 45.81%  v_m2t/MedR 13.5%
[12/04/26 04:01:53][src.callback.progress][INFO] - Epoch 25 step 4820/192: loss 1.280e+00  global 7.158e-01  evt_align 1.208e+00
[12/04/26 04:01:55][src.callback.progress][INFO] - Epoch 25 step 4840/192: loss 1.336e+00  global 4.957e-01  evt_align 1.287e+00
[12/04/26 04:01:56][src.callback.progress][INFO] - Epoch 25 step 4860/192: loss 1.489e+00  global 6.185e-01  evt_align 1.427e+00
[12/04/26 04:01:58][src.callback.progress][INFO] - Epoch 25 step 4880/192: loss 1.548e+00  global 6.133e-01  evt_align 1.487e+00
[12/04/26 04:01:59][src.callback.progress][INFO] - Epoch 25 step 4900/192: loss 1.473e+00  global 6.108e-01  evt_align 1.412e+00
[12/04/26 04:02:00][src.callback.progress][INFO] - Epoch 25 step 4920/192: loss 1.382e+00  global 4.408e-01  evt_align 1.338e+00
[12/04/26 04:02:02][src.callback.progress][INFO] - Epoch 25 step 4940/192: loss 1.544e+00  global 6.023e-01  evt_align 1.484e+00
[12/04/26 04:02:03][src.callback.progress][INFO] - Epoch 25 step 4960/192: loss 1.376e+00  global 5.761e-01  evt_align 1.318e+00
[12/04/26 04:02:05][src.callback.progress][INFO] - Epoch 25 step 4980/192: loss 1.355e+00  global 6.083e-01  evt_align 1.294e+00
[12/04/26 04:02:06][src.callback.progress][INFO] - Epoch 25: v_loss 1.902e+00  loss 1.400e+00  v_global 1.998e+00  global 5.657e-01  v_t2m/len 1530  v_t2m/R01 17.7%  v_t2m/R02 21.89%  v_t2m/R03 30.06%  v_t2m/R05 37.65%  v_t2m/R10 50.52%  v_t2m/MedR 10.0%  v_m2t/len 1530  v_m2t/R01 18.62%  v_m2t/R02 20.64%  v_m2t/R03 30.2%  v_m2t/R05 36.59%  v_m2t/R10 46.0%  v_m2t/MedR 13.5%
[12/04/26 04:02:09][src.callback.progress][INFO] - Epoch 26 step 5000/192: loss 1.335e+00  global 6.186e-01  evt_align 1.273e+00
[12/04/26 04:02:11][src.callback.progress][INFO] - Epoch 26 step 5020/192: loss 1.376e+00  global 6.162e-01  evt_align 1.314e+00
[12/04/26 04:02:12][src.callback.progress][INFO] - Epoch 26 step 5040/192: loss 1.364e+00  global 5.674e-01  evt_align 1.307e+00
[12/04/26 04:02:13][src.callback.progress][INFO] - Epoch 26 step 5060/192: loss 1.492e+00  global 5.783e-01  evt_align 1.434e+00
[12/04/26 04:02:15][src.callback.progress][INFO] - Epoch 26 step 5080/192: loss 1.188e+00  global 4.974e-01  evt_align 1.138e+00
[12/04/26 04:02:16][src.callback.progress][INFO] - Epoch 26 step 5100/192: loss 1.341e+00  global 4.786e-01  evt_align 1.293e+00
[12/04/26 04:02:18][src.callback.progress][INFO] - Epoch 26 step 5120/192: loss 1.478e+00  global 5.851e-01  evt_align 1.419e+00
[12/04/26 04:02:19][src.callback.progress][INFO] - Epoch 26 step 5140/192: loss 1.328e+00  global 5.529e-01  evt_align 1.273e+00
[12/04/26 04:02:20][src.callback.progress][INFO] - Epoch 26 step 5160/192: loss 1.358e+00  global 5.001e-01  evt_align 1.308e+00
[12/04/26 04:02:22][src.callback.progress][INFO] - Epoch 26 step 5180/192: loss 1.323e+00  global 6.382e-01  evt_align 1.259e+00
[12/04/26 04:02:23][src.callback.progress][INFO] - Epoch 26: v_loss 1.923e+00  loss 1.371e+00  v_global 2.002e+00  global 5.507e-01  v_t2m/len 1530  v_t2m/R01 18.37%  v_t2m/R02 22.75%  v_t2m/R03 31.82%  v_t2m/R05 39.54%  v_t2m/R10 50.65%  v_t2m/MedR 10.0%  v_m2t/len 1530  v_m2t/R01 18.04%  v_m2t/R02 20.45%  v_m2t/R03 28.62%  v_m2t/R05 35.61%  v_m2t/R10 46.59%  v_m2t/MedR 13.5%
[12/04/26 04:02:26][src.callback.progress][INFO] - Epoch 27 step 5200/192: loss 1.355e+00  global 7.354e-01  evt_align 1.281e+00
[12/04/26 04:02:28][src.callback.progress][INFO] - Epoch 27 step 5220/192: loss 1.332e+00  global 5.014e-01  evt_align 1.282e+00
[12/04/26 04:02:29][src.callback.progress][INFO] - Epoch 27 step 5240/192: loss 1.208e+00  global 5.486e-01  evt_align 1.153e+00
[12/04/26 04:02:30][src.callback.progress][INFO] - Epoch 27 step 5260/192: loss 1.206e+00  global 5.593e-01  evt_align 1.150e+00
[12/04/26 04:02:32][src.callback.progress][INFO] - Epoch 27 step 5280/192: loss 1.291e+00  global 5.917e-01  evt_align 1.232e+00
[12/04/26 04:02:33][src.callback.progress][INFO] - Epoch 27 step 5300/192: loss 1.442e+00  global 5.064e-01  evt_align 1.391e+00
[12/04/26 04:02:35][src.callback.progress][INFO] - Epoch 27 step 5320/192: loss 1.301e+00  global 5.260e-01  evt_align 1.248e+00
[12/04/26 04:02:36][src.callback.progress][INFO] - Epoch 27 step 5340/192: loss 1.256e+00  global 6.239e-01  evt_align 1.194e+00
[12/04/26 04:02:38][src.callback.progress][INFO] - Epoch 27 step 5360/192: loss 1.477e+00  global 4.538e-01  evt_align 1.432e+00
[12/04/26 04:02:40][src.callback.progress][INFO] - Epoch 27: v_loss 1.872e+00  loss 1.355e+00  v_global 2.016e+00  global 5.513e-01  v_t2m/len 1530  v_t2m/R01 16.86%  v_t2m/R02 21.62%  v_t2m/R03 28.23%  v_t2m/R05 38.63%  v_t2m/R10 51.11%  v_t2m/MedR 10.0%  v_m2t/len 1530  v_m2t/R01 17.7%  v_m2t/R02 20.12%  v_m2t/R03 28.69%  v_m2t/R05 35.29%  v_m2t/R10 46.34%  v_m2t/MedR 13.0%
[12/04/26 04:02:44][src.callback.progress][INFO] - Epoch 28 step 5380/192: loss 1.205e+00  global 6.564e-01  evt_align 1.139e+00
[12/04/26 04:02:45][src.callback.progress][INFO] - Epoch 28 step 5400/192: loss 1.334e+00  global 4.728e-01  evt_align 1.287e+00
[12/04/26 04:02:46][src.callback.progress][INFO] - Epoch 28 step 5420/192: loss 1.379e+00  global 6.255e-01  evt_align 1.316e+00
[12/04/26 04:02:48][src.callback.progress][INFO] - Epoch 28 step 5440/192: loss 1.283e+00  global 6.370e-01  evt_align 1.220e+00
[12/04/26 04:02:49][src.callback.progress][INFO] - Epoch 28 step 5460/192: loss 1.527e+00  global 6.023e-01  evt_align 1.467e+00
[12/04/26 04:02:51][src.callback.progress][INFO] - Epoch 28 step 5480/192: loss 1.407e+00  global 5.438e-01  evt_align 1.353e+00
[12/04/26 04:02:52][src.callback.progress][INFO] - Epoch 28 step 5500/192: loss 1.410e+00  global 6.499e-01  evt_align 1.345e+00
[12/04/26 04:02:54][src.callback.progress][INFO] - Epoch 28 step 5520/192: loss 1.308e+00  global 4.849e-01  evt_align 1.259e+00
[12/04/26 04:02:55][src.callback.progress][INFO] - Epoch 28 step 5540/192: loss 1.397e+00  global 4.674e-01  evt_align 1.350e+00
[12/04/26 04:02:56][src.callback.progress][INFO] - Epoch 28 step 5560/192: loss 1.156e+00  global 5.472e-01  evt_align 1.102e+00
[12/04/26 04:02:58][src.callback.progress][INFO] - Epoch 28: v_loss 1.871e+00  loss 1.377e+00  v_global 1.964e+00  global 5.616e-01  v_t2m/len 1530  v_t2m/R01 18.17%  v_t2m/R02 23.39%  v_t2m/R03 30.45%  v_t2m/R05 39.15%  v_t2m/R10 51.7%  v_t2m/MedR 9.0%  v_m2t/len 1530  v_m2t/R01 17.78%  v_m2t/R02 19.93%  v_m2t/R03 29.47%  v_m2t/R05 36.59%  v_m2t/R10 46.93%  v_m2t/MedR 13.0%
[12/04/26 04:03:01][src.callback.progress][INFO] - Epoch 29 step 5580/192: loss 1.338e+00  global 4.235e-01  evt_align 1.296e+00
[12/04/26 04:03:03][src.callback.progress][INFO] - Epoch 29 step 5600/192: loss 1.341e+00  global 6.175e-01  evt_align 1.279e+00
[12/04/26 04:03:04][src.callback.progress][INFO] - Epoch 29 step 5620/192: loss 1.342e+00  global 5.930e-01  evt_align 1.283e+00
[12/04/26 04:03:06][src.callback.progress][INFO] - Epoch 29 step 5640/192: loss 1.403e+00  global 5.339e-01  evt_align 1.350e+00
[12/04/26 04:03:07][src.callback.progress][INFO] - Epoch 29 step 5660/192: loss 1.288e+00  global 5.170e-01  evt_align 1.236e+00
[12/04/26 04:03:09][src.callback.progress][INFO] - Epoch 29 step 5680/192: loss 1.453e+00  global 4.687e-01  evt_align 1.406e+00
[12/04/26 04:03:10][src.callback.progress][INFO] - Epoch 29 step 5700/192: loss 1.340e+00  global 5.710e-01  evt_align 1.282e+00
[12/04/26 04:03:11][src.callback.progress][INFO] - Epoch 29 step 5720/192: loss 1.336e+00  global 5.017e-01  evt_align 1.285e+00
[12/04/26 04:03:13][src.callback.progress][INFO] - Epoch 29 step 5740/192: loss 1.364e+00  global 5.950e-01  evt_align 1.304e+00
[12/04/26 04:03:14][src.callback.progress][INFO] - Epoch 29 step 5760/192: loss 1.181e+00  global 4.038e-01  evt_align 1.141e+00
[12/04/26 04:03:15][src.callback.progress][INFO] - Epoch 29: v_loss 1.860e+00  loss 1.342e+00  v_global 1.997e+00  global 5.478e-01  v_t2m/len 1530  v_t2m/R01 18.95%  v_t2m/R02 23.13%  v_t2m/R03 29.67%  v_t2m/R05 37.06%  v_t2m/R10 50.06%  v_t2m/MedR 10.5%  v_m2t/len 1530  v_m2t/R01 17.38%  v_m2t/R02 20.2%  v_m2t/R03 29.4%  v_m2t/R05 36.08%  v_m2t/R10 46.79%  v_m2t/MedR 13.0%
[12/04/26 04:03:19][src.callback.progress][INFO] - Epoch 30 step 5780/192: loss 1.357e+00  global 5.399e-01  evt_align 1.303e+00
[12/04/26 04:03:21][src.callback.progress][INFO] - Epoch 30 step 5800/192: loss 1.435e+00  global 5.630e-01  evt_align 1.379e+00
[12/04/26 04:03:22][src.callback.progress][INFO] - Epoch 30 step 5820/192: loss 1.475e+00  global 6.020e-01  evt_align 1.415e+00
[12/04/26 04:03:24][src.callback.progress][INFO] - Epoch 30 step 5840/192: loss 1.336e+00  global 5.735e-01  evt_align 1.278e+00
[12/04/26 04:03:25][src.callback.progress][INFO] - Epoch 30 step 5860/192: loss 1.332e+00  global 6.225e-01  evt_align 1.270e+00
[12/04/26 04:03:26][src.callback.progress][INFO] - Epoch 30 step 5880/192: loss 1.478e+00  global 5.051e-01  evt_align 1.428e+00
[12/04/26 04:03:28][src.callback.progress][INFO] - Epoch 30 step 5900/192: loss 1.177e+00  global 5.131e-01  evt_align 1.126e+00
[12/04/26 04:03:29][src.callback.progress][INFO] - Epoch 30 step 5920/192: loss 1.348e+00  global 4.826e-01  evt_align 1.300e+00
[12/04/26 04:03:30][src.callback.progress][INFO] - Epoch 30 step 5940/192: loss 1.325e+00  global 5.459e-01  evt_align 1.271e+00
[12/04/26 04:03:32][src.callback.progress][INFO] - Epoch 30: v_loss 1.915e+00  loss 1.348e+00  v_global 2.003e+00  global 5.400e-01  v_t2m/len 1530  v_t2m/R01 17.64%  v_t2m/R02 21.37%  v_t2m/R03 29.28%  v_t2m/R05 37.97%  v_t2m/R10 50.2%  v_t2m/MedR 10.0%  v_m2t/len 1530  v_m2t/R01 16.34%  v_m2t/R02 18.17%  v_m2t/R03 26.79%  v_m2t/R05 33.65%  v_m2t/R10 44.77%  v_m2t/MedR 13.5%
[12/04/26 04:03:35][src.callback.progress][INFO] - Epoch 31 step 5960/192: loss 1.160e+00  global 5.345e-01  evt_align 1.107e+00
[12/04/26 04:03:36][src.callback.progress][INFO] - Epoch 31 step 5980/192: loss 1.526e+00  global 4.242e-01  evt_align 1.484e+00
[12/04/26 04:03:38][src.callback.progress][INFO] - Epoch 31 step 6000/192: loss 1.455e+00  global 5.491e-01  evt_align 1.400e+00
[12/04/26 04:03:39][src.callback.progress][INFO] - Epoch 31 step 6020/192: loss 1.206e+00  global 6.414e-01  evt_align 1.142e+00
[12/04/26 04:03:40][src.callback.progress][INFO] - Epoch 31 step 6040/192: loss 1.344e+00  global 5.306e-01  evt_align 1.291e+00
[12/04/26 04:03:42][src.callback.progress][INFO] - Epoch 31 step 6060/192: loss 1.207e+00  global 5.554e-01  evt_align 1.152e+00
[12/04/26 04:03:43][src.callback.progress][INFO] - Epoch 31 step 6080/192: loss 1.365e+00  global 5.304e-01  evt_align 1.312e+00
[12/04/26 04:03:44][src.callback.progress][INFO] - Epoch 31 step 6100/192: loss 1.224e+00  global 4.981e-01  evt_align 1.175e+00
[12/04/26 04:03:46][src.callback.progress][INFO] - Epoch 31 step 6120/192: loss 1.252e+00  global 4.292e-01  evt_align 1.209e+00
[12/04/26 04:03:47][src.callback.progress][INFO] - Epoch 31 step 6140/192: loss 1.336e+00  global 4.494e-01  evt_align 1.291e+00
[12/04/26 04:03:48][src.callback.progress][INFO] - Epoch 31: v_loss 1.863e+00  loss 1.352e+00  v_global 1.991e+00  global 5.520e-01  v_t2m/len 1530  v_t2m/R01 18.04%  v_t2m/R02 21.82%  v_t2m/R03 28.95%  v_t2m/R05 37.45%  v_t2m/R10 50.25%  v_t2m/MedR 10.0%  v_m2t/len 1530  v_m2t/R01 15.75%  v_m2t/R02 17.96%  v_m2t/R03 27.64%  v_m2t/R05 35.15%  v_m2t/R10 46.54%  v_m2t/MedR 13.0%
[12/04/26 04:03:52][src.callback.progress][INFO] - Epoch 32 step 6160/192: loss 1.302e+00  global 5.324e-01  evt_align 1.248e+00
[12/04/26 04:03:53][src.callback.progress][INFO] - Epoch 32 step 6180/192: loss 1.427e+00  global 5.077e-01  evt_align 1.376e+00
[12/04/26 04:03:54][src.callback.progress][INFO] - Epoch 32 step 6200/192: loss 1.408e+00  global 4.905e-01  evt_align 1.359e+00
[12/04/26 04:03:56][src.callback.progress][INFO] - Epoch 32 step 6220/192: loss 1.328e+00  global 4.336e-01  evt_align 1.284e+00
[12/04/26 04:03:57][src.callback.progress][INFO] - Epoch 32 step 6240/192: loss 1.391e+00  global 4.992e-01  evt_align 1.341e+00
[12/04/26 04:03:58][src.callback.progress][INFO] - Epoch 32 step 6260/192: loss 1.216e+00  global 4.182e-01  evt_align 1.174e+00
[12/04/26 04:04:00][src.callback.progress][INFO] - Epoch 32 step 6280/192: loss 1.105e+00  global 5.815e-01  evt_align 1.047e+00
[12/04/26 04:04:01][src.callback.progress][INFO] - Epoch 32 step 6300/192: loss 1.310e+00  global 5.931e-01  evt_align 1.250e+00
[12/04/26 04:04:02][src.callback.progress][INFO] - Epoch 32 step 6320/192: loss 1.371e+00  global 5.132e-01  evt_align 1.320e+00
[12/04/26 04:04:04][src.callback.progress][INFO] - Epoch 32: v_loss 1.851e+00  loss 1.317e+00  v_global 2.004e+00  global 5.324e-01  v_t2m/len 1530  v_t2m/R01 16.93%  v_t2m/R02 20.2%  v_t2m/R03 28.55%  v_t2m/R05 37.65%  v_t2m/R10 50.52%  v_t2m/MedR 10.0%  v_m2t/len 1530  v_m2t/R01 16.79%  v_m2t/R02 19.02%  v_m2t/R03 27.45%  v_m2t/R05 35.29%  v_m2t/R10 45.88%  v_m2t/MedR 13.5%
[12/04/26 04:04:07][src.callback.progress][INFO] - Epoch 33 step 6340/192: loss 1.291e+00  global 5.042e-01  evt_align 1.241e+00
[12/04/26 04:04:09][src.callback.progress][INFO] - Epoch 33 step 6360/192: loss 1.387e+00  global 5.366e-01  evt_align 1.333e+00
[12/04/26 04:04:10][src.callback.progress][INFO] - Epoch 33 step 6380/192: loss 1.342e+00  global 6.048e-01  evt_align 1.282e+00
[12/04/26 04:04:11][src.callback.progress][INFO] - Epoch 33 step 6400/192: loss 1.308e+00  global 5.086e-01  evt_align 1.257e+00
[12/04/26 04:04:13][src.callback.progress][INFO] - Epoch 33 step 6420/192: loss 1.305e+00  global 4.632e-01  evt_align 1.258e+00
[12/04/26 04:04:14][src.callback.progress][INFO] - Epoch 33 step 6440/192: loss 1.341e+00  global 4.599e-01  evt_align 1.295e+00
[12/04/26 04:04:15][src.callback.progress][INFO] - Epoch 33 step 6460/192: loss 1.329e+00  global 5.268e-01  evt_align 1.276e+00
[12/04/26 04:04:17][src.callback.progress][INFO] - Epoch 33 step 6480/192: loss 1.381e+00  global 4.807e-01  evt_align 1.332e+00
[12/04/26 04:04:18][src.callback.progress][INFO] - Epoch 33 step 6500/192: loss 1.391e+00  global 6.318e-01  evt_align 1.328e+00
[12/04/26 04:04:19][src.callback.progress][INFO] - Epoch 33 step 6520/192: loss 1.290e+00  global 5.313e-01  evt_align 1.237e+00
[12/04/26 04:04:21][src.callback.progress][INFO] - Epoch 33: v_loss 1.823e+00  loss 1.313e+00  v_global 1.969e+00  global 5.313e-01  v_t2m/len 1530  v_t2m/R01 16.67%  v_t2m/R02 19.35%  v_t2m/R03 29.47%  v_t2m/R05 38.43%  v_t2m/R10 50.59%  v_t2m/MedR 10.0%  v_m2t/len 1530  v_m2t/R01 17.45%  v_m2t/R02 19.4%  v_m2t/R03 28.23%  v_m2t/R05 35.36%  v_m2t/R10 45.15%  v_m2t/MedR 13.5%
[12/04/26 04:04:24][src.callback.progress][INFO] - Epoch 34 step 6540/192: loss 1.221e+00  global 6.338e-01  evt_align 1.158e+00
[12/04/26 04:04:26][src.callback.progress][INFO] - Epoch 34 step 6560/192: loss 1.193e+00  global 5.410e-01  evt_align 1.139e+00
[12/04/26 04:04:27][src.callback.progress][INFO] - Epoch 34 step 6580/192: loss 1.476e+00  global 5.872e-01  evt_align 1.417e+00
[12/04/26 04:04:28][src.callback.progress][INFO] - Epoch 34 step 6600/192: loss 1.188e+00  global 5.117e-01  evt_align 1.137e+00
[12/04/26 04:04:30][src.callback.progress][INFO] - Epoch 34 step 6620/192: loss 1.372e+00  global 5.145e-01  evt_align 1.321e+00
[12/04/26 04:04:31][src.callback.progress][INFO] - Epoch 34 step 6640/192: loss 1.388e+00  global 5.724e-01  evt_align 1.331e+00
[12/04/26 04:04:32][src.callback.progress][INFO] - Epoch 34 step 6660/192: loss 1.408e+00  global 5.020e-01  evt_align 1.358e+00
[12/04/26 04:04:33][src.callback.progress][INFO] - Epoch 34 step 6680/192: loss 1.285e+00  global 4.643e-01  evt_align 1.239e+00
[12/04/26 04:04:35][src.callback.progress][INFO] - Epoch 34 step 6700/192: loss 1.266e+00  global 5.842e-01  evt_align 1.207e+00
[12/04/26 04:04:36][src.callback.progress][INFO] - Epoch 34 step 6720/192: loss 1.140e+00  global 4.783e-01  evt_align 1.093e+00
[12/04/26 04:04:37][src.callback.progress][INFO] - Epoch 34: v_loss 1.856e+00  loss 1.300e+00  v_global 1.964e+00  global 5.323e-01  v_t2m/len 1530  v_t2m/R01 17.19%  v_t2m/R02 21.76%  v_t2m/R03 28.81%  v_t2m/R05 37.97%  v_t2m/R10 50.13%  v_t2m/MedR 10.0%  v_m2t/len 1530  v_m2t/R01 17.38%  v_m2t/R02 18.95%  v_m2t/R03 27.52%  v_m2t/R05 35.02%  v_m2t/R10 46.0%  v_m2t/MedR 13.0%
[12/04/26 04:04:41][src.callback.progress][INFO] - Epoch 35 step 6740/192: loss 1.381e+00  global 5.376e-01  evt_align 1.327e+00
[12/04/26 04:04:43][src.callback.progress][INFO] - Epoch 35 step 6760/192: loss 1.330e+00  global 6.930e-01  evt_align 1.261e+00
[12/04/26 04:04:44][src.callback.progress][INFO] - Epoch 35 step 6780/192: loss 1.211e+00  global 6.393e-01  evt_align 1.147e+00
[12/04/26 04:04:46][src.callback.progress][INFO] - Epoch 35 step 6800/192: loss 1.378e+00  global 7.273e-01  evt_align 1.306e+00
[12/04/26 04:04:47][src.callback.progress][INFO] - Epoch 35 step 6820/192: loss 1.317e+00  global 5.393e-01  evt_align 1.264e+00
[12/04/26 04:04:49][src.callback.progress][INFO] - Epoch 35 step 6840/192: loss 1.242e+00  global 4.069e-01  evt_align 1.202e+00
[12/04/26 04:04:50][src.callback.progress][INFO] - Epoch 35 step 6860/192: loss 1.339e+00  global 5.397e-01  evt_align 1.285e+00
[12/04/26 04:04:52][src.callback.progress][INFO] - Epoch 35 step 6880/192: loss 1.346e+00  global 5.452e-01  evt_align 1.291e+00
[12/04/26 04:04:53][src.callback.progress][INFO] - Epoch 35 step 6900/192: loss 1.201e+00  global 5.556e-01  evt_align 1.146e+00
[12/04/26 04:04:55][src.callback.progress][INFO] - Epoch 35: v_loss 1.816e+00  loss 1.311e+00  v_global 1.940e+00  global 5.320e-01  v_t2m/len 1530  v_t2m/R01 18.43%  v_t2m/R02 22.29%  v_t2m/R03 30.32%  v_t2m/R05 38.63%  v_t2m/R10 51.36%  v_t2m/MedR 10.0%  v_m2t/len 1530  v_m2t/R01 17.78%  v_m2t/R02 19.73%  v_m2t/R03 29.14%  v_m2t/R05 36.99%  v_m2t/R10 45.68%  v_m2t/MedR 13.0%
[12/04/26 04:04:59][src.callback.progress][INFO] - Epoch 36 step 6920/192: loss 1.319e+00  global 4.454e-01  evt_align 1.275e+00
[12/04/26 04:05:00][src.callback.progress][INFO] - Epoch 36 step 6940/192: loss 1.208e+00  global 4.843e-01  evt_align 1.160e+00
[12/04/26 04:05:02][src.callback.progress][INFO] - Epoch 36 step 6960/192: loss 1.254e+00  global 6.022e-01  evt_align 1.194e+00
[12/04/26 04:05:03][src.callback.progress][INFO] - Epoch 36 step 6980/192: loss 1.364e+00  global 5.371e-01  evt_align 1.311e+00
[12/04/26 04:05:04][src.callback.progress][INFO] - Epoch 36 step 7000/192: loss 1.357e+00  global 5.796e-01  evt_align 1.299e+00
[12/04/26 04:05:06][src.callback.progress][INFO] - Epoch 36 step 7020/192: loss 1.520e+00  global 5.050e-01  evt_align 1.470e+00
[12/04/26 04:05:07][src.callback.progress][INFO] - Epoch 36 step 7040/192: loss 1.399e+00  global 3.755e-01  evt_align 1.362e+00
[12/04/26 04:05:08][src.callback.progress][INFO] - Epoch 36 step 7060/192: loss 1.380e+00  global 4.805e-01  evt_align 1.332e+00
[12/04/26 04:05:10][src.callback.progress][INFO] - Epoch 36 step 7080/192: loss 1.425e+00  global 4.425e-01  evt_align 1.381e+00
[12/04/26 04:05:11][src.callback.progress][INFO] - Epoch 36 step 7100/192: loss 1.278e+00  global 4.915e-01  evt_align 1.228e+00
[12/04/26 04:05:12][src.callback.progress][INFO] - Epoch 36: v_loss 1.821e+00  loss 1.296e+00  v_global 1.960e+00  global 5.072e-01  v_t2m/len 1530  v_t2m/R01 17.12%  v_t2m/R02 21.37%  v_t2m/R03 28.43%  v_t2m/R05 37.25%  v_t2m/R10 49.86%  v_t2m/MedR 11.0%  v_m2t/len 1530  v_m2t/R01 18.04%  v_m2t/R02 20.45%  v_m2t/R03 29.02%  v_m2t/R05 35.95%  v_m2t/R10 46.93%  v_m2t/MedR 13.0%
[12/04/26 04:05:16][src.callback.progress][INFO] - Epoch 37 step 7120/192: loss 1.356e+00  global 5.517e-01  evt_align 1.301e+00
[12/04/26 04:05:17][src.callback.progress][INFO] - Epoch 37 step 7140/192: loss 1.320e+00  global 5.152e-01  evt_align 1.268e+00
[12/04/26 04:05:19][src.callback.progress][INFO] - Epoch 37 step 7160/192: loss 1.378e+00  global 4.420e-01  evt_align 1.334e+00
[12/04/26 04:05:20][src.callback.progress][INFO] - Epoch 37 step 7180/192: loss 1.356e+00  global 5.172e-01  evt_align 1.304e+00
[12/04/26 04:05:22][src.callback.progress][INFO] - Epoch 37 step 7200/192: loss 1.283e+00  global 4.872e-01  evt_align 1.234e+00
[12/04/26 04:05:23][src.callback.progress][INFO] - Epoch 37 step 7220/192: loss 1.294e+00  global 4.992e-01  evt_align 1.244e+00
[12/04/26 04:05:25][src.callback.progress][INFO] - Epoch 37 step 7240/192: loss 1.294e+00  global 4.146e-01  evt_align 1.253e+00
[12/04/26 04:05:26][src.callback.progress][INFO] - Epoch 37 step 7260/192: loss 1.381e+00  global 5.795e-01  evt_align 1.323e+00
[12/04/26 04:05:28][src.callback.progress][INFO] - Epoch 37 step 7280/192: loss 1.332e+00  global 4.957e-01  evt_align 1.282e+00
[12/04/26 04:05:30][src.callback.progress][INFO] - Epoch 37: v_loss 1.819e+00  loss 1.291e+00  v_global 1.978e+00  global 5.133e-01  v_t2m/len 1530  v_t2m/R01 17.84%  v_t2m/R02 22.21%  v_t2m/R03 30.06%  v_t2m/R05 39.15%  v_t2m/R10 51.04%  v_t2m/MedR 10.0%  v_m2t/len 1530  v_m2t/R01 18.23%  v_m2t/R02 20.26%  v_m2t/R03 28.81%  v_m2t/R05 36.47%  v_m2t/R10 47.7%  v_m2t/MedR 12.5%
[12/04/26 04:05:33][src.callback.progress][INFO] - Epoch 38 step 7300/192: loss 1.275e+00  global 4.781e-01  evt_align 1.227e+00
[12/04/26 04:05:34][src.callback.progress][INFO] - Epoch 38 step 7320/192: loss 1.316e+00  global 4.897e-01  evt_align 1.267e+00
[12/04/26 04:05:36][src.callback.progress][INFO] - Epoch 38 step 7340/192: loss 1.206e+00  global 5.177e-01  evt_align 1.154e+00
[12/04/26 04:05:37][src.callback.progress][INFO] - Epoch 38 step 7360/192: loss 1.392e+00  global 5.097e-01  evt_align 1.341e+00
[12/04/26 04:05:39][src.callback.progress][INFO] - Epoch 38 step 7380/192: loss 1.285e+00  global 5.611e-01  evt_align 1.229e+00
[12/04/26 04:05:40][src.callback.progress][INFO] - Epoch 38 step 7400/192: loss 1.245e+00  global 5.337e-01  evt_align 1.191e+00
[12/04/26 04:05:41][src.callback.progress][INFO] - Epoch 38 step 7420/192: loss 1.307e+00  global 4.398e-01  evt_align 1.263e+00
[12/04/26 04:05:43][src.callback.progress][INFO] - Epoch 38 step 7440/192: loss 1.247e+00  global 4.240e-01  evt_align 1.205e+00
[12/04/26 04:05:44][src.callback.progress][INFO] - Epoch 38 step 7460/192: loss 1.278e+00  global 4.007e-01  evt_align 1.238e+00
[12/04/26 04:05:45][src.callback.progress][INFO] - Epoch 38 step 7480/192: loss 1.280e+00  global 6.032e-01  evt_align 1.220e+00
[12/04/26 04:05:46][src.callback.progress][INFO] - Epoch 38: v_loss 1.794e+00  loss 1.280e+00  v_global 1.983e+00  global 5.138e-01  v_t2m/len 1530  v_t2m/R01 17.38%  v_t2m/R02 21.62%  v_t2m/R03 29.79%  v_t2m/R05 37.65%  v_t2m/R10 49.66%  v_t2m/MedR 11.0%  v_m2t/len 1530  v_m2t/R01 18.62%  v_m2t/R02 21.04%  v_m2t/R03 29.47%  v_m2t/R05 36.27%  v_m2t/R10 47.06%  v_m2t/MedR 13.0%
[12/04/26 04:05:50][src.callback.progress][INFO] - Epoch 39 step 7500/192: loss 1.245e+00  global 4.581e-01  evt_align 1.199e+00
[12/04/26 04:05:51][src.callback.progress][INFO] - Epoch 39 step 7520/192: loss 1.287e+00  global 5.576e-01  evt_align 1.231e+00
[12/04/26 04:05:53][src.callback.progress][INFO] - Epoch 39 step 7540/192: loss 1.382e+00  global 5.081e-01  evt_align 1.331e+00
[12/04/26 04:05:54][src.callback.progress][INFO] - Epoch 39 step 7560/192: loss 1.418e+00  global 6.250e-01  evt_align 1.356e+00
[12/04/26 04:05:56][src.callback.progress][INFO] - Epoch 39 step 7580/192: loss 1.250e+00  global 4.511e-01  evt_align 1.205e+00
[12/04/26 04:05:57][src.callback.progress][INFO] - Epoch 39 step 7600/192: loss 1.303e+00  global 5.393e-01  evt_align 1.249e+00
[12/04/26 04:05:58][src.callback.progress][INFO] - Epoch 39 step 7620/192: loss 1.373e+00  global 4.002e-01  evt_align 1.333e+00
[12/04/26 04:06:00][src.callback.progress][INFO] - Epoch 39 step 7640/192: loss 1.297e+00  global 5.007e-01  evt_align 1.247e+00
[12/04/26 04:06:01][src.callback.progress][INFO] - Epoch 39 step 7660/192: loss 1.241e+00  global 5.032e-01  evt_align 1.190e+00
[12/04/26 04:06:02][src.callback.progress][INFO] - Epoch 39 step 7680/192: loss 1.126e+00  global 3.305e-01  evt_align 1.093e+00
[12/04/26 04:06:03][src.callback.progress][INFO] - Epoch 39: v_loss 1.792e+00  loss 1.282e+00  v_global 1.966e+00  global 5.162e-01  v_t2m/len 1530  v_t2m/R01 17.57%  v_t2m/R02 23.45%  v_t2m/R03 30.64%  v_t2m/R05 38.95%  v_t2m/R10 51.11%  v_t2m/MedR 10.0%  v_m2t/len 1530  v_m2t/R01 19.07%  v_m2t/R02 21.3%  v_m2t/R03 29.47%  v_m2t/R05 36.13%  v_m2t/R10 46.66%  v_m2t/MedR 13.5%
[12/04/26 04:06:07][src.callback.progress][INFO] - Epoch 40 step 7700/192: loss 1.296e+00  global 3.725e-01  evt_align 1.259e+00
[12/04/26 04:06:09][src.callback.progress][INFO] - Epoch 40 step 7720/192: loss 1.336e+00  global 4.904e-01  evt_align 1.287e+00
[12/04/26 04:06:10][src.callback.progress][INFO] - Epoch 40 step 7740/192: loss 1.345e+00  global 5.316e-01  evt_align 1.291e+00
[12/04/26 04:06:11][src.callback.progress][INFO] - Epoch 40 step 7760/192: loss 1.339e+00  global 6.263e-01  evt_align 1.276e+00
[12/04/26 04:06:13][src.callback.progress][INFO] - Epoch 40 step 7780/192: loss 1.295e+00  global 4.567e-01  evt_align 1.249e+00
[12/04/26 04:06:14][src.callback.progress][INFO] - Epoch 40 step 7800/192: loss 1.265e+00  global 4.700e-01  evt_align 1.218e+00
[12/04/26 04:06:15][src.callback.progress][INFO] - Epoch 40 step 7820/192: loss 1.239e+00  global 5.987e-01  evt_align 1.179e+00
[12/04/26 04:06:17][src.callback.progress][INFO] - Epoch 40 step 7840/192: loss 1.396e+00  global 4.775e-01  evt_align 1.348e+00
[12/04/26 04:06:18][src.callback.progress][INFO] - Epoch 40 step 7860/192: loss 1.238e+00  global 6.419e-01  evt_align 1.174e+00
[12/04/26 04:06:20][src.callback.progress][INFO] - Epoch 40: v_loss 1.819e+00  loss 1.276e+00  v_global 1.963e+00  global 5.058e-01  v_t2m/len 1530  v_t2m/R01 18.1%  v_t2m/R02 23.65%  v_t2m/R03 31.37%  v_t2m/R05 39.74%  v_t2m/R10 50.52%  v_t2m/MedR 10.0%  v_m2t/len 1530  v_m2t/R01 17.78%  v_m2t/R02 20.06%  v_m2t/R03 29.07%  v_m2t/R05 37.58%  v_m2t/R10 46.86%  v_m2t/MedR 13.0%
[12/04/26 04:06:22][src.callback.progress][INFO] - Epoch 41 step 7880/192: loss 1.274e+00  global 4.142e-01  evt_align 1.232e+00
[12/04/26 04:06:24][src.callback.progress][INFO] - Epoch 41 step 7900/192: loss 1.366e+00  global 5.104e-01  evt_align 1.315e+00
[12/04/26 04:06:25][src.callback.progress][INFO] - Epoch 41 step 7920/192: loss 1.283e+00  global 4.403e-01  evt_align 1.239e+00
[12/04/26 04:06:27][src.callback.progress][INFO] - Epoch 41 step 7940/192: loss 1.224e+00  global 4.880e-01  evt_align 1.176e+00
[12/04/26 04:06:28][src.callback.progress][INFO] - Epoch 41 step 7960/192: loss 1.204e+00  global 4.938e-01  evt_align 1.155e+00
[12/04/26 04:06:29][src.callback.progress][INFO] - Epoch 41 step 7980/192: loss 1.317e+00  global 6.879e-01  evt_align 1.248e+00
[12/04/26 04:06:31][src.callback.progress][INFO] - Epoch 41 step 8000/192: loss 1.190e+00  global 5.936e-01  evt_align 1.130e+00
[12/04/26 04:06:32][src.callback.progress][INFO] - Epoch 41 step 8020/192: loss 1.300e+00  global 5.964e-01  evt_align 1.241e+00
[12/04/26 04:06:33][src.callback.progress][INFO] - Epoch 41 step 8040/192: loss 1.139e+00  global 4.648e-01  evt_align 1.093e+00
[12/04/26 04:06:35][src.callback.progress][INFO] - Epoch 41 step 8060/192: loss 1.259e+00  global 5.486e-01  evt_align 1.204e+00
[12/04/26 04:06:36][src.callback.progress][INFO] - Epoch 41: v_loss 1.827e+00  loss 1.267e+00  v_global 1.974e+00  global 5.111e-01  v_t2m/len 1530  v_t2m/R01 17.84%  v_t2m/R02 22.15%  v_t2m/R03 30.2%  v_t2m/R05 40.06%  v_t2m/R10 52.02%  v_t2m/MedR 9.0%  v_m2t/len 1530  v_m2t/R01 17.64%  v_m2t/R02 20.2%  v_m2t/R03 29.14%  v_m2t/R05 37.31%  v_m2t/R10 48.09%  v_m2t/MedR 11.75%
[12/04/26 04:06:39][src.callback.progress][INFO] - Epoch 42 step 8080/192: loss 1.202e+00  global 5.071e-01  evt_align 1.151e+00
[12/04/26 04:06:41][src.callback.progress][INFO] - Epoch 42 step 8100/192: loss 1.137e+00  global 4.247e-01  evt_align 1.094e+00
[12/04/26 04:06:43][src.callback.progress][INFO] - Epoch 42 step 8120/192: loss 1.225e+00  global 4.505e-01  evt_align 1.180e+00
[12/04/26 04:06:44][src.callback.progress][INFO] - Epoch 42 step 8140/192: loss 1.156e+00  global 5.027e-01  evt_align 1.106e+00
[12/04/26 04:06:46][src.callback.progress][INFO] - Epoch 42 step 8160/192: loss 1.276e+00  global 4.566e-01  evt_align 1.230e+00
[12/04/26 04:06:47][src.callback.progress][INFO] - Epoch 42 step 8180/192: loss 1.324e+00  global 4.758e-01  evt_align 1.277e+00
[12/04/26 04:06:49][src.callback.progress][INFO] - Epoch 42 step 8200/192: loss 1.300e+00  global 5.593e-01  evt_align 1.244e+00
[12/04/26 04:06:50][src.callback.progress][INFO] - Epoch 42 step 8220/192: loss 1.178e+00  global 4.581e-01  evt_align 1.132e+00
[12/04/26 04:06:51][src.callback.progress][INFO] - Epoch 42 step 8240/192: loss 1.211e+00  global 4.945e-01  evt_align 1.161e+00
[12/04/26 04:06:54][src.callback.progress][INFO] - Epoch 42: v_loss 1.799e+00  loss 1.248e+00  v_global 1.936e+00  global 4.940e-01  v_t2m/len 1530  v_t2m/R01 20.2%  v_t2m/R02 23.53%  v_t2m/R03 30.32%  v_t2m/R05 38.81%  v_t2m/R10 50.38%  v_t2m/MedR 10.0%  v_m2t/len 1530  v_m2t/R01 18.04%  v_m2t/R02 20.52%  v_m2t/R03 30.12%  v_m2t/R05 37.65%  v_m2t/R10 48.16%  v_m2t/MedR 11.5%
[12/04/26 04:06:57][src.callback.progress][INFO] - Epoch 43 step 8260/192: loss 1.268e+00  global 4.739e-01  evt_align 1.221e+00
[12/04/26 04:06:58][src.callback.progress][INFO] - Epoch 43 step 8280/192: loss 1.165e+00  global 4.593e-01  evt_align 1.119e+00
[12/04/26 04:06:59][src.callback.progress][INFO] - Epoch 43 step 8300/192: loss 1.191e+00  global 4.163e-01  evt_align 1.150e+00
[12/04/26 04:07:01][src.callback.progress][INFO] - Epoch 43 step 8320/192: loss 1.260e+00  global 4.891e-01  evt_align 1.211e+00
[12/04/26 04:07:02][src.callback.progress][INFO] - Epoch 43 step 8340/192: loss 1.195e+00  global 4.923e-01  evt_align 1.146e+00
[12/04/26 04:07:03][src.callback.progress][INFO] - Epoch 43 step 8360/192: loss 1.310e+00  global 5.693e-01  evt_align 1.253e+00
[12/04/26 04:07:05][src.callback.progress][INFO] - Epoch 43 step 8380/192: loss 1.236e+00  global 5.051e-01  evt_align 1.185e+00
[12/04/26 04:07:06][src.callback.progress][INFO] - Epoch 43 step 8400/192: loss 1.124e+00  global 5.611e-01  evt_align 1.068e+00
[12/04/26 04:07:07][src.callback.progress][INFO] - Epoch 43 step 8420/192: loss 1.239e+00  global 5.590e-01  evt_align 1.183e+00
[12/04/26 04:07:09][src.callback.progress][INFO] - Epoch 43 step 8440/192: loss 1.226e+00  global 4.656e-01  evt_align 1.179e+00
[12/04/26 04:07:11][src.callback.progress][INFO] - Epoch 43: v_loss 1.784e+00  loss 1.233e+00  v_global 1.935e+00  global 4.884e-01  v_t2m/len 1530  v_t2m/R01 16.86%  v_t2m/R02 21.3%  v_t2m/R03 29.79%  v_t2m/R05 38.95%  v_t2m/R10 51.9%  v_t2m/MedR 10.0%  v_m2t/len 1530  v_m2t/R01 17.84%  v_m2t/R02 20.06%  v_m2t/R03 28.81%  v_m2t/R05 37.52%  v_m2t/R10 47.11%  v_m2t/MedR 12.5%
[12/04/26 04:07:15][src.callback.progress][INFO] - Epoch 44 step 8460/192: loss 1.337e+00  global 5.234e-01  evt_align 1.285e+00
[12/04/26 04:07:17][src.callback.progress][INFO] - Epoch 44 step 8480/192: loss 1.163e+00  global 5.256e-01  evt_align 1.111e+00
[12/04/26 04:07:18][src.callback.progress][INFO] - Epoch 44 step 8500/192: loss 1.035e+00  global 4.706e-01  evt_align 9.883e-01
[12/04/26 04:07:20][src.callback.progress][INFO] - Epoch 44 step 8520/192: loss 1.202e+00  global 4.379e-01  evt_align 1.159e+00
[12/04/26 04:07:21][src.callback.progress][INFO] - Epoch 44 step 8540/192: loss 1.263e+00  global 6.236e-01  evt_align 1.200e+00
[12/04/26 04:07:22][src.callback.progress][INFO] - Epoch 44 step 8560/192: loss 1.223e+00  global 4.554e-01  evt_align 1.177e+00
[12/04/26 04:07:24][src.callback.progress][INFO] - Epoch 44 step 8580/192: loss 1.260e+00  global 4.339e-01  evt_align 1.217e+00
[12/04/26 04:07:25][src.callback.progress][INFO] - Epoch 44 step 8600/192: loss 1.236e+00  global 5.553e-01  evt_align 1.180e+00
[12/04/26 04:07:27][src.callback.progress][INFO] - Epoch 44 step 8620/192: loss 1.350e+00  global 4.331e-01  evt_align 1.306e+00
[12/04/26 04:07:29][src.callback.progress][INFO] - Epoch 44 step 8640/192: loss 1.104e+00  global 4.193e-01  evt_align 1.062e+00
[12/04/26 04:07:29][src.callback.progress][INFO] - Epoch 44: v_loss 1.768e+00  loss 1.252e+00  v_global 1.930e+00  global 4.964e-01  v_t2m/len 1530  v_t2m/R01 17.52%  v_t2m/R02 22.03%  v_t2m/R03 29.47%  v_t2m/R05 38.68%  v_t2m/R10 51.5%  v_t2m/MedR 10.0%  v_m2t/len 1530  v_m2t/R01 17.25%  v_m2t/R02 19.54%  v_m2t/R03 29.07%  v_m2t/R05 36.72%  v_m2t/R10 47.84%  v_m2t/MedR 12.0%
[12/04/26 04:07:34][src.callback.progress][INFO] - Epoch 45 step 8660/192: loss 1.173e+00  global 5.181e-01  evt_align 1.122e+00
[12/04/26 04:07:36][src.callback.progress][INFO] - Epoch 45 step 8680/192: loss 1.173e+00  global 4.549e-01  evt_align 1.127e+00
[12/04/26 04:07:37][src.callback.progress][INFO] - Epoch 45 step 8700/192: loss 1.232e+00  global 5.233e-01  evt_align 1.180e+00
[12/04/26 04:07:38][src.callback.progress][INFO] - Epoch 45 step 8720/192: loss 1.286e+00  global 5.877e-01  evt_align 1.227e+00
[12/04/26 04:07:40][src.callback.progress][INFO] - Epoch 45 step 8740/192: loss 1.409e+00  global 5.373e-01  evt_align 1.355e+00
[12/04/26 04:07:41][src.callback.progress][INFO] - Epoch 45 step 8760/192: loss 1.265e+00  global 5.613e-01  evt_align 1.209e+00
[12/04/26 04:07:43][src.callback.progress][INFO] - Epoch 45 step 8780/192: loss 1.229e+00  global 5.196e-01  evt_align 1.177e+00
[12/04/26 04:07:44][src.callback.progress][INFO] - Epoch 45 step 8800/192: loss 1.161e+00  global 4.524e-01  evt_align 1.116e+00
[12/04/26 04:07:45][src.callback.progress][INFO] - Epoch 45 step 8820/192: loss 1.254e+00  global 4.564e-01  evt_align 1.209e+00
[12/04/26 04:07:47][src.callback.progress][INFO] - Epoch 45: v_loss 1.774e+00  loss 1.244e+00  v_global 1.946e+00  global 4.998e-01  v_t2m/len 1530  v_t2m/R01 17.7%  v_t2m/R02 22.54%  v_t2m/R03 29.93%  v_t2m/R05 39.08%  v_t2m/R10 50.13%  v_t2m/MedR 10.0%  v_m2t/len 1530  v_m2t/R01 16.72%  v_m2t/R02 18.55%  v_m2t/R03 29.35%  v_m2t/R05 36.72%  v_m2t/R10 48.16%  v_m2t/MedR 12.0%
[12/04/26 04:07:53][src.callback.progress][INFO] - Epoch 46 step 8840/192: loss 1.227e+00  global 4.890e-01  evt_align 1.178e+00
[12/04/26 04:07:55][src.callback.progress][INFO] - Epoch 46 step 8860/192: loss 1.220e+00  global 4.563e-01  evt_align 1.174e+00
[12/04/26 04:07:56][src.callback.progress][INFO] - Epoch 46 step 8880/192: loss 1.290e+00  global 4.660e-01  evt_align 1.244e+00
[12/04/26 04:07:57][src.callback.progress][INFO] - Epoch 46 step 8900/192: loss 1.199e+00  global 4.599e-01  evt_align 1.153e+00
[12/04/26 04:07:58][src.callback.progress][INFO] - Epoch 46 step 8920/192: loss 1.290e+00  global 4.702e-01  evt_align 1.243e+00
[12/04/26 04:08:00][src.callback.progress][INFO] - Epoch 46 step 8940/192: loss 1.266e+00  global 4.534e-01  evt_align 1.220e+00
[12/04/26 04:08:01][src.callback.progress][INFO] - Epoch 46 step 8960/192: loss 1.181e+00  global 4.439e-01  evt_align 1.137e+00
[12/04/26 04:08:02][src.callback.progress][INFO] - Epoch 46 step 8980/192: loss 1.215e+00  global 5.406e-01  evt_align 1.161e+00
[12/04/26 04:08:04][src.callback.progress][INFO] - Epoch 46 step 9000/192: loss 1.291e+00  global 6.193e-01  evt_align 1.229e+00
[12/04/26 04:08:05][src.callback.progress][INFO] - Epoch 46 step 9020/192: loss 1.259e+00  global 5.371e-01  evt_align 1.206e+00
[12/04/26 04:08:06][src.callback.progress][INFO] - Epoch 46: v_loss 1.805e+00  loss 1.225e+00  v_global 1.999e+00  global 4.794e-01  v_t2m/len 1530  v_t2m/R01 18.1%  v_t2m/R02 22.75%  v_t2m/R03 30.38%  v_t2m/R05 37.18%  v_t2m/R10 49.4%  v_t2m/MedR 11.0%  v_m2t/len 1530  v_m2t/R01 17.12%  v_m2t/R02 19.07%  v_m2t/R03 30.0%  v_m2t/R05 36.93%  v_m2t/R10 47.31%  v_m2t/MedR 12.0%
[12/04/26 04:08:09][src.callback.progress][INFO] - Epoch 47 step 9040/192: loss 1.142e+00  global 4.147e-01  evt_align 1.100e+00
[12/04/26 04:08:10][src.callback.progress][INFO] - Epoch 47 step 9060/192: loss 1.158e+00  global 4.135e-01  evt_align 1.117e+00
[12/04/26 04:08:12][src.callback.progress][INFO] - Epoch 47 step 9080/192: loss 1.257e+00  global 4.184e-01  evt_align 1.215e+00
[12/04/26 04:08:13][src.callback.progress][INFO] - Epoch 47 step 9100/192: loss 1.367e+00  global 4.746e-01  evt_align 1.319e+00
[12/04/26 04:08:14][src.callback.progress][INFO] - Epoch 47 step 9120/192: loss 1.248e+00  global 5.381e-01  evt_align 1.194e+00
[12/04/26 04:08:15][src.callback.progress][INFO] - Epoch 47 step 9140/192: loss 1.111e+00  global 5.820e-01  evt_align 1.052e+00
[12/04/26 04:08:17][src.callback.progress][INFO] - Epoch 47 step 9160/192: loss 1.095e+00  global 5.158e-01  evt_align 1.043e+00
[12/04/26 04:08:18][src.callback.progress][INFO] - Epoch 47 step 9180/192: loss 1.238e+00  global 4.666e-01  evt_align 1.192e+00
[12/04/26 04:08:19][src.callback.progress][INFO] - Epoch 47 step 9200/192: loss 1.479e+00  global 5.258e-01  evt_align 1.427e+00
[12/04/26 04:08:21][src.callback.progress][INFO] - Epoch 47: v_loss 1.813e+00  loss 1.234e+00  v_global 1.958e+00  global 4.996e-01  v_t2m/len 1530  v_t2m/R01 17.64%  v_t2m/R02 22.29%  v_t2m/R03 30.12%  v_t2m/R05 37.7%  v_t2m/R10 51.56%  v_t2m/MedR 10.0%  v_m2t/len 1530  v_m2t/R01 17.12%  v_m2t/R02 19.47%  v_m2t/R03 28.69%  v_m2t/R05 35.81%  v_m2t/R10 47.52%  v_m2t/MedR 12.0%
[12/04/26 04:08:23][src.callback.progress][INFO] - Epoch 48 step 9220/192: loss 1.235e+00  global 4.215e-01  evt_align 1.192e+00
[12/04/26 04:08:25][src.callback.progress][INFO] - Epoch 48 step 9240/192: loss 1.354e+00  global 5.837e-01  evt_align 1.295e+00
[12/04/26 04:08:26][src.callback.progress][INFO] - Epoch 48 step 9260/192: loss 1.120e+00  global 4.831e-01  evt_align 1.072e+00
[12/04/26 04:08:27][src.callback.progress][INFO] - Epoch 48 step 9280/192: loss 1.142e+00  global 5.444e-01  evt_align 1.088e+00
[12/04/26 04:08:29][src.callback.progress][INFO] - Epoch 48 step 9300/192: loss 1.180e+00  global 3.903e-01  evt_align 1.141e+00
[12/04/26 04:08:30][src.callback.progress][INFO] - Epoch 48 step 9320/192: loss 1.323e+00  global 6.114e-01  evt_align 1.262e+00
[12/04/26 04:08:31][src.callback.progress][INFO] - Epoch 48 step 9340/192: loss 1.227e+00  global 5.174e-01  evt_align 1.175e+00
[12/04/26 04:08:32][src.callback.progress][INFO] - Epoch 48 step 9360/192: loss 1.226e+00  global 3.128e-01  evt_align 1.195e+00
[12/04/26 04:08:33][src.callback.progress][INFO] - Epoch 48 step 9380/192: loss 1.267e+00  global 4.920e-01  evt_align 1.218e+00
[12/04/26 04:08:35][src.callback.progress][INFO] - Epoch 48 step 9400/192: loss 1.228e+00  global 4.848e-01  evt_align 1.180e+00
[12/04/26 04:08:36][src.callback.progress][INFO] - Epoch 48: v_loss 1.775e+00  loss 1.228e+00  v_global 1.909e+00  global 4.921e-01  v_t2m/len 1530  v_t2m/R01 17.64%  v_t2m/R02 22.03%  v_t2m/R03 30.92%  v_t2m/R05 39.27%  v_t2m/R10 52.09%  v_t2m/MedR 9.0%  v_m2t/len 1530  v_m2t/R01 17.57%  v_m2t/R02 20.0%  v_m2t/R03 30.2%  v_m2t/R05 37.45%  v_m2t/R10 47.7%  v_m2t/MedR 11.5%
[12/04/26 04:08:39][src.callback.progress][INFO] - Epoch 49 step 9420/192: loss 1.296e+00  global 5.754e-01  evt_align 1.238e+00
[12/04/26 04:08:41][src.callback.progress][INFO] - Epoch 49 step 9440/192: loss 1.235e+00  global 4.752e-01  evt_align 1.187e+00
[12/04/26 04:08:42][src.callback.progress][INFO] - Epoch 49 step 9460/192: loss 1.192e+00  global 4.529e-01  evt_align 1.146e+00
[12/04/26 04:08:43][src.callback.progress][INFO] - Epoch 49 step 9480/192: loss 1.243e+00  global 5.415e-01  evt_align 1.189e+00
[12/04/26 04:08:44][src.callback.progress][INFO] - Epoch 49 step 9500/192: loss 1.267e+00  global 3.938e-01  evt_align 1.227e+00
[12/04/26 04:08:46][src.callback.progress][INFO] - Epoch 49 step 9520/192: loss 1.261e+00  global 4.578e-01  evt_align 1.215e+00
[12/04/26 04:08:47][src.callback.progress][INFO] - Epoch 49 step 9540/192: loss 1.281e+00  global 5.312e-01  evt_align 1.228e+00
[12/04/26 04:08:48][src.callback.progress][INFO] - Epoch 49 step 9560/192: loss 1.113e+00  global 4.632e-01  evt_align 1.067e+00
[12/04/26 04:08:49][src.callback.progress][INFO] - Epoch 49 step 9580/192: loss 1.128e+00  global 5.302e-01  evt_align 1.075e+00
[12/04/26 04:08:51][src.callback.progress][INFO] - Epoch 49 step 9600/192: loss 1.099e+00  global 4.391e-01  evt_align 1.055e+00
[12/04/26 04:08:51][src.callback.progress][INFO] - Epoch 49: v_loss 1.754e+00  loss 1.226e+00  v_global 1.901e+00  global 4.987e-01  v_t2m/len 1530  v_t2m/R01 17.57%  v_t2m/R02 21.04%  v_t2m/R03 28.81%  v_t2m/R05 38.95%  v_t2m/R10 51.95%  v_t2m/MedR 9.25%  v_m2t/len 1530  v_m2t/R01 17.45%  v_m2t/R02 20.12%  v_m2t/R03 30.26%  v_m2t/R05 37.7%  v_m2t/R10 48.04%  v_m2t/MedR 11.5%
[12/04/26 04:08:54][pytorch_lightning.utilities.rank_zero][INFO] - `Trainer.fit` stopped: `max_epochs=50` reached.
[12/04/26 04:08:54][src.callback.progress][INFO] - Training done
