[19/04/26 22:23:37][lightning_fabric.utilities.seed][INFO] - Seed set to 42
[19/04/26 22:23:37][__main__][INFO] - Loading the model
[19/04/26 22:23:38][src.model.tmr_d1][INFO] - Warm-start loaded 74/75 tensors into motion_encoder; skipped_shape=1 missing=1 unexpected=0
[19/04/26 22:23:38][src.model.tmr_d1][INFO] - Warm-start shape mismatches for motion_encoder (first 8): ['projection.weight: ckpt(256, 263) != model(256, 66)']
[19/04/26 22:23:38][src.model.tmr_d1][INFO] - Warm-start loaded 108/110 tensors into motion_decoder; skipped_shape=2 missing=2 unexpected=0
[19/04/26 22:23:38][src.model.tmr_d1][INFO] - Warm-start shape mismatches for motion_decoder (first 8): ['final_layer.weight: ckpt(263, 256) != model(66, 256)', 'final_layer.bias: ckpt(263,) != model(66,)']
[19/04/26 22:23:38][src.load][INFO] - The extracted model is not found. Split into submodules..
[19/04/26 22:23:38][src.load][INFO] -     event_proj_e loaded
[19/04/26 22:23:38][src.load][INFO] -     motion_decoder loaded
[19/04/26 22:23:38][src.load][INFO] -     text_encoder loaded
[19/04/26 22:23:38][src.load][INFO] -     event_proj_t loaded
[19/04/26 22:23:38][src.load][INFO] -     motion_encoder loaded
[19/04/26 22:23:38][src.load][INFO] - Loading previous checkpoint done
[19/04/26 22:23:38][src.load][INFO] - Put the model on cuda
[19/04/26 22:23:38][src.load][INFO] - Put the model in eval mode
[19/04/26 22:25:39][__main__][INFO] - Testing done, metrics saved in:
outputs/humanml3d_e_mp_smoke_train/tmr_d1/pos66/contrastive_metrics/normal.yaml
[19/04/26 22:25:41][__main__][INFO] - Testing done, metrics saved in:
outputs/humanml3d_e_mp_smoke_train/tmr_d1/pos66/contrastive_metrics/threshold_0.95.yaml
[19/04/26 22:25:46][__main__][INFO] - Testing done, metrics saved in:
outputs/humanml3d_e_mp_smoke_train/tmr_d1/pos66/contrastive_metrics/nsim.yaml
[19/04/26 22:26:18][__main__][INFO] - Testing done, metrics saved in:
outputs/humanml3d_e_mp_smoke_train/tmr_d1/pos66/contrastive_metrics/guo.yaml
